Archive member included to satisfy reference by file (symbol)

c:/st/stm32cubeide_1.0.2/stm32cubeide/plugins/com.st.stm32cube.ide.mcu.externaltools.gnu-tools-for-stm32.9-2020-q2-update.win32_2.0.0.202105311346/tools/bin/../lib/gcc/arm-none-eabi/9.3.1/../../../../arm-none-eabi/lib/thumb/v7e-m+fp/hard\libc_nano.a(lib_a-errno.o)
                              ./Core/Src/syscalls.o (__errno)
c:/st/stm32cubeide_1.0.2/stm32cubeide/plugins/com.st.stm32cube.ide.mcu.externaltools.gnu-tools-for-stm32.9-2020-q2-update.win32_2.0.0.202105311346/tools/bin/../lib/gcc/arm-none-eabi/9.3.1/../../../../arm-none-eabi/lib/thumb/v7e-m+fp/hard\libc_nano.a(lib_a-exit.o)
                              c:/st/stm32cubeide_1.0.2/stm32cubeide/plugins/com.st.stm32cube.ide.mcu.externaltools.gnu-tools-for-stm32.9-2020-q2-update.win32_2.0.0.202105311346/tools/bin/../lib/gcc/arm-none-eabi/9.3.1/../../../../arm-none-eabi/lib/thumb/v7e-m+fp/hard/crt0.o (exit)
c:/st/stm32cubeide_1.0.2/stm32cubeide/plugins/com.st.stm32cube.ide.mcu.externaltools.gnu-tools-for-stm32.9-2020-q2-update.win32_2.0.0.202105311346/tools/bin/../lib/gcc/arm-none-eabi/9.3.1/../../../../arm-none-eabi/lib/thumb/v7e-m+fp/hard\libc_nano.a(lib_a-impure.o)
                              c:/st/stm32cubeide_1.0.2/stm32cubeide/plugins/com.st.stm32cube.ide.mcu.externaltools.gnu-tools-for-stm32.9-2020-q2-update.win32_2.0.0.202105311346/tools/bin/../lib/gcc/arm-none-eabi/9.3.1/../../../../arm-none-eabi/lib/thumb/v7e-m+fp/hard\libc_nano.a(lib_a-exit.o) (_global_impure_ptr)
c:/st/stm32cubeide_1.0.2/stm32cubeide/plugins/com.st.stm32cube.ide.mcu.externaltools.gnu-tools-for-stm32.9-2020-q2-update.win32_2.0.0.202105311346/tools/bin/../lib/gcc/arm-none-eabi/9.3.1/../../../../arm-none-eabi/lib/thumb/v7e-m+fp/hard\libc_nano.a(lib_a-init.o)
                              c:/st/stm32cubeide_1.0.2/stm32cubeide/plugins/com.st.stm32cube.ide.mcu.externaltools.gnu-tools-for-stm32.9-2020-q2-update.win32_2.0.0.202105311346/tools/bin/../lib/gcc/arm-none-eabi/9.3.1/../../../../arm-none-eabi/lib/thumb/v7e-m+fp/hard/crt0.o (__libc_init_array)
c:/st/stm32cubeide_1.0.2/stm32cubeide/plugins/com.st.stm32cube.ide.mcu.externaltools.gnu-tools-for-stm32.9-2020-q2-update.win32_2.0.0.202105311346/tools/bin/../lib/gcc/arm-none-eabi/9.3.1/../../../../arm-none-eabi/lib/thumb/v7e-m+fp/hard\libc_nano.a(lib_a-memcpy-stub.o)
                              ./Core/Src/iis3dwb_app.o (memcpy)
c:/st/stm32cubeide_1.0.2/stm32cubeide/plugins/com.st.stm32cube.ide.mcu.externaltools.gnu-tools-for-stm32.9-2020-q2-update.win32_2.0.0.202105311346/tools/bin/../lib/gcc/arm-none-eabi/9.3.1/../../../../arm-none-eabi/lib/thumb/v7e-m+fp/hard\libc_nano.a(lib_a-memset.o)
                              c:/st/stm32cubeide_1.0.2/stm32cubeide/plugins/com.st.stm32cube.ide.mcu.externaltools.gnu-tools-for-stm32.9-2020-q2-update.win32_2.0.0.202105311346/tools/bin/../lib/gcc/arm-none-eabi/9.3.1/../../../../arm-none-eabi/lib/thumb/v7e-m+fp/hard/crt0.o (memset)
c:/st/stm32cubeide_1.0.2/stm32cubeide/plugins/com.st.stm32cube.ide.mcu.externaltools.gnu-tools-for-stm32.9-2020-q2-update.win32_2.0.0.202105311346/tools/bin/../lib/gcc/arm-none-eabi/9.3.1/../../../../arm-none-eabi/lib/thumb/v7e-m+fp/hard\libm.a(lib_a-w_pow.o)
                              ./Core/Src/format.o (pow)
c:/st/stm32cubeide_1.0.2/stm32cubeide/plugins/com.st.stm32cube.ide.mcu.externaltools.gnu-tools-for-stm32.9-2020-q2-update.win32_2.0.0.202105311346/tools/bin/../lib/gcc/arm-none-eabi/9.3.1/../../../../arm-none-eabi/lib/thumb/v7e-m+fp/hard\libm.a(lib_a-e_pow.o)
                              c:/st/stm32cubeide_1.0.2/stm32cubeide/plugins/com.st.stm32cube.ide.mcu.externaltools.gnu-tools-for-stm32.9-2020-q2-update.win32_2.0.0.202105311346/tools/bin/../lib/gcc/arm-none-eabi/9.3.1/../../../../arm-none-eabi/lib/thumb/v7e-m+fp/hard\libm.a(lib_a-w_pow.o) (__ieee754_pow)
c:/st/stm32cubeide_1.0.2/stm32cubeide/plugins/com.st.stm32cube.ide.mcu.externaltools.gnu-tools-for-stm32.9-2020-q2-update.win32_2.0.0.202105311346/tools/bin/../lib/gcc/arm-none-eabi/9.3.1/../../../../arm-none-eabi/lib/thumb/v7e-m+fp/hard\libm.a(lib_a-e_sqrt.o)
                              c:/st/stm32cubeide_1.0.2/stm32cubeide/plugins/com.st.stm32cube.ide.mcu.externaltools.gnu-tools-for-stm32.9-2020-q2-update.win32_2.0.0.202105311346/tools/bin/../lib/gcc/arm-none-eabi/9.3.1/../../../../arm-none-eabi/lib/thumb/v7e-m+fp/hard\libm.a(lib_a-e_pow.o) (__ieee754_sqrt)
c:/st/stm32cubeide_1.0.2/stm32cubeide/plugins/com.st.stm32cube.ide.mcu.externaltools.gnu-tools-for-stm32.9-2020-q2-update.win32_2.0.0.202105311346/tools/bin/../lib/gcc/arm-none-eabi/9.3.1/../../../../arm-none-eabi/lib/thumb/v7e-m+fp/hard\libm.a(lib_a-s_fabs.o)
                              c:/st/stm32cubeide_1.0.2/stm32cubeide/plugins/com.st.stm32cube.ide.mcu.externaltools.gnu-tools-for-stm32.9-2020-q2-update.win32_2.0.0.202105311346/tools/bin/../lib/gcc/arm-none-eabi/9.3.1/../../../../arm-none-eabi/lib/thumb/v7e-m+fp/hard\libm.a(lib_a-e_pow.o) (fabs)
[...]
Memory Configuration

Name             Origin             Length             Attributes
RAM              0x0000000020000000 0x00000000000a0000 xrw
FLASH            0x0000000008000000 0x0000000000200000 xr
*default*        0x0000000000000000 0xffffffffffffffff

Linker script and memory map

LOAD c:/st/stm32cubeide_1.0.2/stm32cubeide/plugins/com.st.stm32cube.ide.mcu.externaltools.gnu-tools-for-stm32.9-2020-q2-update.win32_2.0.0.202105311346/tools/bin/../lib/gcc/arm-none-eabi/9.3.1/thumb/v7e-m+fp/hard/crti.o
LOAD c:/st/stm32cubeide_1.0.2/stm32cubeide/plugins/com.st.stm32cube.ide.mcu.externaltools.gnu-tools-for-stm32.9-2020-q2-update.win32_2.0.0.202105311346/tools/bin/../lib/gcc/arm-none-eabi/9.3.1/thumb/v7e-m+fp/hard/crtbegin.o
LOAD c:/st/stm32cubeide_1.0.2/stm32cubeide/plugins/com.st.stm32cube.ide.mcu.externaltools.gnu-tools-for-stm32.9-2020-q2-update.win32_2.0.0.202105311346/tools/bin/../lib/gcc/arm-none-eabi/9.3.1/../../../../arm-none-eabi/lib/thumb/v7e-m+fp/hard/crt0.o
LOAD ./Core/Src/format.o
LOAD ./Core/Src/iis3dwb.o
LOAD ./Core/Src/iis3dwb_app.o
LOAD ./Core/Src/iis3dwb_reg.o
LOAD ./Core/Src/iis3dwb_st.o
LOAD ./Core/Src/main.o
LOAD ./Core/Src/stm32l4xx_hal_msp.o
LOAD ./Core/Src/stm32l4xx_it.o
LOAD ./Core/Src/syscalls.o
LOAD ./Core/Src/sysmem.o
LOAD ./Core/Src/system_stm32l4xx.o
LOAD ./Core/Startup/startup_stm32l4r9zijx.o
LOAD ./Drivers/STM32L4xx_HAL_Driver/Src/stm32l4xx_hal.o
LOAD ./Drivers/STM32L4xx_HAL_Driver/Src/stm32l4xx_hal_cortex.o
LOAD ./Drivers/STM32L4xx_HAL_Driver/Src/stm32l4xx_hal_dma.o
LOAD ./Drivers/STM32L4xx_HAL_Driver/Src/stm32l4xx_hal_dma_ex.o
LOAD ./Drivers/STM32L4xx_HAL_Driver/Src/stm32l4xx_hal_exti.o
LOAD ./Drivers/STM32L4xx_HAL_Driver/Src/stm32l4xx_hal_flash.o
LOAD ./Drivers/STM32L4xx_HAL_Driver/Src/stm32l4xx_hal_flash_ex.o
LOAD ./Drivers/STM32L4xx_HAL_Driver/Src/stm32l4xx_hal_flash_ramfunc.o
LOAD ./Drivers/STM32L4xx_HAL_Driver/Src/stm32l4xx_hal_gpio.o
LOAD ./Drivers/STM32L4xx_HAL_Driver/Src/stm32l4xx_hal_i2c.o
LOAD ./Drivers/STM32L4xx_HAL_Driver/Src/stm32l4xx_hal_i2c_ex.o
LOAD ./Drivers/STM32L4xx_HAL_Driver/Src/stm32l4xx_hal_pwr.o
LOAD ./Drivers/STM32L4xx_HAL_Driver/Src/stm32l4xx_hal_pwr_ex.o
LOAD ./Drivers/STM32L4xx_HAL_Driver/Src/stm32l4xx_hal_rcc.o
LOAD ./Drivers/STM32L4xx_HAL_Driver/Src/stm32l4xx_hal_rcc_ex.o
LOAD ./Drivers/STM32L4xx_HAL_Driver/Src/stm32l4xx_hal_spi.o
LOAD ./Drivers/STM32L4xx_HAL_Driver/Src/stm32l4xx_hal_spi_ex.o
LOAD ./Drivers/STM32L4xx_HAL_Driver/Src/stm32l4xx_hal_tim.o
LOAD ./Drivers/STM32L4xx_HAL_Driver/Src/stm32l4xx_hal_tim_ex.o
LOAD ./Drivers/STM32L4xx_HAL_Driver/Src/stm32l4xx_hal_uart.o
LOAD ./Drivers/STM32L4xx_HAL_Driver/Src/stm32l4xx_hal_uart_ex.o
START GROUP
LOAD c:/st/stm32cubeide_1.0.2/stm32cubeide/plugins/com.st.stm32cube.ide.mcu.externaltools.gnu-tools-for-stm32.9-2020-q2-update.win32_2.0.0.202105311346/tools/bin/../lib/gcc/arm-none-eabi/9.3.1/../../../../arm-none-eabi/lib/thumb/v7e-m+fp/hard\libc_nano.a
LOAD c:/st/stm32cubeide_1.0.2/stm32cubeide/plugins/com.st.stm32cube.ide.mcu.externaltools.gnu-tools-for-stm32.9-2020-q2-update.win32_2.0.0.202105311346/tools/bin/../lib/gcc/arm-none-eabi/9.3.1/../../../../arm-none-eabi/lib/thumb/v7e-m+fp/hard\libm.a
END GROUP
START GROUP
LOAD c:/st/stm32cubeide_1.0.2/stm32cubeide/plugins/com.st.stm32cube.ide.mcu.externaltools.gnu-tools-for-stm32.9-2020-q2-update.win32_2.0.0.202105311346/tools/bin/../lib/gcc/arm-none-eabi/9.3.1/thumb/v7e-m+fp/hard\libgcc.a
LOAD c:/st/stm32cubeide_1.0.2/stm32cubeide/plugins/com.st.stm32cube.ide.mcu.externaltools.gnu-tools-for-stm32.9-2020-q2-update.win32_2.0.0.202105311346/tools/bin/../lib/gcc/arm-none-eabi/9.3.1/../../../../arm-none-eabi/lib/thumb/v7e-m+fp/hard\libc_nano.a
END GROUP
START GROUP
LOAD c:/st/stm32cubeide_1.0.2/stm32cubeide/plugins/com.st.stm32cube.ide.mcu.externaltools.gnu-tools-for-stm32.9-2020-q2-update.win32_2.0.0.202105311346/tools/bin/../lib/gcc/arm-none-eabi/9.3.1/thumb/v7e-m+fp/hard\libgcc.a
LOAD c:/st/stm32cubeide_1.0.2/stm32cubeide/plugins/com.st.stm32cube.ide.mcu.externaltools.gnu-tools-for-stm32.9-2020-q2-update.win32_2.0.0.202105311346/tools/bin/../lib/gcc/arm-none-eabi/9.3.1/../../../../arm-none-eabi/lib/thumb/v7e-m+fp/hard\libc_nano.a
LOAD c:/st/stm32cubeide_1.0.2/stm32cubeide/plugins/com.st.stm32cube.ide.mcu.externaltools.gnu-tools-for-stm32.9-2020-q2-update.win32_2.0.0.202105311346/tools/bin/../lib/gcc/arm-none-eabi/9.3.1/../../../../arm-none-eabi/lib/thumb/v7e-m+fp/hard\libnosys.a
END GROUP
START GROUP
LOAD c:/st/stm32cubeide_1.0.2/stm32cubeide/plugins/com.st.stm32cube.ide.mcu.externaltools.gnu-tools-for-stm32.9-2020-q2-update.win32_2.0.0.202105311346/tools/bin/../lib/gcc/arm-none-eabi/9.3.1/thumb/v7e-m+fp/hard\libgcc.a
LOAD c:/st/stm32cubeide_1.0.2/stm32cubeide/plugins/com.st.stm32cube.ide.mcu.externaltools.gnu-tools-for-stm32.9-2020-q2-update.win32_2.0.0.202105311346/tools/bin/../lib/gcc/arm-none-eabi/9.3.1/../../../../arm-none-eabi/lib/thumb/v7e-m+fp/hard\libc_nano.a
LOAD c:/st/stm32cubeide_1.0.2/stm32cubeide/plugins/com.st.stm32cube.ide.mcu.externaltools.gnu-tools-for-stm32.9-2020-q2-update.win32_2.0.0.202105311346/tools/bin/../lib/gcc/arm-none-eabi/9.3.1/../../../../arm-none-eabi/lib/thumb/v7e-m+fp/hard\libnosys.a
END GROUP
LOAD c:/st/stm32cubeide_1.0.2/stm32cubeide/plugins/com.st.stm32cube.ide.mcu.externaltools.gnu-tools-for-stm32.9-2020-q2-update.win32_2.0.0.202105311346/tools/bin/../lib/gcc/arm-none-eabi/9.3.1/thumb/v7e-m+fp/hard/crtend.o
LOAD c:/st/stm32cubeide_1.0.2/stm32cubeide/plugins/com.st.stm32cube.ide.mcu.externaltools.gnu-tools-for-stm32.9-2020-q2-update.win32_2.0.0.202105311346/tools/bin/../lib/gcc/arm-none-eabi/9.3.1/thumb/v7e-m+fp/hard/crtn.o
                0x00000000200a0000                _estack = (ORIGIN (RAM) + LENGTH (RAM))
                0x0000000000000200                _Min_Heap_Size = 0x200
                0x0000000000000400                _Min_Stack_Size = 0x400

.isr_vector     0x0000000008000000      0x1bc
                0x0000000008000000                . = ALIGN (0x4)
 *(.isr_vector)
 .isr_vector    0x0000000008000000      0x1bc ./Core/Startup/startup_stm32l4r9zijx.o
                0x0000000008000000                g_pfnVectors
                0x00000000080001bc                . = ALIGN (0x4)

.text           0x00000000080001bc     0x58d8
                0x00000000080001bc                . = ALIGN (0x4)
 *(.text)
 .text          0x00000000080001bc       0x40 c:/st/stm32cubeide_1.0.2/stm32cubeide/plugins/com.st.stm32cube.ide.mcu.externaltools.gnu-tools-for-stm32.9-2020-q2-update.win32_2.0.0.202105311346/tools/bin/../lib/gcc/arm-none-eabi/9.3.1/thumb/v7e-m+fp/hard/crtbegin.o
 .text          0x00000000080001fc       0x30 c:/st/stm32cubeide_1.0.2/stm32cubeide/plugins/com.st.stm32cube.ide.mcu.externaltools.gnu-tools-for-stm32.9-2020-q2-update.win32_2.0.0.202105311346/tools/bin/../lib/gcc/arm-none-eabi/9.3.1/thumb/v7e-m+fp/hard\libgcc.a(_aeabi_uldivmod.o)
                0x00000000080001fc                __aeabi_uldivmod
 .text          0x000000000800022c      0x2c4 c:/st/stm32cubeide_1.0.2/stm32cubeide/plugins/com.st.stm32cube.ide.mcu.externaltools.gnu-tools-for-stm32.9-2020-q2-update.win32_2.0.0.202105311346/tools/bin/../lib/gcc/arm-none-eabi/9.3.1/thumb/v7e-m+fp/hard\libgcc.a(_udivmoddi4.o)
                0x000000000800022c                __udivmoddi4
 .text          0x00000000080004f0        0x4 c:/st/stm32cubeide_1.0.2/stm32cubeide/plugins/com.st.stm32cube.ide.mcu.externaltools.gnu-tools-for-stm32.9-2020-q2-update.win32_2.0.0.202105311346/tools/bin/../lib/gcc/arm-none-eabi/9.3.1/thumb/v7e-m+fp/hard\libgcc.a(_dvmd_tls.o)
                0x00000000080004f0                __aeabi_idiv0
                0x00000000080004f0                __aeabi_ldiv0
 *(.text*)
 .text.IIS3DWB_READ_REG
                0x00000000080004f4       0x6c ./Core/Src/iis3dwb.o
                0x00000000080004f4                IIS3DWB_READ_REG
 .text.IIS3DWB_WRITE_REG
                0x0000000008000560       0x5c ./Core/Src/iis3dwb.o
                0x0000000008000560                IIS3DWB_WRITE_REG
 .text.IIS3DWB_CS_HIGH
                0x00000000080005bc       0x20 ./Core/Src/iis3dwb.o
                0x00000000080005bc                IIS3DWB_CS_HIGH
 .text.IIS3DWB_CS_LOW
                0x00000000080005dc       0x20 ./Core/Src/iis3dwb.o
                0x00000000080005dc                IIS3DWB_CS_LOW
 .text.IIS3DWB_SET_CONFIG
                0x00000000080005fc       0xec ./Core/Src/iis3dwb_app.o
 .text.IIS3DWB_Int_Measure
                0x00000000080006e8      0x140 ./Core/Src/iis3dwb_app.o
                0x00000000080006e8                IIS3DWB_Int_Measure
 .text.IIS3DWB_INIT
                0x0000000008000828       0x4c ./Core/Src/iis3dwb_app.o
                0x0000000008000828                IIS3DWB_INIT
 .text.iis3dwb_read_reg
                0x0000000008000874       0x30 ./Core/Src/iis3dwb_reg.o
                0x0000000008000874                iis3dwb_read_reg
 .text.iis3dwb_write_reg
                0x00000000080008a4       0x30 ./Core/Src/iis3dwb_reg.o
                0x00000000080008a4                iis3dwb_write_reg
 .text.iis3dwb_xl_full_scale_set
                0x00000000080008d4       0x4c ./Core/Src/iis3dwb_reg.o
                0x00000000080008d4                iis3dwb_xl_full_scale_set
 .text.iis3dwb_xl_axis_selection_set
                0x0000000008000920       0x8a ./Core/Src/iis3dwb_reg.o
                0x0000000008000920                iis3dwb_xl_axis_selection_set
 .text.iis3dwb_data_ready_mode_set
                0x00000000080009aa       0x4c ./Core/Src/iis3dwb_reg.o
                0x00000000080009aa                iis3dwb_data_ready_mode_set
 .text.iis3dwb_device_id_get
                0x00000000080009f6       0x22 ./Core/Src/iis3dwb_reg.o
                0x00000000080009f6                iis3dwb_device_id_get
 .text.iis3dwb_reset_set
                0x0000000008000a18       0x4c ./Core/Src/iis3dwb_reg.o
                0x0000000008000a18                iis3dwb_reset_set
 .text.iis3dwb_reset_get
                0x0000000008000a64       0x32 ./Core/Src/iis3dwb_reg.o
                0x0000000008000a64                iis3dwb_reset_get
 .text.iis3dwb_xl_hp_path_on_out_set
                0x0000000008000a96       0xb0 ./Core/Src/iis3dwb_reg.o
                0x0000000008000a96                iis3dwb_xl_hp_path_on_out_set
 .text.iis3dwb_i2c_interface_set
                0x0000000008000b46       0x4c ./Core/Src/iis3dwb_reg.o
                0x0000000008000b46                iis3dwb_i2c_interface_set
 .text.iis3dwb_pin_int1_route_set
                0x0000000008000b92       0x38 ./Core/Src/iis3dwb_reg.o
                0x0000000008000b92                iis3dwb_pin_int1_route_set
 .text.iis3dwb_fifo_watermark_set
                0x0000000008000bca       0x6c ./Core/Src/iis3dwb_reg.o
                0x0000000008000bca                iis3dwb_fifo_watermark_set
 .text.iis3dwb_fifo_xl_batch_set
                0x0000000008000c36       0x4c ./Core/Src/iis3dwb_reg.o
                0x0000000008000c36                iis3dwb_fifo_xl_batch_set
 .text.iis3dwb_fifo_mode_set
                0x0000000008000c82       0x4c ./Core/Src/iis3dwb_reg.o
                0x0000000008000c82                iis3dwb_fifo_mode_set
 *fill*         0x0000000008000cce        0x2 
 .text.main     0x0000000008000cd0       0x70 ./Core/Src/main.o
                0x0000000008000cd0                main
 .text.SystemClock_Config
                0x0000000008000d40       0xa4 ./Core/Src/main.o
                0x0000000008000d40                SystemClock_Config
 .text.MX_SPI2_Init
                0x0000000008000de4       0x7c ./Core/Src/main.o
 .text.MX_TIM17_Init
                0x0000000008000e60       0x4c ./Core/Src/main.o
 .text.MX_USART2_UART_Init
                0x0000000008000eac       0x98 ./Core/Src/main.o
 .text.MX_DMA_Init
                0x0000000008000f44       0x54 ./Core/Src/main.o
 .text.MX_GPIO_Init
                0x0000000008000f98      0x18c ./Core/Src/main.o
 .text.HAL_TIM_PeriodElapsedCallback
                0x0000000008001124       0x14 ./Core/Src/main.o
                0x0000000008001124                HAL_TIM_PeriodElapsedCallback
 .text.HAL_GPIO_EXTI_Callback
                0x0000000008001138       0x28 ./Core/Src/main.o
                0x0000000008001138                HAL_GPIO_EXTI_Callback
 .text.Error_Handler
                0x0000000008001160        0xa ./Core/Src/main.o
                0x0000000008001160                Error_Handler
 *fill*         0x000000000800116a        0x2 
 .text.HAL_MspInit
                0x000000000800116c       0x48 ./Core/Src/stm32l4xx_hal_msp.o
                0x000000000800116c                HAL_MspInit
 .text.HAL_SPI_MspInit
                0x00000000080011b4      0x11c ./Core/Src/stm32l4xx_hal_msp.o
                0x00000000080011b4                HAL_SPI_MspInit
 .text.HAL_TIM_Base_MspInit
                0x00000000080012d0       0x4c ./Core/Src/stm32l4xx_hal_msp.o
                0x00000000080012d0                HAL_TIM_Base_MspInit
 .text.HAL_UART_MspInit
                0x000000000800131c       0xbc ./Core/Src/stm32l4xx_hal_msp.o
                0x000000000800131c                HAL_UART_MspInit
 .text.NMI_Handler
                0x00000000080013d8        0x6 ./Core/Src/stm32l4xx_it.o
                0x00000000080013d8                NMI_Handler
 .text.HardFault_Handler
                0x00000000080013de        0x6 ./Core/Src/stm32l4xx_it.o
                0x00000000080013de                HardFault_Handler
 .text.MemManage_Handler
                0x00000000080013e4        0x6 ./Core/Src/stm32l4xx_it.o
                0x00000000080013e4                MemManage_Handler
 .text.BusFault_Handler
                0x00000000080013ea        0x6 ./Core/Src/stm32l4xx_it.o
                0x00000000080013ea                BusFault_Handler
 .text.UsageFault_Handler
                0x00000000080013f0        0x6 ./Core/Src/stm32l4xx_it.o
                0x00000000080013f0                UsageFault_Handler
 .text.SVC_Handler
                0x00000000080013f6        0xe ./Core/Src/stm32l4xx_it.o
                0x00000000080013f6                SVC_Handler
 .text.DebugMon_Handler
                0x0000000008001404        0xe ./Core/Src/stm32l4xx_it.o
                0x0000000008001404                DebugMon_Handler
 .text.PendSV_Handler
                0x0000000008001412        0xe ./Core/Src/stm32l4xx_it.o
                0x0000000008001412                PendSV_Handler
 .text.SysTick_Handler
                0x0000000008001420        0xc ./Core/Src/stm32l4xx_it.o
                0x0000000008001420                SysTick_Handler
 .text.DMA1_Channel1_IRQHandler
                0x000000000800142c       0x14 ./Core/Src/stm32l4xx_it.o
                0x000000000800142c                DMA1_Channel1_IRQHandler
 .text.EXTI9_5_IRQHandler
                0x0000000008001440        0xe ./Core/Src/stm32l4xx_it.o
                0x0000000008001440                EXTI9_5_IRQHandler
 *fill*         0x000000000800144e        0x2 
 .text.TIM1_TRG_COM_TIM17_IRQHandler
                0x0000000008001450       0x14 ./Core/Src/stm32l4xx_it.o
                0x0000000008001450                TIM1_TRG_COM_TIM17_IRQHandler
 .text.SystemInit
                0x0000000008001464       0x64 ./Core/Src/system_stm32l4xx.o
                0x0000000008001464                SystemInit
 .text.Reset_Handler
                0x00000000080014c8       0x50 ./Core/Startup/startup_stm32l4r9zijx.o
                0x00000000080014c8                Reset_Handler
 .text.Default_Handler
                0x0000000008001518        0x2 ./Core/Startup/startup_stm32l4r9zijx.o
                0x0000000008001518                RTC_Alarm_IRQHandler
                0x0000000008001518                EXTI2_IRQHandler
                0x0000000008001518                TIM8_TRG_COM_IRQHandler
                0x0000000008001518                TIM8_CC_IRQHandler
                0x0000000008001518                TIM1_CC_IRQHandler
                0x0000000008001518                TSC_IRQHandler
                0x0000000008001518                TAMP_STAMP_IRQHandler
                0x0000000008001518                EXTI3_IRQHandler
                0x0000000008001518                LPTIM2_IRQHandler
                0x0000000008001518                DFSDM1_FLT1_IRQHandler
                0x0000000008001518                GFXMMU_IRQHandler
                0x0000000008001518                I2C3_ER_IRQHandler
                0x0000000008001518                DFSDM1_FLT2_IRQHandler
                0x0000000008001518                EXTI0_IRQHandler
                0x0000000008001518                I2C2_EV_IRQHandler
                0x0000000008001518                CAN1_RX0_IRQHandler
                0x0000000008001518                FPU_IRQHandler
                0x0000000008001518                TIM1_UP_TIM16_IRQHandler
                0x0000000008001518                LTDC_ER_IRQHandler
                0x0000000008001518                SPI1_IRQHandler
                0x0000000008001518                OCTOSPI1_IRQHandler
                0x0000000008001518                TIM6_DAC_IRQHandler
                0x0000000008001518                DCMI_IRQHandler
                0x0000000008001518                TIM8_UP_IRQHandler
                0x0000000008001518                OCTOSPI2_IRQHandler
                0x0000000008001518                DMA2_Channel2_IRQHandler
                0x0000000008001518                DMA1_Channel4_IRQHandler
                0x0000000008001518                SAI2_IRQHandler
                0x0000000008001518                ADC1_IRQHandler
                0x0000000008001518                DFSDM1_FLT3_IRQHandler
                0x0000000008001518                USART3_IRQHandler
                0x0000000008001518                DMA1_Channel7_IRQHandler
                0x0000000008001518                CAN1_RX1_IRQHandler
                0x0000000008001518                UART5_IRQHandler
                0x0000000008001518                TIM4_IRQHandler
                0x0000000008001518                DMA2_Channel1_IRQHandler
                0x0000000008001518                I2C1_EV_IRQHandler
                0x0000000008001518                DMAMUX1_OVR_IRQHandler
                0x0000000008001518                DMA1_Channel6_IRQHandler
                0x0000000008001518                UART4_IRQHandler
                0x0000000008001518                DMA2_Channel4_IRQHandler
                0x0000000008001518                TIM3_IRQHandler
                0x0000000008001518                RCC_IRQHandler
                0x0000000008001518                Default_Handler
                0x0000000008001518                DMA2_Channel7_IRQHandler
                0x0000000008001518                EXTI15_10_IRQHandler
                0x0000000008001518                TIM7_IRQHandler
                0x0000000008001518                SDMMC1_IRQHandler
                0x0000000008001518                TIM5_IRQHandler
                0x0000000008001518                I2C3_EV_IRQHandler
                0x0000000008001518                RTC_WKUP_IRQHandler
                0x0000000008001518                LTDC_IRQHandler
                0x0000000008001518                PVD_PVM_IRQHandler
                0x0000000008001518                SPI2_IRQHandler
                0x0000000008001518                CAN1_TX_IRQHandler
                0x0000000008001518                DMA2_Channel5_IRQHandler
                0x0000000008001518                CRS_IRQHandler
                0x0000000008001518                DMA1_Channel5_IRQHandler
                0x0000000008001518                EXTI4_IRQHandler
                0x0000000008001518                RNG_IRQHandler
                0x0000000008001518                DMA1_Channel3_IRQHandler
                0x0000000008001518                COMP_IRQHandler
                0x0000000008001518                DSI_IRQHandler
                0x0000000008001518                WWDG_IRQHandler
                0x0000000008001518                I2C4_EV_IRQHandler
                0x0000000008001518                LPUART1_IRQHandler
                0x0000000008001518                DMA2_Channel6_IRQHandler
                0x0000000008001518                TIM2_IRQHandler
                0x0000000008001518                DMA2D_IRQHandler
                0x0000000008001518                EXTI1_IRQHandler
                0x0000000008001518                USART2_IRQHandler
                0x0000000008001518                DFSDM1_FLT0_IRQHandler
                0x0000000008001518                I2C2_ER_IRQHandler
                0x0000000008001518                DMA1_Channel2_IRQHandler
                0x0000000008001518                TIM8_BRK_IRQHandler
                0x0000000008001518                CAN1_SCE_IRQHandler
                0x0000000008001518                FLASH_IRQHandler
                0x0000000008001518                USART1_IRQHandler
                0x0000000008001518                OTG_FS_IRQHandler
                0x0000000008001518                SPI3_IRQHandler
                0x0000000008001518                I2C1_ER_IRQHandler
                0x0000000008001518                FMC_IRQHandler
                0x0000000008001518                LPTIM1_IRQHandler
                0x0000000008001518                I2C4_ER_IRQHandler
                0x0000000008001518                SAI1_IRQHandler
                0x0000000008001518                DMA2_Channel3_IRQHandler
                0x0000000008001518                TIM1_BRK_TIM15_IRQHandler
 .text.HAL_Init
                0x000000000800151a       0x30 ./Drivers/STM32L4xx_HAL_Driver/Src/stm32l4xx_hal.o
                0x000000000800151a                HAL_Init
 *fill*         0x000000000800154a        0x2 
 .text.HAL_InitTick
                0x000000000800154c       0x78 ./Drivers/STM32L4xx_HAL_Driver/Src/stm32l4xx_hal.o
                0x000000000800154c                HAL_InitTick
 .text.HAL_IncTick
                0x00000000080015c4       0x28 ./Drivers/STM32L4xx_HAL_Driver/Src/stm32l4xx_hal.o
                0x00000000080015c4                HAL_IncTick
 .text.HAL_GetTick
                0x00000000080015ec       0x18 ./Drivers/STM32L4xx_HAL_Driver/Src/stm32l4xx_hal.o
                0x00000000080015ec                HAL_GetTick
 .text.HAL_Delay
                0x0000000008001604       0x48 ./Drivers/STM32L4xx_HAL_Driver/Src/stm32l4xx_hal.o
                0x0000000008001604                HAL_Delay
 .text.__NVIC_SetPriorityGrouping
                0x000000000800164c       0x48 ./Drivers/STM32L4xx_HAL_Driver/Src/stm32l4xx_hal_cortex.o
 .text.__NVIC_GetPriorityGrouping
                0x0000000008001694       0x1c ./Drivers/STM32L4xx_HAL_Driver/Src/stm32l4xx_hal_cortex.o
 .text.__NVIC_EnableIRQ
                0x00000000080016b0       0x3c ./Drivers/STM32L4xx_HAL_Driver/Src/stm32l4xx_hal_cortex.o
 .text.__NVIC_SetPriority
                0x00000000080016ec       0x54 ./Drivers/STM32L4xx_HAL_Driver/Src/stm32l4xx_hal_cortex.o
 .text.NVIC_EncodePriority
                0x0000000008001740       0x66 ./Drivers/STM32L4xx_HAL_Driver/Src/stm32l4xx_hal_cortex.o
 *fill*         0x00000000080017a6        0x2 
 .text.SysTick_Config
                0x00000000080017a8       0x44 ./Drivers/STM32L4xx_HAL_Driver/Src/stm32l4xx_hal_cortex.o
 .text.HAL_NVIC_SetPriorityGrouping
                0x00000000080017ec       0x16 ./Drivers/STM32L4xx_HAL_Driver/Src/stm32l4xx_hal_cortex.o
                0x00000000080017ec                HAL_NVIC_SetPriorityGrouping
 .text.HAL_NVIC_SetPriority
                0x0000000008001802       0x38 ./Drivers/STM32L4xx_HAL_Driver/Src/stm32l4xx_hal_cortex.o
                0x0000000008001802                HAL_NVIC_SetPriority
 .text.HAL_NVIC_EnableIRQ
                0x000000000800183a       0x1c ./Drivers/STM32L4xx_HAL_Driver/Src/stm32l4xx_hal_cortex.o
                0x000000000800183a                HAL_NVIC_EnableIRQ
 .text.HAL_SYSTICK_Config
                0x0000000008001856       0x18 ./Drivers/STM32L4xx_HAL_Driver/Src/stm32l4xx_hal_cortex.o
                0x0000000008001856                HAL_SYSTICK_Config
 *fill*         0x000000000800186e        0x2 
 .text.HAL_DMA_Init
                0x0000000008001870      0x150 ./Drivers/STM32L4xx_HAL_Driver/Src/stm32l4xx_hal_dma.o
                0x0000000008001870                HAL_DMA_Init
 .text.HAL_DMA_IRQHandler
                0x00000000080019c0      0x15e ./Drivers/STM32L4xx_HAL_Driver/Src/stm32l4xx_hal_dma.o
                0x00000000080019c0                HAL_DMA_IRQHandler
 *fill*         0x0000000008001b1e        0x2 
 .text.DMA_CalcDMAMUXChannelBaseAndMask
                0x0000000008001b20       0x7c ./Drivers/STM32L4xx_HAL_Driver/Src/stm32l4xx_hal_dma.o
 .text.DMA_CalcDMAMUXRequestGenBaseAndMask
                0x0000000008001b9c       0x48 ./Drivers/STM32L4xx_HAL_Driver/Src/stm32l4xx_hal_dma.o
 .text.HAL_GPIO_Init
                0x0000000008001be4      0x324 ./Drivers/STM32L4xx_HAL_Driver/Src/stm32l4xx_hal_gpio.o
                0x0000000008001be4                HAL_GPIO_Init
 .text.HAL_GPIO_WritePin
                0x0000000008001f08       0x30 ./Drivers/STM32L4xx_HAL_Driver/Src/stm32l4xx_hal_gpio.o
                0x0000000008001f08                HAL_GPIO_WritePin
 .text.HAL_GPIO_EXTI_IRQHandler
                0x0000000008001f38       0x30 ./Drivers/STM32L4xx_HAL_Driver/Src/stm32l4xx_hal_gpio.o
                0x0000000008001f38                HAL_GPIO_EXTI_IRQHandler
 .text.HAL_PWREx_GetVoltageRange
                0x0000000008001f68       0x40 ./Drivers/STM32L4xx_HAL_Driver/Src/stm32l4xx_hal_pwr_ex.o
                0x0000000008001f68                HAL_PWREx_GetVoltageRange
 .text.HAL_PWREx_ControlVoltageScaling
                0x0000000008001fa8      0x148 ./Drivers/STM32L4xx_HAL_Driver/Src/stm32l4xx_hal_pwr_ex.o
                0x0000000008001fa8                HAL_PWREx_ControlVoltageScaling
 .text.HAL_RCC_OscConfig
                0x00000000080020f0      0x84c ./Drivers/STM32L4xx_HAL_Driver/Src/stm32l4xx_hal_rcc.o
                0x00000000080020f0                HAL_RCC_OscConfig
 .text.HAL_RCC_ClockConfig
                0x000000000800293c      0x258 ./Drivers/STM32L4xx_HAL_Driver/Src/stm32l4xx_hal_rcc.o
                0x000000000800293c                HAL_RCC_ClockConfig
 .text.HAL_RCC_GetSysClockFreq
                0x0000000008002b94      0x114 ./Drivers/STM32L4xx_HAL_Driver/Src/stm32l4xx_hal_rcc.o
                0x0000000008002b94                HAL_RCC_GetSysClockFreq
 .text.HAL_RCC_GetHCLKFreq
                0x0000000008002ca8       0x18 ./Drivers/STM32L4xx_HAL_Driver/Src/stm32l4xx_hal_rcc.o
                0x0000000008002ca8                HAL_RCC_GetHCLKFreq
 .text.HAL_RCC_GetPCLK1Freq
                0x0000000008002cc0       0x2c ./Drivers/STM32L4xx_HAL_Driver/Src/stm32l4xx_hal_rcc.o
                0x0000000008002cc0                HAL_RCC_GetPCLK1Freq
 .text.HAL_RCC_GetPCLK2Freq
                0x0000000008002cec       0x2c ./Drivers/STM32L4xx_HAL_Driver/Src/stm32l4xx_hal_rcc.o
                0x0000000008002cec                HAL_RCC_GetPCLK2Freq
 .text.RCC_SetFlashLatencyFromMSIRange
                0x0000000008002d18       0xb4 ./Drivers/STM32L4xx_HAL_Driver/Src/stm32l4xx_hal_rcc.o
 .text.RCC_GetSysClockFreqFromPLLSource
                0x0000000008002dcc       0xcc ./Drivers/STM32L4xx_HAL_Driver/Src/stm32l4xx_hal_rcc.o
 .text.HAL_RCCEx_PeriphCLKConfig
                0x0000000008002e98      0x720 ./Drivers/STM32L4xx_HAL_Driver/Src/stm32l4xx_hal_rcc_ex.o
                0x0000000008002e98                HAL_RCCEx_PeriphCLKConfig
 .text.RCCEx_PLLSAI1_Config
                0x00000000080035b8      0x1e8 ./Drivers/STM32L4xx_HAL_Driver/Src/stm32l4xx_hal_rcc_ex.o
 .text.RCCEx_PLLSAI2_Config
                0x00000000080037a0      0x1e8 ./Drivers/STM32L4xx_HAL_Driver/Src/stm32l4xx_hal_rcc_ex.o
 .text.HAL_SPI_Init
                0x0000000008003988      0x146 ./Drivers/STM32L4xx_HAL_Driver/Src/stm32l4xx_hal_spi.o
                0x0000000008003988                HAL_SPI_Init
 .text.HAL_SPI_Transmit
                0x0000000008003ace      0x2dc ./Drivers/STM32L4xx_HAL_Driver/Src/stm32l4xx_hal_spi.o
                0x0000000008003ace                HAL_SPI_Transmit
 .text.HAL_SPI_Receive
                0x0000000008003daa      0x260 ./Drivers/STM32L4xx_HAL_Driver/Src/stm32l4xx_hal_spi.o
                0x0000000008003daa                HAL_SPI_Receive
 .text.HAL_SPI_TransmitReceive
                0x000000000800400a      0x426 ./Drivers/STM32L4xx_HAL_Driver/Src/stm32l4xx_hal_spi.o
                0x000000000800400a                HAL_SPI_TransmitReceive
 .text.SPI_WaitFlagStateUntilTimeout
                0x0000000008004430      0x110 ./Drivers/STM32L4xx_HAL_Driver/Src/stm32l4xx_hal_spi.o
 .text.SPI_WaitFifoStateUntilTimeout
                0x0000000008004540      0x12c ./Drivers/STM32L4xx_HAL_Driver/Src/stm32l4xx_hal_spi.o
 .text.SPI_EndRxTransaction
                0x000000000800466c       0xb0 ./Drivers/STM32L4xx_HAL_Driver/Src/stm32l4xx_hal_spi.o
 .text.SPI_EndRxTxTransaction
                0x000000000800471c       0x8c ./Drivers/STM32L4xx_HAL_Driver/Src/stm32l4xx_hal_spi.o
 .text.HAL_TIM_Base_Init
                0x00000000080047a8       0xae ./Drivers/STM32L4xx_HAL_Driver/Src/stm32l4xx_hal_tim.o
                0x00000000080047a8                HAL_TIM_Base_Init
 *fill*         0x0000000008004856        0x2 
 .text.HAL_TIM_Base_Start_IT
                0x0000000008004858       0xe0 ./Drivers/STM32L4xx_HAL_Driver/Src/stm32l4xx_hal_tim.o
                0x0000000008004858                HAL_TIM_Base_Start_IT
 .text.HAL_TIM_IRQHandler
                0x0000000008004938      0x23e ./Drivers/STM32L4xx_HAL_Driver/Src/stm32l4xx_hal_tim.o
                0x0000000008004938                HAL_TIM_IRQHandler
 .text.HAL_TIM_OC_DelayElapsedCallback
                0x0000000008004b76       0x14 ./Drivers/STM32L4xx_HAL_Driver/Src/stm32l4xx_hal_tim.o
                0x0000000008004b76                HAL_TIM_OC_DelayElapsedCallback
 .text.HAL_TIM_IC_CaptureCallback
                0x0000000008004b8a       0x14 ./Drivers/STM32L4xx_HAL_Driver/Src/stm32l4xx_hal_tim.o
                0x0000000008004b8a                HAL_TIM_IC_CaptureCallback
 .text.HAL_TIM_PWM_PulseFinishedCallback
                0x0000000008004b9e       0x14 ./Drivers/STM32L4xx_HAL_Driver/Src/stm32l4xx_hal_tim.o
                0x0000000008004b9e                HAL_TIM_PWM_PulseFinishedCallback
 .text.HAL_TIM_TriggerCallback
                0x0000000008004bb2       0x14 ./Drivers/STM32L4xx_HAL_Driver/Src/stm32l4xx_hal_tim.o
                0x0000000008004bb2                HAL_TIM_TriggerCallback
 *fill*         0x0000000008004bc6        0x2 
 .text.TIM_Base_SetConfig
                0x0000000008004bc8      0x134 ./Drivers/STM32L4xx_HAL_Driver/Src/stm32l4xx_hal_tim.o
                0x0000000008004bc8                TIM_Base_SetConfig
 .text.HAL_TIMEx_CommutCallback
                0x0000000008004cfc       0x14 ./Drivers/STM32L4xx_HAL_Driver/Src/stm32l4xx_hal_tim_ex.o
                0x0000000008004cfc                HAL_TIMEx_CommutCallback
 .text.HAL_TIMEx_BreakCallback
                0x0000000008004d10       0x14 ./Drivers/STM32L4xx_HAL_Driver/Src/stm32l4xx_hal_tim_ex.o
                0x0000000008004d10                HAL_TIMEx_BreakCallback
 .text.HAL_TIMEx_Break2Callback
                0x0000000008004d24       0x14 ./Drivers/STM32L4xx_HAL_Driver/Src/stm32l4xx_hal_tim_ex.o
                0x0000000008004d24                HAL_TIMEx_Break2Callback
 .text.HAL_UART_Init
                0x0000000008004d38       0xa0 ./Drivers/STM32L4xx_HAL_Driver/Src/stm32l4xx_hal_uart.o
                0x0000000008004d38                HAL_UART_Init
 .text.HAL_UART_Transmit
                0x0000000008004dd8      0x12e ./Drivers/STM32L4xx_HAL_Driver/Src/stm32l4xx_hal_uart.o
                0x0000000008004dd8                HAL_UART_Transmit
 *fill*         0x0000000008004f06        0x2 
 .text.UART_SetConfig
                0x0000000008004f08      0x590 ./Drivers/STM32L4xx_HAL_Driver/Src/stm32l4xx_hal_uart.o
                0x0000000008004f08                UART_SetConfig
 .text.UART_AdvFeatureConfig
                0x0000000008005498      0x144 ./Drivers/STM32L4xx_HAL_Driver/Src/stm32l4xx_hal_uart.o
                0x0000000008005498                UART_AdvFeatureConfig
 .text.UART_CheckIdleState
                0x00000000080055dc       0x96 ./Drivers/STM32L4xx_HAL_Driver/Src/stm32l4xx_hal_uart.o
                0x00000000080055dc                UART_CheckIdleState
 .text.UART_WaitOnFlagUntilTimeout
                0x0000000008005672      0x190 ./Drivers/STM32L4xx_HAL_Driver/Src/stm32l4xx_hal_uart.o
                0x0000000008005672                UART_WaitOnFlagUntilTimeout
 .text.HAL_UARTEx_DisableFifoMode
                0x0000000008005802       0x72 ./Drivers/STM32L4xx_HAL_Driver/Src/stm32l4xx_hal_uart_ex.o
                0x0000000008005802                HAL_UARTEx_DisableFifoMode
 .text.HAL_UARTEx_SetTxFifoThreshold
                0x0000000008005874       0x7c ./Drivers/STM32L4xx_HAL_Driver/Src/stm32l4xx_hal_uart_ex.o
                0x0000000008005874                HAL_UARTEx_SetTxFifoThreshold
 .text.HAL_UARTEx_SetRxFifoThreshold
                0x00000000080058f0       0x7c ./Drivers/STM32L4xx_HAL_Driver/Src/stm32l4xx_hal_uart_ex.o
                0x00000000080058f0                HAL_UARTEx_SetRxFifoThreshold
 .text.UARTEx_SetNbDataToProcess
                0x000000000800596c       0x9c ./Drivers/STM32L4xx_HAL_Driver/Src/stm32l4xx_hal_uart_ex.o
 .text.__libc_init_array
                0x0000000008005a08       0x48 c:/st/stm32cubeide_1.0.2/stm32cubeide/plugins/com.st.stm32cube.ide.mcu.externaltools.gnu-tools-for-stm32.9-2020-q2-update.win32_2.0.0.202105311346/tools/bin/../lib/gcc/arm-none-eabi/9.3.1/../../../../arm-none-eabi/lib/thumb/v7e-m+fp/hard\libc_nano.a(lib_a-init.o)
                0x0000000008005a08                __libc_init_array
 .text.memcpy   0x0000000008005a50       0x1c c:/st/stm32cubeide_1.0.2/stm32cubeide/plugins/com.st.stm32cube.ide.mcu.externaltools.gnu-tools-for-stm32.9-2020-q2-update.win32_2.0.0.202105311346/tools/bin/../lib/gcc/arm-none-eabi/9.3.1/../../../../arm-none-eabi/lib/thumb/v7e-m+fp/hard\libc_nano.a(lib_a-memcpy-stub.o)
                0x0000000008005a50                memcpy
 .text.memset   0x0000000008005a6c       0x10 c:/st/stm32cubeide_1.0.2/stm32cubeide/plugins/com.st.stm32cube.ide.mcu.externaltools.gnu-tools-for-stm32.9-2020-q2-update.win32_2.0.0.202105311346/tools/bin/../lib/gcc/arm-none-eabi/9.3.1/../../../../arm-none-eabi/lib/thumb/v7e-m+fp/hard\libc_nano.a(lib_a-memset.o)
                0x0000000008005a6c                memset
 *(.glue_7)
 .glue_7        0x0000000008005a7c        0x0 linker stubs
 *(.glue_7t)
 .glue_7t       0x0000000008005a7c        0x0 linker stubs
 *(.eh_frame)
 .eh_frame      0x0000000008005a7c        0x0 c:/st/stm32cubeide_1.0.2/stm32cubeide/plugins/com.st.stm32cube.ide.mcu.externaltools.gnu-tools-for-stm32.9-2020-q2-update.win32_2.0.0.202105311346/tools/bin/../lib/gcc/arm-none-eabi/9.3.1/thumb/v7e-m+fp/hard/crtbegin.o
 *(.init)
 .init          0x0000000008005a7c        0x4 c:/st/stm32cubeide_1.0.2/stm32cubeide/plugins/com.st.stm32cube.ide.mcu.externaltools.gnu-tools-for-stm32.9-2020-q2-update.win32_2.0.0.202105311346/tools/bin/../lib/gcc/arm-none-eabi/9.3.1/thumb/v7e-m+fp/hard/crti.o
                0x0000000008005a7c                _init
 .init          0x0000000008005a80        0x8 c:/st/stm32cubeide_1.0.2/stm32cubeide/plugins/com.st.stm32cube.ide.mcu.externaltools.gnu-tools-for-stm32.9-2020-q2-update.win32_2.0.0.202105311346/tools/bin/../lib/gcc/arm-none-eabi/9.3.1/thumb/v7e-m+fp/hard/crtn.o
 *(.fini)
 .fini          0x0000000008005a88        0x4 c:/st/stm32cubeide_1.0.2/stm32cubeide/plugins/com.st.stm32cube.ide.mcu.externaltools.gnu-tools-for-stm32.9-2020-q2-update.win32_2.0.0.202105311346/tools/bin/../lib/gcc/arm-none-eabi/9.3.1/thumb/v7e-m+fp/hard/crti.o
                0x0000000008005a88                _fini
 .fini          0x0000000008005a8c        0x8 c:/st/stm32cubeide_1.0.2/stm32cubeide/plugins/com.st.stm32cube.ide.mcu.externaltools.gnu-tools-for-stm32.9-2020-q2-update.win32_2.0.0.202105311346/tools/bin/../lib/gcc/arm-none-eabi/9.3.1/thumb/v7e-m+fp/hard/crtn.o
                0x0000000008005a94                . = ALIGN (0x4)
                0x0000000008005a94                _etext = .

.vfp11_veneer   0x0000000008005a94        0x0
 .vfp11_veneer  0x0000000008005a94        0x0 linker stubs

.v4_bx          0x0000000008005a94        0x0
 .v4_bx         0x0000000008005a94        0x0 linker stubs

.iplt           0x0000000008005a94        0x0
 .iplt          0x0000000008005a94        0x0 c:/st/stm32cubeide_1.0.2/stm32cubeide/plugins/com.st.stm32cube.ide.mcu.externaltools.gnu-tools-for-stm32.9-2020-q2-update.win32_2.0.0.202105311346/tools/bin/../lib/gcc/arm-none-eabi/9.3.1/thumb/v7e-m+fp/hard/crtbegin.o

.rodata         0x0000000008005a94       0x84
                0x0000000008005a94                . = ALIGN (0x4)
 *(.rodata)
 .rodata        0x0000000008005a94       0x11 ./Core/Src/iis3dwb_app.o
 *(.rodata*)
 *fill*         0x0000000008005aa5        0x3 
 .rodata.AHBPrescTable
                0x0000000008005aa8       0x10 ./Core/Src/system_stm32l4xx.o
                0x0000000008005aa8                AHBPrescTable
 .rodata.APBPrescTable
                0x0000000008005ab8        0x8 ./Core/Src/system_stm32l4xx.o
                0x0000000008005ab8                APBPrescTable
 .rodata.MSIRangeTable
                0x0000000008005ac0       0x30 ./Core/Src/system_stm32l4xx.o
                0x0000000008005ac0                MSIRangeTable
 .rodata.UARTPrescTable
                0x0000000008005af0       0x18 ./Drivers/STM32L4xx_HAL_Driver/Src/stm32l4xx_hal_uart.o
                0x0000000008005af0                UARTPrescTable
 .rodata.numerator.9402
                0x0000000008005b08        0x8 ./Drivers/STM32L4xx_HAL_Driver/Src/stm32l4xx_hal_uart_ex.o
 .rodata.denominator.9403
                0x0000000008005b10        0x8 ./Drivers/STM32L4xx_HAL_Driver/Src/stm32l4xx_hal_uart_ex.o
                0x0000000008005b18                . = ALIGN (0x4)

.ARM.extab      0x0000000008005b18        0x0
                0x0000000008005b18                . = ALIGN (0x4)
 *(.ARM.extab* .gnu.linkonce.armextab.*)
                0x0000000008005b18                . = ALIGN (0x4)

.ARM            0x0000000008005b18        0x8
                0x0000000008005b18                . = ALIGN (0x4)
                0x0000000008005b18                __exidx_start = .
 *(.ARM.exidx*)
 .ARM.exidx     0x0000000008005b18        0x8 c:/st/stm32cubeide_1.0.2/stm32cubeide/plugins/com.st.stm32cube.ide.mcu.externaltools.gnu-tools-for-stm32.9-2020-q2-update.win32_2.0.0.202105311346/tools/bin/../lib/gcc/arm-none-eabi/9.3.1/thumb/v7e-m+fp/hard\libgcc.a(_udivmoddi4.o)
                0x0000000008005b20                __exidx_end = .
                0x0000000008005b20                . = ALIGN (0x4)

.rel.dyn        0x0000000008005b20        0x0
 .rel.iplt      0x0000000008005b20        0x0 c:/st/stm32cubeide_1.0.2/stm32cubeide/plugins/com.st.stm32cube.ide.mcu.externaltools.gnu-tools-for-stm32.9-2020-q2-update.win32_2.0.0.202105311346/tools/bin/../lib/gcc/arm-none-eabi/9.3.1/thumb/v7e-m+fp/hard/crtbegin.o

.preinit_array  0x0000000008005b20        0x0
                0x0000000008005b20                . = ALIGN (0x4)
                0x0000000008005b20                PROVIDE (__preinit_array_start = .)
 *(.preinit_array*)
                0x0000000008005b20                PROVIDE (__preinit_array_end = .)
                0x0000000008005b20                . = ALIGN (0x4)

.init_array     0x0000000008005b20        0x4
                0x0000000008005b20                . = ALIGN (0x4)
                0x0000000008005b20                PROVIDE (__init_array_start = .)
 *(SORT_BY_NAME(.init_array.*))
 *(.init_array*)
 .init_array    0x0000000008005b20        0x4 c:/st/stm32cubeide_1.0.2/stm32cubeide/plugins/com.st.stm32cube.ide.mcu.externaltools.gnu-tools-for-stm32.9-2020-q2-update.win32_2.0.0.202105311346/tools/bin/../lib/gcc/arm-none-eabi/9.3.1/thumb/v7e-m+fp/hard/crtbegin.o
                0x0000000008005b24                PROVIDE (__init_array_end = .)
                0x0000000008005b24                . = ALIGN (0x4)

.fini_array     0x0000000008005b24        0x4
                0x0000000008005b24                . = ALIGN (0x4)
                [!provide]                        PROVIDE (__fini_array_start = .)
 *(SORT_BY_NAME(.fini_array.*))
 *(.fini_array*)
 .fini_array    0x0000000008005b24        0x4 c:/st/stm32cubeide_1.0.2/stm32cubeide/plugins/com.st.stm32cube.ide.mcu.externaltools.gnu-tools-for-stm32.9-2020-q2-update.win32_2.0.0.202105311346/tools/bin/../lib/gcc/arm-none-eabi/9.3.1/thumb/v7e-m+fp/hard/crtbegin.o
                [!provide]                        PROVIDE (__fini_array_end = .)
                0x0000000008005b28                . = ALIGN (0x4)
                0x0000000008005b28                _sidata = LOADADDR (.data)

.data           0x0000000020000000        0xc load address 0x0000000008005b28
                0x0000000020000000                . = ALIGN (0x4)
                0x0000000020000000                _sdata = .
 *(.data)
 *(.data*)
 .data.SystemCoreClock
                0x0000000020000000        0x4 ./Core/Src/system_stm32l4xx.o
                0x0000000020000000                SystemCoreClock
 .data.uwTickPrio
                0x0000000020000004        0x4 ./Drivers/STM32L4xx_HAL_Driver/Src/stm32l4xx_hal.o
                0x0000000020000004                uwTickPrio
 .data.uwTickFreq
                0x0000000020000008        0x1 ./Drivers/STM32L4xx_HAL_Driver/Src/stm32l4xx_hal.o
                0x0000000020000008                uwTickFreq
 *(.RamFunc)
 *(.RamFunc*)
                0x000000002000000c                . = ALIGN (0x4)
 *fill*         0x0000000020000009        0x3 
                0x000000002000000c                _edata = .

.igot.plt       0x000000002000000c        0x0 load address 0x0000000008005b34
 .igot.plt      0x000000002000000c        0x0 c:/st/stm32cubeide_1.0.2/stm32cubeide/plugins/com.st.stm32cube.ide.mcu.externaltools.gnu-tools-for-stm32.9-2020-q2-update.win32_2.0.0.202105311346/tools/bin/../lib/gcc/arm-none-eabi/9.3.1/thumb/v7e-m+fp/hard/crtbegin.o
                0x000000002000000c                . = ALIGN (0x4)

.bss            0x000000002000000c      0x5d8 load address 0x0000000008005b34
                0x000000002000000c                _sbss = .
                0x000000002000000c                __bss_start__ = _sbss
 *(.bss)
 .bss           0x000000002000000c       0x1c c:/st/stm32cubeide_1.0.2/stm32cubeide/plugins/com.st.stm32cube.ide.mcu.externaltools.gnu-tools-for-stm32.9-2020-q2-update.win32_2.0.0.202105311346/tools/bin/../lib/gcc/arm-none-eabi/9.3.1/thumb/v7e-m+fp/hard/crtbegin.o
 *(.bss*)
 .bss.iis3dwb_mem
                0x0000000020000028      0x380 ./Core/Src/iis3dwb_app.o
 .bss.fifo_level
                0x00000000200003a8        0x2 ./Core/Src/iis3dwb_app.o
                0x00000000200003a8                fifo_level
 .bss.int1_flag
                0x00000000200003aa        0x1 ./Core/Src/main.o
                0x00000000200003aa                int1_flag
 *(COMMON)
 *fill*         0x00000000200003ab        0x1 
 COMMON         0x00000000200003ac       0x84 ./Core/Src/iis3dwb.o
                0x00000000200003ac                iis3dwb_deviceID
                0x00000000200003ae                cs_gpio_iis3dwb
                0x00000000200003b0                iis3dwb_dataReady
                0x00000000200003b4                spi_iis3dwb
                0x0000000020000418                data_raw_acceleration
                0x0000000020000420                cs_gpiox_iis3dwb
                0x0000000020000424                acceleration_mg
 COMMON         0x0000000020000430        0xe ./Core/Src/iis3dwb_app.o
                0x0000000020000430                dev_ctx
                0x000000002000043c                reg1
                0x000000002000043d                reg0
 *fill*         0x000000002000043e        0x2 
 COMMON         0x0000000020000440      0x1a0 ./Core/Src/main.o
                0x0000000020000440                hspi2
                0x00000000200004a4                hdma_spi2_rx
                0x0000000020000504                htim17
                0x0000000020000550                huart2
 COMMON         0x00000000200005e0        0x4 ./Drivers/STM32L4xx_HAL_Driver/Src/stm32l4xx_hal.o
                0x00000000200005e0                uwTick
                0x00000000200005e4                . = ALIGN (0x4)
                0x00000000200005e4                _ebss = .
                0x00000000200005e4                __bss_end__ = _ebss

._user_heap_stack
                0x00000000200005e4      0x604 load address 0x0000000008005b34
                0x00000000200005e8                . = ALIGN (0x8)
 *fill*         0x00000000200005e4        0x4 
                [!provide]                        PROVIDE (end = .)
                0x00000000200005e8                PROVIDE (_end = .)
                0x00000000200007e8                . = (. + _Min_Heap_Size)
 *fill*         0x00000000200005e8      0x200 
                0x0000000020000be8                . = (. + _Min_Stack_Size)
 *fill*         0x00000000200007e8      0x400 
                0x0000000020000be8                . = ALIGN (0x8)

/DISCARD/
 libc.a(*)
 libm.a(*)
 libgcc.a(*)

.ARM.attributes
                0x0000000000000000       0x30
 *(.ARM.attributes)
 .ARM.attributes
                0x0000000000000000       0x1e c:/st/stm32cubeide_1.0.2/stm32cubeide/plugins/com.st.stm32cube.ide.mcu.externaltools.gnu-tools-for-stm32.9-2020-q2-update.win32_2.0.0.202105311346/tools/bin/../lib/gcc/arm-none-eabi/9.3.1/thumb/v7e-m+fp/hard/crti.o
 .ARM.attributes
                0x000000000000001e       0x34 c:/st/stm32cubeide_1.0.2/stm32cubeide/plugins/com.st.stm32cube.ide.mcu.externaltools.gnu-tools-for-stm32.9-2020-q2-update.win32_2.0.0.202105311346/tools/bin/../lib/gcc/arm-none-eabi/9.3.1/thumb/v7e-m+fp/hard/crtbegin.o
 .ARM.attributes
                0x0000000000000052       0x34 ./Core/Src/iis3dwb.o
 .ARM.attributes
                0x0000000000000086       0x34 ./Core/Src/iis3dwb_app.o
 .ARM.attributes
                0x00000000000000ba       0x34 ./Core/Src/iis3dwb_reg.o
 .ARM.attributes
                0x00000000000000ee       0x34 ./Core/Src/main.o
 .ARM.attributes
                0x0000000000000122       0x34 ./Core/Src/stm32l4xx_hal_msp.o
 .ARM.attributes
                0x0000000000000156       0x34 ./Core/Src/stm32l4xx_it.o
 .ARM.attributes
                0x000000000000018a       0x34 ./Core/Src/system_stm32l4xx.o
 .ARM.attributes
                0x00000000000001be       0x21 ./Core/Startup/startup_stm32l4r9zijx.o
 .ARM.attributes
                0x00000000000001df       0x34 ./Drivers/STM32L4xx_HAL_Driver/Src/stm32l4xx_hal.o
 .ARM.attributes
                0x0000000000000213       0x34 ./Drivers/STM32L4xx_HAL_Driver/Src/stm32l4xx_hal_cortex.o
 .ARM.attributes
                0x0000000000000247       0x34 ./Drivers/STM32L4xx_HAL_Driver/Src/stm32l4xx_hal_dma.o
 .ARM.attributes
                0x000000000000027b       0x34 ./Drivers/STM32L4xx_HAL_Driver/Src/stm32l4xx_hal_gpio.o
 .ARM.attributes
                0x00000000000002af       0x34 ./Drivers/STM32L4xx_HAL_Driver/Src/stm32l4xx_hal_pwr_ex.o
 .ARM.attributes
                0x00000000000002e3       0x34 ./Drivers/STM32L4xx_HAL_Driver/Src/stm32l4xx_hal_rcc.o
 .ARM.attributes
                0x0000000000000317       0x34 ./Drivers/STM32L4xx_HAL_Driver/Src/stm32l4xx_hal_rcc_ex.o
 .ARM.attributes
                0x000000000000034b       0x34 ./Drivers/STM32L4xx_HAL_Driver/Src/stm32l4xx_hal_spi.o
 .ARM.attributes
                0x000000000000037f       0x34 ./Drivers/STM32L4xx_HAL_Driver/Src/stm32l4xx_hal_tim.o
 .ARM.attributes
                0x00000000000003b3       0x34 ./Drivers/STM32L4xx_HAL_Driver/Src/stm32l4xx_hal_tim_ex.o
 .ARM.attributes
                0x00000000000003e7       0x34 ./Drivers/STM32L4xx_HAL_Driver/Src/stm32l4xx_hal_uart.o
 .ARM.attributes
                0x000000000000041b       0x34 ./Drivers/STM32L4xx_HAL_Driver/Src/stm32l4xx_hal_uart_ex.o
 .ARM.attributes
                0x000000000000044f       0x34 c:/st/stm32cubeide_1.0.2/stm32cubeide/plugins/com.st.stm32cube.ide.mcu.externaltools.gnu-tools-for-stm32.9-2020-q2-update.win32_2.0.0.202105311346/tools/bin/../lib/gcc/arm-none-eabi/9.3.1/../../../../arm-none-eabi/lib/thumb/v7e-m+fp/hard\libc_nano.a(lib_a-init.o)
 .ARM.attributes
                0x0000000000000483       0x34 c:/st/stm32cubeide_1.0.2/stm32cubeide/plugins/com.st.stm32cube.ide.mcu.externaltools.gnu-tools-for-stm32.9-2020-q2-update.win32_2.0.0.202105311346/tools/bin/../lib/gcc/arm-none-eabi/9.3.1/../../../../arm-none-eabi/lib/thumb/v7e-m+fp/hard\libc_nano.a(lib_a-memcpy-stub.o)
 .ARM.attributes
                0x00000000000004b7       0x34 c:/st/stm32cubeide_1.0.2/stm32cubeide/plugins/com.st.stm32cube.ide.mcu.externaltools.gnu-tools-for-stm32.9-2020-q2-update.win32_2.0.0.202105311346/tools/bin/../lib/gcc/arm-none-eabi/9.3.1/../../../../arm-none-eabi/lib/thumb/v7e-m+fp/hard\libc_nano.a(lib_a-memset.o)
 .ARM.attributes
                0x00000000000004eb       0x1e c:/st/stm32cubeide_1.0.2/stm32cubeide/plugins/com.st.stm32cube.ide.mcu.externaltools.gnu-tools-for-stm32.9-2020-q2-update.win32_2.0.0.202105311346/tools/bin/../lib/gcc/arm-none-eabi/9.3.1/thumb/v7e-m+fp/hard\libgcc.a(_aeabi_uldivmod.o)
 .ARM.attributes
                0x0000000000000509       0x34 c:/st/stm32cubeide_1.0.2/stm32cubeide/plugins/com.st.stm32cube.ide.mcu.externaltools.gnu-tools-for-stm32.9-2020-q2-update.win32_2.0.0.202105311346/tools/bin/../lib/gcc/arm-none-eabi/9.3.1/thumb/v7e-m+fp/hard\libgcc.a(_udivmoddi4.o)
 .ARM.attributes
                0x000000000000053d       0x1e c:/st/stm32cubeide_1.0.2/stm32cubeide/plugins/com.st.stm32cube.ide.mcu.externaltools.gnu-tools-for-stm32.9-2020-q2-update.win32_2.0.0.202105311346/tools/bin/../lib/gcc/arm-none-eabi/9.3.1/thumb/v7e-m+fp/hard\libgcc.a(_dvmd_tls.o)
 .ARM.attributes
                0x000000000000055b       0x1e c:/st/stm32cubeide_1.0.2/stm32cubeide/plugins/com.st.stm32cube.ide.mcu.externaltools.gnu-tools-for-stm32.9-2020-q2-update.win32_2.0.0.202105311346/tools/bin/../lib/gcc/arm-none-eabi/9.3.1/thumb/v7e-m+fp/hard/crtn.o
OUTPUT(Steval_SPI2_UART2_DMA.elf elf32-littlearm)
LOAD linker stubs
LOAD c:/st/stm32cubeide_1.0.2/stm32cubeide/plugins/com.st.stm32cube.ide.mcu.externaltools.gnu-tools-for-stm32.9-2020-q2-update.win32_2.0.0.202105311346/tools/bin/../lib/gcc/arm-none-eabi/9.3.1/../../../../arm-none-eabi/lib/thumb/v7e-m+fp/hard\libc.a
LOAD c:/st/stm32cubeide_1.0.2/stm32cubeide/plugins/com.st.stm32cube.ide.mcu.externaltools.gnu-tools-for-stm32.9-2020-q2-update.win32_2.0.0.202105311346/tools/bin/../lib/gcc/arm-none-eabi/9.3.1/../../../../arm-none-eabi/lib/thumb/v7e-m+fp/hard\libm.a
LOAD c:/st/stm32cubeide_1.0.2/stm32cubeide/plugins/com.st.stm32cube.ide.mcu.externaltools.gnu-tools-for-stm32.9-2020-q2-update.win32_2.0.0.202105311346/tools/bin/../lib/gcc/arm-none-eabi/9.3.1/thumb/v7e-m+fp/hard\libgcc.a

.debug_info     0x0000000000000000    0x21501
 .debug_info    0x0000000000000000     0x18e7 ./Core/Src/iis3dwb.o
 .debug_info    0x00000000000018e7     0x22b7 ./Core/Src/iis3dwb_app.o
 .debug_info    0x0000000000003b9e     0x3f91 ./Core/Src/iis3dwb_reg.o
 .debug_info    0x0000000000007b2f     0x2876 ./Core/Src/main.o
 .debug_info    0x000000000000a3a5     0x28d4 ./Core/Src/stm32l4xx_hal_msp.o
 .debug_info    0x000000000000cc79     0x1c73 ./Core/Src/stm32l4xx_it.o
 .debug_info    0x000000000000e8ec      0x7f0 ./Core/Src/system_stm32l4xx.o
 .debug_info    0x000000000000f0dc       0x22 ./Core/Startup/startup_stm32l4r9zijx.o
 .debug_info    0x000000000000f0fe      0xd6e ./Drivers/STM32L4xx_HAL_Driver/Src/stm32l4xx_hal.o
 .debug_info    0x000000000000fe6c     0x109d ./Drivers/STM32L4xx_HAL_Driver/Src/stm32l4xx_hal_cortex.o
 .debug_info    0x0000000000010f09      0xb16 ./Drivers/STM32L4xx_HAL_Driver/Src/stm32l4xx_hal_dma.o
 .debug_info    0x0000000000011a1f      0xabd ./Drivers/STM32L4xx_HAL_Driver/Src/stm32l4xx_hal_gpio.o
 .debug_info    0x00000000000124dc      0xcad ./Drivers/STM32L4xx_HAL_Driver/Src/stm32l4xx_hal_pwr_ex.o
 .debug_info    0x0000000000013189      0xf8a ./Drivers/STM32L4xx_HAL_Driver/Src/stm32l4xx_hal_rcc.o
 .debug_info    0x0000000000014113     0x13e1 ./Drivers/STM32L4xx_HAL_Driver/Src/stm32l4xx_hal_rcc_ex.o
 .debug_info    0x00000000000154f4     0x1a54 ./Drivers/STM32L4xx_HAL_Driver/Src/stm32l4xx_hal_spi.o
 .debug_info    0x0000000000016f48     0x2f8b ./Drivers/STM32L4xx_HAL_Driver/Src/stm32l4xx_hal_tim.o
 .debug_info    0x0000000000019ed3     0x19e4 ./Drivers/STM32L4xx_HAL_Driver/Src/stm32l4xx_hal_tim_ex.o
 .debug_info    0x000000000001b8b7     0x4aaf ./Drivers/STM32L4xx_HAL_Driver/Src/stm32l4xx_hal_uart.o
 .debug_info    0x0000000000020366     0x119b ./Drivers/STM32L4xx_HAL_Driver/Src/stm32l4xx_hal_uart_ex.o

.debug_abbrev   0x0000000000000000     0x2e16
 .debug_abbrev  0x0000000000000000      0x249 ./Core/Src/iis3dwb.o
 .debug_abbrev  0x0000000000000249      0x2d1 ./Core/Src/iis3dwb_app.o
 .debug_abbrev  0x000000000000051a      0x30a ./Core/Src/iis3dwb_reg.o
 .debug_abbrev  0x0000000000000824      0x2e8 ./Core/Src/main.o
 .debug_abbrev  0x0000000000000b0c      0x292 ./Core/Src/stm32l4xx_hal_msp.o
 .debug_abbrev  0x0000000000000d9e      0x22d ./Core/Src/stm32l4xx_it.o
 .debug_abbrev  0x0000000000000fcb      0x165 ./Core/Src/system_stm32l4xx.o
 .debug_abbrev  0x0000000000001130       0x12 ./Core/Startup/startup_stm32l4r9zijx.o
 .debug_abbrev  0x0000000000001142      0x227 ./Drivers/STM32L4xx_HAL_Driver/Src/stm32l4xx_hal.o
 .debug_abbrev  0x0000000000001369      0x33c ./Drivers/STM32L4xx_HAL_Driver/Src/stm32l4xx_hal_cortex.o
 .debug_abbrev  0x00000000000016a5      0x201 ./Drivers/STM32L4xx_HAL_Driver/Src/stm32l4xx_hal_dma.o
 .debug_abbrev  0x00000000000018a6      0x1e8 ./Drivers/STM32L4xx_HAL_Driver/Src/stm32l4xx_hal_gpio.o
 .debug_abbrev  0x0000000000001a8e      0x1f3 ./Drivers/STM32L4xx_HAL_Driver/Src/stm32l4xx_hal_pwr_ex.o
 .debug_abbrev  0x0000000000001c81      0x2b1 ./Drivers/STM32L4xx_HAL_Driver/Src/stm32l4xx_hal_rcc.o
 .debug_abbrev  0x0000000000001f32      0x268 ./Drivers/STM32L4xx_HAL_Driver/Src/stm32l4xx_hal_rcc_ex.o
 .debug_abbrev  0x000000000000219a      0x254 ./Drivers/STM32L4xx_HAL_Driver/Src/stm32l4xx_hal_spi.o
 .debug_abbrev  0x00000000000023ee      0x25e ./Drivers/STM32L4xx_HAL_Driver/Src/stm32l4xx_hal_tim.o
 .debug_abbrev  0x000000000000264c      0x266 ./Drivers/STM32L4xx_HAL_Driver/Src/stm32l4xx_hal_tim_ex.o
 .debug_abbrev  0x00000000000028b2      0x2c2 ./Drivers/STM32L4xx_HAL_Driver/Src/stm32l4xx_hal_uart.o
 .debug_abbrev  0x0000000000002b74      0x2a2 ./Drivers/STM32L4xx_HAL_Driver/Src/stm32l4xx_hal_uart_ex.o

.debug_aranges  0x0000000000000000     0x15d8
 .debug_aranges
                0x0000000000000000       0x38 ./Core/Src/iis3dwb.o
 .debug_aranges
                0x0000000000000038       0x38 ./Core/Src/iis3dwb_app.o
 .debug_aranges
                0x0000000000000070      0x380 ./Core/Src/iis3dwb_reg.o
 .debug_aranges
                0x00000000000003f0       0x68 ./Core/Src/main.o
 .debug_aranges
                0x0000000000000458       0x50 ./Core/Src/stm32l4xx_hal_msp.o
 .debug_aranges
                0x00000000000004a8       0x78 ./Core/Src/stm32l4xx_it.o
 .debug_aranges
                0x0000000000000520       0x28 ./Core/Src/system_stm32l4xx.o
 .debug_aranges
                0x0000000000000548       0x28 ./Core/Startup/startup_stm32l4r9zijx.o
 .debug_aranges
                0x0000000000000570      0x130 ./Drivers/STM32L4xx_HAL_Driver/Src/stm32l4xx_hal.o
 .debug_aranges
                0x00000000000006a0      0x118 ./Drivers/STM32L4xx_HAL_Driver/Src/stm32l4xx_hal_cortex.o
 .debug_aranges
                0x00000000000007b8       0x90 ./Drivers/STM32L4xx_HAL_Driver/Src/stm32l4xx_hal_dma.o
 .debug_aranges
                0x0000000000000848       0x58 ./Drivers/STM32L4xx_HAL_Driver/Src/stm32l4xx_hal_gpio.o
 .debug_aranges
                0x00000000000008a0      0x170 ./Drivers/STM32L4xx_HAL_Driver/Src/stm32l4xx_hal_pwr_ex.o
 .debug_aranges
                0x0000000000000a10       0x98 ./Drivers/STM32L4xx_HAL_Driver/Src/stm32l4xx_hal_rcc.o
 .debug_aranges
                0x0000000000000aa8      0x110 ./Drivers/STM32L4xx_HAL_Driver/Src/stm32l4xx_hal_rcc_ex.o
 .debug_aranges
                0x0000000000000bb8      0x1d8 ./Drivers/STM32L4xx_HAL_Driver/Src/stm32l4xx_hal_spi.o
 .debug_aranges
                0x0000000000000d90      0x3e0 ./Drivers/STM32L4xx_HAL_Driver/Src/stm32l4xx_hal_tim.o
 .debug_aranges
                0x0000000000001170      0x180 ./Drivers/STM32L4xx_HAL_Driver/Src/stm32l4xx_hal_tim_ex.o
 .debug_aranges
                0x00000000000012f0      0x248 ./Drivers/STM32L4xx_HAL_Driver/Src/stm32l4xx_hal_uart.o
 .debug_aranges
                0x0000000000001538       0xa0 ./Drivers/STM32L4xx_HAL_Driver/Src/stm32l4xx_hal_uart_ex.o

.debug_ranges   0x0000000000000000     0x14d0
 .debug_ranges  0x0000000000000000       0x28 ./Core/Src/iis3dwb.o
 .debug_ranges  0x0000000000000028       0x28 ./Core/Src/iis3dwb_app.o
 .debug_ranges  0x0000000000000050      0x370 ./Core/Src/iis3dwb_reg.o
 .debug_ranges  0x00000000000003c0       0x58 ./Core/Src/main.o
 .debug_ranges  0x0000000000000418       0x40 ./Core/Src/stm32l4xx_hal_msp.o
 .debug_ranges  0x0000000000000458       0x68 ./Core/Src/stm32l4xx_it.o
 .debug_ranges  0x00000000000004c0       0x18 ./Core/Src/system_stm32l4xx.o
 .debug_ranges  0x00000000000004d8       0x20 ./Core/Startup/startup_stm32l4r9zijx.o
 .debug_ranges  0x00000000000004f8      0x120 ./Drivers/STM32L4xx_HAL_Driver/Src/stm32l4xx_hal.o
 .debug_ranges  0x0000000000000618      0x108 ./Drivers/STM32L4xx_HAL_Driver/Src/stm32l4xx_hal_cortex.o
 .debug_ranges  0x0000000000000720       0x80 ./Drivers/STM32L4xx_HAL_Driver/Src/stm32l4xx_hal_dma.o
 .debug_ranges  0x00000000000007a0       0x48 ./Drivers/STM32L4xx_HAL_Driver/Src/stm32l4xx_hal_gpio.o
 .debug_ranges  0x00000000000007e8      0x160 ./Drivers/STM32L4xx_HAL_Driver/Src/stm32l4xx_hal_pwr_ex.o
 .debug_ranges  0x0000000000000948       0x88 ./Drivers/STM32L4xx_HAL_Driver/Src/stm32l4xx_hal_rcc.o
 .debug_ranges  0x00000000000009d0      0x100 ./Drivers/STM32L4xx_HAL_Driver/Src/stm32l4xx_hal_rcc_ex.o
 .debug_ranges  0x0000000000000ad0      0x1c8 ./Drivers/STM32L4xx_HAL_Driver/Src/stm32l4xx_hal_spi.o
 .debug_ranges  0x0000000000000c98      0x3d0 ./Drivers/STM32L4xx_HAL_Driver/Src/stm32l4xx_hal_tim.o
 .debug_ranges  0x0000000000001068      0x170 ./Drivers/STM32L4xx_HAL_Driver/Src/stm32l4xx_hal_tim_ex.o
 .debug_ranges  0x00000000000011d8      0x268 ./Drivers/STM32L4xx_HAL_Driver/Src/stm32l4xx_hal_uart.o
 .debug_ranges  0x0000000000001440       0x90 ./Drivers/STM32L4xx_HAL_Driver/Src/stm32l4xx_hal_uart_ex.o

.debug_macro    0x0000000000000000    0x30f02
 .debug_macro   0x0000000000000000      0x3fc ./Core/Src/iis3dwb.o
 .debug_macro   0x00000000000003fc      0x1b3 ./Core/Src/iis3dwb.o
 .debug_macro   0x00000000000005af       0x2e ./Core/Src/iis3dwb.o
 .debug_macro   0x00000000000005dd       0x28 ./Core/Src/iis3dwb.o
 .debug_macro   0x0000000000000605       0x8e ./Core/Src/iis3dwb.o
 .debug_macro   0x0000000000000693       0x51 ./Core/Src/iis3dwb.o
 .debug_macro   0x00000000000006e4      0x103 ./Core/Src/iis3dwb.o
 .debug_macro   0x00000000000007e7      0x1df ./Core/Src/iis3dwb.o
 .debug_macro   0x00000000000009c6       0x1c ./Core/Src/iis3dwb.o
 .debug_macro   0x00000000000009e2       0x22 ./Core/Src/iis3dwb.o
 .debug_macro   0x0000000000000a04      0x101 ./Core/Src/iis3dwb.o
 .debug_macro   0x0000000000000b05     0x1011 ./Core/Src/iis3dwb.o
 .debug_macro   0x0000000000001b16      0x11f ./Core/Src/iis3dwb.o
 .debug_macro   0x0000000000001c35    0x22e83 ./Core/Src/iis3dwb.o
 .debug_macro   0x0000000000024ab8       0x6d ./Core/Src/iis3dwb.o
 .debug_macro   0x0000000000024b25     0x38e9 ./Core/Src/iis3dwb.o
 .debug_macro   0x000000000002840e       0x5c ./Core/Src/iis3dwb.o
 .debug_macro   0x000000000002846a     0x1956 ./Core/Src/iis3dwb.o
 .debug_macro   0x0000000000029dc0      0x83e ./Core/Src/iis3dwb.o
 .debug_macro   0x000000000002a5fe      0x1b9 ./Core/Src/iis3dwb.o
 .debug_macro   0x000000000002a7b7      0x225 ./Core/Src/iis3dwb.o
 .debug_macro   0x000000000002a9dc      0x486 ./Core/Src/iis3dwb.o
 .debug_macro   0x000000000002ae62      0x1ce ./Core/Src/iis3dwb.o
 .debug_macro   0x000000000002b030       0x43 ./Core/Src/iis3dwb.o
 .debug_macro   0x000000000002b073      0x23d ./Core/Src/iis3dwb.o
 .debug_macro   0x000000000002b2b0      0x241 ./Core/Src/iis3dwb.o
 .debug_macro   0x000000000002b4f1      0x416 ./Core/Src/iis3dwb.o
 .debug_macro   0x000000000002b907       0x1c ./Core/Src/iis3dwb.o
 .debug_macro   0x000000000002b923       0xf2 ./Core/Src/iis3dwb.o
 .debug_macro   0x000000000002ba15      0x22c ./Core/Src/iis3dwb.o
 .debug_macro   0x000000000002bc41       0x61 ./Core/Src/iis3dwb.o
 .debug_macro   0x000000000002bca2       0xa5 ./Core/Src/iis3dwb.o
 .debug_macro   0x000000000002bd47      0x122 ./Core/Src/iis3dwb.o
 .debug_macro   0x000000000002be69      0x3f6 ./Core/Src/iis3dwb.o
 .debug_macro   0x000000000002c25f      0x2fe ./Core/Src/iis3dwb.o
 .debug_macro   0x000000000002c55d      0xa75 ./Core/Src/iis3dwb.o
 .debug_macro   0x000000000002cfd2      0x196 ./Core/Src/iis3dwb.o
 .debug_macro   0x000000000002d168      0x67e ./Core/Src/iis3dwb.o
 .debug_macro   0x000000000002d7e6       0xa6 ./Core/Src/iis3dwb.o
 .debug_macro   0x000000000002d88c      0x432 ./Core/Src/iis3dwb.o
 .debug_macro   0x000000000002dcbe       0x22 ./Core/Src/iis3dwb.o
 .debug_macro   0x000000000002dce0       0x46 ./Core/Src/iis3dwb.o
 .debug_macro   0x000000000002dd26       0x52 ./Core/Src/iis3dwb.o
 .debug_macro   0x000000000002dd78      0x333 ./Core/Src/iis3dwb.o
 .debug_macro   0x000000000002e0ab      0x193 ./Core/Src/iis3dwb.o
 .debug_macro   0x000000000002e23e       0x16 ./Core/Src/iis3dwb.o
 .debug_macro   0x000000000002e254       0x20 ./Core/Src/iis3dwb.o
 .debug_macro   0x000000000002e274       0x5f ./Core/Src/iis3dwb.o
 .debug_macro   0x000000000002e2d3      0x400 ./Core/Src/iis3dwb_app.o
 .debug_macro   0x000000000002e6d3      0x122 ./Core/Src/iis3dwb_reg.o
 .debug_macro   0x000000000002e7f5      0x400 ./Core/Src/main.o
 .debug_macro   0x000000000002ebf5      0x400 ./Core/Src/stm32l4xx_hal_msp.o
 .debug_macro   0x000000000002eff5      0x40a ./Core/Src/stm32l4xx_it.o
 .debug_macro   0x000000000002f3ff      0x1fc ./Core/Src/system_stm32l4xx.o
 .debug_macro   0x000000000002f5fb      0x24a ./Drivers/STM32L4xx_HAL_Driver/Src/stm32l4xx_hal.o
 .debug_macro   0x000000000002f845      0x1fc ./Drivers/STM32L4xx_HAL_Driver/Src/stm32l4xx_hal_cortex.o
 .debug_macro   0x000000000002fa41      0x1fc ./Drivers/STM32L4xx_HAL_Driver/Src/stm32l4xx_hal_dma.o
 .debug_macro   0x000000000002fc3d      0x203 ./Drivers/STM32L4xx_HAL_Driver/Src/stm32l4xx_hal_gpio.o
 .debug_macro   0x000000000002fe40      0x226 ./Drivers/STM32L4xx_HAL_Driver/Src/stm32l4xx_hal_pwr_ex.o
 .debug_macro   0x0000000000030066      0x23e ./Drivers/STM32L4xx_HAL_Driver/Src/stm32l4xx_hal_rcc.o
 .debug_macro   0x00000000000302a4      0x232 ./Drivers/STM32L4xx_HAL_Driver/Src/stm32l4xx_hal_rcc_ex.o
 .debug_macro   0x00000000000304d6      0x204 ./Drivers/STM32L4xx_HAL_Driver/Src/stm32l4xx_hal_spi.o
 .debug_macro   0x00000000000306da      0x1fd ./Drivers/STM32L4xx_HAL_Driver/Src/stm32l4xx_hal_tim.o
 .debug_macro   0x00000000000308d7      0x1fc ./Drivers/STM32L4xx_HAL_Driver/Src/stm32l4xx_hal_tim_ex.o
 .debug_macro   0x0000000000030ad3      0x227 ./Drivers/STM32L4xx_HAL_Driver/Src/stm32l4xx_hal_uart.o
 .debug_macro   0x0000000000030cfa      0x208 ./Drivers/STM32L4xx_HAL_Driver/Src/stm32l4xx_hal_uart_ex.o

.debug_line     0x0000000000000000    0x181f8
 .debug_line    0x0000000000000000      0xa26 ./Core/Src/iis3dwb.o
 .debug_line    0x0000000000000a26      0xb08 ./Core/Src/iis3dwb_app.o
 .debug_line    0x000000000000152e     0x165c ./Core/Src/iis3dwb_reg.o
 .debug_line    0x0000000000002b8a      0xbc9 ./Core/Src/main.o
 .debug_line    0x0000000000003753      0xad8 ./Core/Src/stm32l4xx_hal_msp.o
 .debug_line    0x000000000000422b      0xac3 ./Core/Src/stm32l4xx_it.o
 .debug_line    0x0000000000004cee      0x7f4 ./Core/Src/system_stm32l4xx.o
 .debug_line    0x00000000000054e2       0x87 ./Core/Startup/startup_stm32l4r9zijx.o
 .debug_line    0x0000000000005569      0xb33 ./Drivers/STM32L4xx_HAL_Driver/Src/stm32l4xx_hal.o
 .debug_line    0x000000000000609c      0xcda ./Drivers/STM32L4xx_HAL_Driver/Src/stm32l4xx_hal_cortex.o
 .debug_line    0x0000000000006d76      0xe8f ./Drivers/STM32L4xx_HAL_Driver/Src/stm32l4xx_hal_dma.o
 .debug_line    0x0000000000007c05      0xb8f ./Drivers/STM32L4xx_HAL_Driver/Src/stm32l4xx_hal_gpio.o
 .debug_line    0x0000000000008794      0xd94 ./Drivers/STM32L4xx_HAL_Driver/Src/stm32l4xx_hal_pwr_ex.o
 .debug_line    0x0000000000009528     0x1090 ./Drivers/STM32L4xx_HAL_Driver/Src/stm32l4xx_hal_rcc.o
 .debug_line    0x000000000000a5b8     0x19c5 ./Drivers/STM32L4xx_HAL_Driver/Src/stm32l4xx_hal_rcc_ex.o
 .debug_line    0x000000000000bf7d     0x1f6d ./Drivers/STM32L4xx_HAL_Driver/Src/stm32l4xx_hal_spi.o
 .debug_line    0x000000000000deea     0x3d6d ./Drivers/STM32L4xx_HAL_Driver/Src/stm32l4xx_hal_tim.o
 .debug_line    0x0000000000011c57     0x1c2c ./Drivers/STM32L4xx_HAL_Driver/Src/stm32l4xx_hal_tim_ex.o
 .debug_line    0x0000000000013883     0x3ba6 ./Drivers/STM32L4xx_HAL_Driver/Src/stm32l4xx_hal_uart.o
 .debug_line    0x0000000000017429      0xdcf ./Drivers/STM32L4xx_HAL_Driver/Src/stm32l4xx_hal_uart_ex.o

.debug_str      0x0000000000000000   0x12f3f1
 .debug_str     0x0000000000000000   0x128408 ./Core/Src/iis3dwb.o
                                     0x128849 (size before relaxing)
 .debug_str     0x0000000000128408      0xba8 ./Core/Src/iis3dwb_app.o
                                     0x129437 (size before relaxing)
 .debug_str     0x0000000000128fb0     0x1631 ./Core/Src/iis3dwb_reg.o
                                       0x9ac5 (size before relaxing)
 .debug_str     0x000000000012a5e1      0x643 ./Core/Src/main.o
                                     0x12960b (size before relaxing)
 .debug_str     0x000000000012ac24      0x366 ./Core/Src/stm32l4xx_hal_msp.o
                                     0x129750 (size before relaxing)
 .debug_str     0x000000000012af8a       0xe9 ./Core/Src/stm32l4xx_it.o
                                     0x128bca (size before relaxing)
 .debug_str     0x000000000012b073       0xb8 ./Core/Src/system_stm32l4xx.o
                                     0x122ece (size before relaxing)
 .debug_str     0x000000000012b12b       0x36 ./Core/Startup/startup_stm32l4r9zijx.o
                                         0x75 (size before relaxing)
 .debug_str     0x000000000012b161      0x5bc ./Drivers/STM32L4xx_HAL_Driver/Src/stm32l4xx_hal.o
                                     0x123a36 (size before relaxing)
 .debug_str     0x000000000012b71d      0x389 ./Drivers/STM32L4xx_HAL_Driver/Src/stm32l4xx_hal_cortex.o
                                     0x123781 (size before relaxing)
 .debug_str     0x000000000012baa6      0x2a9 ./Drivers/STM32L4xx_HAL_Driver/Src/stm32l4xx_hal_dma.o
                                     0x12325f (size before relaxing)
 .debug_str     0x000000000012bd4f      0x13b ./Drivers/STM32L4xx_HAL_Driver/Src/stm32l4xx_hal_gpio.o
                                     0x123080 (size before relaxing)
 .debug_str     0x000000000012be8a      0x586 ./Drivers/STM32L4xx_HAL_Driver/Src/stm32l4xx_hal_pwr_ex.o
                                     0x1234b7 (size before relaxing)
 .debug_str     0x000000000012c410      0x3f2 ./Drivers/STM32L4xx_HAL_Driver/Src/stm32l4xx_hal_rcc.o
                                     0x1234e1 (size before relaxing)
 .debug_str     0x000000000012c802      0x5ac ./Drivers/STM32L4xx_HAL_Driver/Src/stm32l4xx_hal_rcc_ex.o
                                     0x1238c2 (size before relaxing)
 .debug_str     0x000000000012cdae      0x58f ./Drivers/STM32L4xx_HAL_Driver/Src/stm32l4xx_hal_spi.o
                                     0x12376e (size before relaxing)
 .debug_str     0x000000000012d33d      0xe1d ./Drivers/STM32L4xx_HAL_Driver/Src/stm32l4xx_hal_tim.o
                                     0x124239 (size before relaxing)
 .debug_str     0x000000000012e15a      0x65b ./Drivers/STM32L4xx_HAL_Driver/Src/stm32l4xx_hal_tim_ex.o
                                     0x123b0b (size before relaxing)
 .debug_str     0x000000000012e7b5      0x95e ./Drivers/STM32L4xx_HAL_Driver/Src/stm32l4xx_hal_uart.o
                                     0x123d3c (size before relaxing)
 .debug_str     0x000000000012f113      0x2de ./Drivers/STM32L4xx_HAL_Driver/Src/stm32l4xx_hal_uart_ex.o
                                     0x12357d (size before relaxing)

.comment        0x0000000000000000       0x53
 .comment       0x0000000000000000       0x53 ./Core/Src/iis3dwb.o
                                         0x54 (size before relaxing)
 .comment       0x0000000000000053       0x54 ./Core/Src/iis3dwb_app.o
 .comment       0x0000000000000053       0x54 ./Core/Src/iis3dwb_reg.o
 .comment       0x0000000000000053       0x54 ./Core/Src/main.o
 .comment       0x0000000000000053       0x54 ./Core/Src/stm32l4xx_hal_msp.o
 .comment       0x0000000000000053       0x54 ./Core/Src/stm32l4xx_it.o
 .comment       0x0000000000000053       0x54 ./Core/Src/system_stm32l4xx.o
 .comment       0x0000000000000053       0x54 ./Drivers/STM32L4xx_HAL_Driver/Src/stm32l4xx_hal.o
 .comment       0x0000000000000053       0x54 ./Drivers/STM32L4xx_HAL_Driver/Src/stm32l4xx_hal_cortex.o
 .comment       0x0000000000000053       0x54 ./Drivers/STM32L4xx_HAL_Driver/Src/stm32l4xx_hal_dma.o
 .comment       0x0000000000000053       0x54 ./Drivers/STM32L4xx_HAL_Driver/Src/stm32l4xx_hal_gpio.o
 .comment       0x0000000000000053       0x54 ./Drivers/STM32L4xx_HAL_Driver/Src/stm32l4xx_hal_pwr_ex.o
 .comment       0x0000000000000053       0x54 ./Drivers/STM32L4xx_HAL_Driver/Src/stm32l4xx_hal_rcc.o
 .comment       0x0000000000000053       0x54 ./Drivers/STM32L4xx_HAL_Driver/Src/stm32l4xx_hal_rcc_ex.o
 .comment       0x0000000000000053       0x54 ./Drivers/STM32L4xx_HAL_Driver/Src/stm32l4xx_hal_spi.o
 .comment       0x0000000000000053       0x54 ./Drivers/STM32L4xx_HAL_Driver/Src/stm32l4xx_hal_tim.o
 .comment       0x0000000000000053       0x54 ./Drivers/STM32L4xx_HAL_Driver/Src/stm32l4xx_hal_tim_ex.o
 .comment       0x0000000000000053       0x54 ./Drivers/STM32L4xx_HAL_Driver/Src/stm32l4xx_hal_uart.o
 .comment       0x0000000000000053       0x54 ./Drivers/STM32L4xx_HAL_Driver/Src/stm32l4xx_hal_uart_ex.o

.debug_frame    0x0000000000000000     0x5d40
 .debug_frame   0x0000000000000000       0x90 ./Core/Src/iis3dwb.o
 .debug_frame   0x0000000000000090       0xac ./Core/Src/iis3dwb_app.o
 .debug_frame   0x000000000000013c      0xf88 ./Core/Src/iis3dwb_reg.o
 .debug_frame   0x00000000000010c4      0x158 ./Core/Src/main.o
 .debug_frame   0x000000000000121c      0x114 ./Core/Src/stm32l4xx_hal_msp.o
 .debug_frame   0x0000000000001330      0x158 ./Core/Src/stm32l4xx_it.o
 .debug_frame   0x0000000000001488       0x58 ./Core/Src/system_stm32l4xx.o
 .debug_frame   0x00000000000014e0      0x498 ./Drivers/STM32L4xx_HAL_Driver/Src/stm32l4xx_hal.o
 .debug_frame   0x0000000000001978      0x498 ./Drivers/STM32L4xx_HAL_Driver/Src/stm32l4xx_hal_cortex.o
 .debug_frame   0x0000000000001e10      0x24c ./Drivers/STM32L4xx_HAL_Driver/Src/stm32l4xx_hal_dma.o
 .debug_frame   0x000000000000205c      0x14c ./Drivers/STM32L4xx_HAL_Driver/Src/stm32l4xx_hal_gpio.o
 .debug_frame   0x00000000000021a8      0x5c4 ./Drivers/STM32L4xx_HAL_Driver/Src/stm32l4xx_hal_pwr_ex.o
 .debug_frame   0x000000000000276c      0x248 ./Drivers/STM32L4xx_HAL_Driver/Src/stm32l4xx_hal_rcc.o
 .debug_frame   0x00000000000029b4      0x464 ./Drivers/STM32L4xx_HAL_Driver/Src/stm32l4xx_hal_rcc_ex.o
 .debug_frame   0x0000000000002e18      0x860 ./Drivers/STM32L4xx_HAL_Driver/Src/stm32l4xx_hal_spi.o
 .debug_frame   0x0000000000003678     0x121c ./Drivers/STM32L4xx_HAL_Driver/Src/stm32l4xx_hal_tim.o
 .debug_frame   0x0000000000004894      0x6b0 ./Drivers/STM32L4xx_HAL_Driver/Src/stm32l4xx_hal_tim_ex.o
 .debug_frame   0x0000000000004f44      0xa8c ./Drivers/STM32L4xx_HAL_Driver/Src/stm32l4xx_hal_uart.o
 .debug_frame   0x00000000000059d0      0x29c ./Drivers/STM32L4xx_HAL_Driver/Src/stm32l4xx_hal_uart_ex.o
 .debug_frame   0x0000000000005c6c       0x2c c:/st/stm32cubeide_1.0.2/stm32cubeide/plugins/com.st.stm32cube.ide.mcu.externaltools.gnu-tools-for-stm32.9-2020-q2-update.win32_2.0.0.202105311346/tools/bin/../lib/gcc/arm-none-eabi/9.3.1/../../../../arm-none-eabi/lib/thumb/v7e-m+fp/hard\libc_nano.a(lib_a-init.o)
 .debug_frame   0x0000000000005c98       0x28 c:/st/stm32cubeide_1.0.2/stm32cubeide/plugins/com.st.stm32cube.ide.mcu.externaltools.gnu-tools-for-stm32.9-2020-q2-update.win32_2.0.0.202105311346/tools/bin/../lib/gcc/arm-none-eabi/9.3.1/../../../../arm-none-eabi/lib/thumb/v7e-m+fp/hard\libc_nano.a(lib_a-memcpy-stub.o)
 .debug_frame   0x0000000000005cc0       0x20 c:/st/stm32cubeide_1.0.2/stm32cubeide/plugins/com.st.stm32cube.ide.mcu.externaltools.gnu-tools-for-stm32.9-2020-q2-update.win32_2.0.0.202105311346/tools/bin/../lib/gcc/arm-none-eabi/9.3.1/../../../../arm-none-eabi/lib/thumb/v7e-m+fp/hard\libc_nano.a(lib_a-memset.o)
 .debug_frame   0x0000000000005ce0       0x2c c:/st/stm32cubeide_1.0.2/stm32cubeide/plugins/com.st.stm32cube.ide.mcu.externaltools.gnu-tools-for-stm32.9-2020-q2-update.win32_2.0.0.202105311346/tools/bin/../lib/gcc/arm-none-eabi/9.3.1/thumb/v7e-m+fp/hard\libgcc.a(_aeabi_uldivmod.o)
 .debug_frame   0x0000000000005d0c       0x34 c:/st/stm32cubeide_1.0.2/stm32cubeide/plugins/com.st.stm32cube.ide.mcu.externaltools.gnu-tools-for-stm32.9-2020-q2-update.win32_2.0.0.202105311346/tools/bin/../lib/gcc/arm-none-eabi/9.3.1/thumb/v7e-m+fp/hard\libgcc.a(_udivmoddi4.o)
