Archive member included to satisfy reference by file (symbol)

c:/st/stm32cubeide_1.0.2/stm32cubeide/plugins/com.st.stm32cube.ide.mcu.externaltools.gnu-tools-for-stm32.9-2020-q2-update.win32_2.0.0.202105311346/tools/bin/../lib/gcc/arm-none-eabi/9.3.1/../../../../arm-none-eabi/lib/thumb/v7e-m+fp/hard\libc_nano.a(lib_a-errno.o)
                              ./Core/Src/syscalls.o (__errno)
c:/st/stm32cubeide_1.0.2/stm32cubeide/plugins/com.st.stm32cube.ide.mcu.externaltools.gnu-tools-for-stm32.9-2020-q2-update.win32_2.0.0.202105311346/tools/bin/../lib/gcc/arm-none-eabi/9.3.1/../../../../arm-none-eabi/lib/thumb/v7e-m+fp/hard\libc_nano.a(lib_a-exit.o)
                              c:/st/stm32cubeide_1.0.2/stm32cubeide/plugins/com.st.stm32cube.ide.mcu.externaltools.gnu-tools-for-stm32.9-2020-q2-update.win32_2.0.0.202105311346/tools/bin/../lib/gcc/arm-none-eabi/9.3.1/../../../../arm-none-eabi/lib/thumb/v7e-m+fp/hard/crt0.o (exit)
c:/st/stm32cubeide_1.0.2/stm32cubeide/plugins/com.st.stm32cube.ide.mcu.externaltools.gnu-tools-for-stm32.9-2020-q2-update.win32_2.0.0.202105311346/tools/bin/../lib/gcc/arm-none-eabi/9.3.1/../../../../arm-none-eabi/lib/thumb/v7e-m+fp/hard\libc_nano.a(lib_a-impure.o)
                              c:/st/stm32cubeide_1.0.2/stm32cubeide/plugins/com.st.stm32cube.ide.mcu.externaltools.gnu-tools-for-stm32.9-2020-q2-update.win32_2.0.0.202105311346/tools/bin/../lib/gcc/arm-none-eabi/9.3.1/../../../../arm-none-eabi/lib/thumb/v7e-m+fp/hard\libc_nano.a(lib_a-exit.o) (_global_impure_ptr)
c:/st/stm32cubeide_1.0.2/stm32cubeide/plugins/com.st.stm32cube.ide.mcu.externaltools.gnu-tools-for-stm32.9-2020-q2-update.win32_2.0.0.202105311346/tools/bin/../lib/gcc/arm-none-eabi/9.3.1/../../../../arm-none-eabi/lib/thumb/v7e-m+fp/hard\libc_nano.a(lib_a-init.o)
                              c:/st/stm32cubeide_1.0.2/stm32cubeide/plugins/com.st.stm32cube.ide.mcu.externaltools.gnu-tools-for-stm32.9-2020-q2-update.win32_2.0.0.202105311346/tools/bin/../lib/gcc/arm-none-eabi/9.3.1/../../../../arm-none-eabi/lib/thumb/v7e-m+fp/hard/crt0.o (__libc_init_array)
c:/st/stm32cubeide_1.0.2/stm32cubeide/plugins/com.st.stm32cube.ide.mcu.externaltools.gnu-tools-for-stm32.9-2020-q2-update.win32_2.0.0.202105311346/tools/bin/../lib/gcc/arm-none-eabi/9.3.1/../../../../arm-none-eabi/lib/thumb/v7e-m+fp/hard\libc_nano.a(lib_a-memcpy-stub.o)
                              ./Core/Src/iis3dwb_app.o (memcpy)
c:/st/stm32cubeide_1.0.2/stm32cubeide/plugins/com.st.stm32cube.ide.mcu.externaltools.gnu-tools-for-stm32.9-2020-q2-update.win32_2.0.0.202105311346/tools/bin/../lib/gcc/arm-none-eabi/9.3.1/../../../../arm-none-eabi/lib/thumb/v7e-m+fp/hard\libc_nano.a(lib_a-memset.o)
                              c:/st/stm32cubeide_1.0.2/stm32cubeide/plugins/com.st.stm32cube.ide.mcu.externaltools.gnu-tools-for-stm32.9-2020-q2-update.win32_2.0.0.202105311346/tools/bin/../lib/gcc/arm-none-eabi/9.3.1/../../../../arm-none-eabi/lib/thumb/v7e-m+fp/hard/crt0.o (memset)
c:/st/stm32cubeide_1.0.2/stm32cubeide/plugins/com.st.stm32cube.ide.mcu.externaltools.gnu-tools-for-stm32.9-2020-q2-update.win32_2.0.0.202105311346/tools/bin/../lib/gcc/arm-none-eabi/9.3.1/../../../../arm-none-eabi/lib/thumb/v7e-m+fp/hard\libm.a(lib_a-w_pow.o)
                              ./Core/Src/format.o (pow)
c:/st/stm32cubeide_1.0.2/stm32cubeide/plugins/com.st.stm32cube.ide.mcu.externaltools.gnu-tools-for-stm32.9-2020-q2-update.win32_2.0.0.202105311346/tools/bin/../lib/gcc/arm-none-eabi/9.3.1/../../../../arm-none-eabi/lib/thumb/v7e-m+fp/hard\libm.a(lib_a-e_pow.o)
                              c:/st/stm32cubeide_1.0.2/stm32cubeide/plugins/com.st.stm32cube.ide.mcu.externaltools.gnu-tools-for-stm32.9-2020-q2-update.win32_2.0.0.202105311346/tools/bin/../lib/gcc/arm-none-eabi/9.3.1/../../../../arm-none-eabi/lib/thumb/v7e-m+fp/hard\libm.a(lib_a-w_pow.o) (__ieee754_pow)
c:/st/stm32cubeide_1.0.2/stm32cubeide/plugins/com.st.stm32cube.ide.mcu.externaltools.gnu-tools-for-stm32.9-2020-q2-update.win32_2.0.0.202105311346/tools/bin/../lib/gcc/arm-none-eabi/9.3.1/../../../../arm-none-eabi/lib/thumb/v7e-m+fp/hard\libm.a(lib_a-e_sqrt.o)
                              c:/st/stm32cubeide_1.0.2/stm32cubeide/plugins/com.st.stm32cube.ide.mcu.externaltools.gnu-tools-for-stm32.9-2020-q2-update.win32_2.0.0.202105311346/tools/bin/../lib/gcc/arm-none-eabi/9.3.1/../../../../arm-none-eabi/lib/thumb/v7e-m+fp/hard\libm.a(lib_a-e_pow.o) (__ieee754_sqrt)
c:/st/stm32cubeide_1.0.2/stm32cubeide/plugins/com.st.stm32cube.ide.mcu.externaltools.gnu-tools-for-stm32.9-2020-q2-update.win32_2.0.0.202105311346/tools/bin/../lib/gcc/arm-none-eabi/9.3.1/../../../../arm-none-eabi/lib/thumb/v7e-m+fp/hard\libm.a(lib_a-s_fabs.o)
                              c:/st/stm32cubeide_1.0.2/stm32cubeide/plugins/com.st.stm32cube.ide.mcu.externaltools.gnu-tools-for-stm32.9-2020-q2-update.win32_2.0.0.202105311346/tools/bin/../lib/gcc/arm-none-eabi/9.3.1/../../../../arm-none-eabi/lib/thumb/v7e-m+fp/hard\libm.a(lib_a-e_pow.o) (fabs)
[...]
Memory Configuration

Name             Origin             Length             Attributes
RAM              0x0000000020000000 0x00000000000a0000 xrw
FLASH            0x0000000008000000 0x0000000000200000 xr
*default*        0x0000000000000000 0xffffffffffffffff

Linker script and memory map

LOAD c:/st/stm32cubeide_1.0.2/stm32cubeide/plugins/com.st.stm32cube.ide.mcu.externaltools.gnu-tools-for-stm32.9-2020-q2-update.win32_2.0.0.202105311346/tools/bin/../lib/gcc/arm-none-eabi/9.3.1/thumb/v7e-m+fp/hard/crti.o
LOAD c:/st/stm32cubeide_1.0.2/stm32cubeide/plugins/com.st.stm32cube.ide.mcu.externaltools.gnu-tools-for-stm32.9-2020-q2-update.win32_2.0.0.202105311346/tools/bin/../lib/gcc/arm-none-eabi/9.3.1/thumb/v7e-m+fp/hard/crtbegin.o
LOAD c:/st/stm32cubeide_1.0.2/stm32cubeide/plugins/com.st.stm32cube.ide.mcu.externaltools.gnu-tools-for-stm32.9-2020-q2-update.win32_2.0.0.202105311346/tools/bin/../lib/gcc/arm-none-eabi/9.3.1/../../../../arm-none-eabi/lib/thumb/v7e-m+fp/hard/crt0.o
LOAD ./Core/Src/format.o
LOAD ./Core/Src/iis3dwb.o
LOAD ./Core/Src/iis3dwb_app.o
LOAD ./Core/Src/iis3dwb_reg.o
LOAD ./Core/Src/iis3dwb_st.o
LOAD ./Core/Src/main.o
LOAD ./Core/Src/stm32l4xx_hal_msp.o
LOAD ./Core/Src/stm32l4xx_it.o
LOAD ./Core/Src/syscalls.o
LOAD ./Core/Src/sysmem.o
LOAD ./Core/Src/system_stm32l4xx.o
LOAD ./Core/Startup/startup_stm32l4r9zijx.o
LOAD ./Drivers/STM32L4xx_HAL_Driver/Src/stm32l4xx_hal.o
LOAD ./Drivers/STM32L4xx_HAL_Driver/Src/stm32l4xx_hal_cortex.o
LOAD ./Drivers/STM32L4xx_HAL_Driver/Src/stm32l4xx_hal_dma.o
LOAD ./Drivers/STM32L4xx_HAL_Driver/Src/stm32l4xx_hal_dma_ex.o
LOAD ./Drivers/STM32L4xx_HAL_Driver/Src/stm32l4xx_hal_exti.o
LOAD ./Drivers/STM32L4xx_HAL_Driver/Src/stm32l4xx_hal_flash.o
LOAD ./Drivers/STM32L4xx_HAL_Driver/Src/stm32l4xx_hal_flash_ex.o
LOAD ./Drivers/STM32L4xx_HAL_Driver/Src/stm32l4xx_hal_flash_ramfunc.o
LOAD ./Drivers/STM32L4xx_HAL_Driver/Src/stm32l4xx_hal_gpio.o
LOAD ./Drivers/STM32L4xx_HAL_Driver/Src/stm32l4xx_hal_i2c.o
LOAD ./Drivers/STM32L4xx_HAL_Driver/Src/stm32l4xx_hal_i2c_ex.o
LOAD ./Drivers/STM32L4xx_HAL_Driver/Src/stm32l4xx_hal_pwr.o
LOAD ./Drivers/STM32L4xx_HAL_Driver/Src/stm32l4xx_hal_pwr_ex.o
LOAD ./Drivers/STM32L4xx_HAL_Driver/Src/stm32l4xx_hal_rcc.o
LOAD ./Drivers/STM32L4xx_HAL_Driver/Src/stm32l4xx_hal_rcc_ex.o
LOAD ./Drivers/STM32L4xx_HAL_Driver/Src/stm32l4xx_hal_spi.o
LOAD ./Drivers/STM32L4xx_HAL_Driver/Src/stm32l4xx_hal_spi_ex.o
LOAD ./Drivers/STM32L4xx_HAL_Driver/Src/stm32l4xx_hal_tim.o
LOAD ./Drivers/STM32L4xx_HAL_Driver/Src/stm32l4xx_hal_tim_ex.o
LOAD ./Drivers/STM32L4xx_HAL_Driver/Src/stm32l4xx_hal_uart.o
LOAD ./Drivers/STM32L4xx_HAL_Driver/Src/stm32l4xx_hal_uart_ex.o
START GROUP
LOAD c:/st/stm32cubeide_1.0.2/stm32cubeide/plugins/com.st.stm32cube.ide.mcu.externaltools.gnu-tools-for-stm32.9-2020-q2-update.win32_2.0.0.202105311346/tools/bin/../lib/gcc/arm-none-eabi/9.3.1/../../../../arm-none-eabi/lib/thumb/v7e-m+fp/hard\libc_nano.a
LOAD c:/st/stm32cubeide_1.0.2/stm32cubeide/plugins/com.st.stm32cube.ide.mcu.externaltools.gnu-tools-for-stm32.9-2020-q2-update.win32_2.0.0.202105311346/tools/bin/../lib/gcc/arm-none-eabi/9.3.1/../../../../arm-none-eabi/lib/thumb/v7e-m+fp/hard\libm.a
END GROUP
START GROUP
LOAD c:/st/stm32cubeide_1.0.2/stm32cubeide/plugins/com.st.stm32cube.ide.mcu.externaltools.gnu-tools-for-stm32.9-2020-q2-update.win32_2.0.0.202105311346/tools/bin/../lib/gcc/arm-none-eabi/9.3.1/thumb/v7e-m+fp/hard\libgcc.a
LOAD c:/st/stm32cubeide_1.0.2/stm32cubeide/plugins/com.st.stm32cube.ide.mcu.externaltools.gnu-tools-for-stm32.9-2020-q2-update.win32_2.0.0.202105311346/tools/bin/../lib/gcc/arm-none-eabi/9.3.1/../../../../arm-none-eabi/lib/thumb/v7e-m+fp/hard\libc_nano.a
END GROUP
START GROUP
LOAD c:/st/stm32cubeide_1.0.2/stm32cubeide/plugins/com.st.stm32cube.ide.mcu.externaltools.gnu-tools-for-stm32.9-2020-q2-update.win32_2.0.0.202105311346/tools/bin/../lib/gcc/arm-none-eabi/9.3.1/thumb/v7e-m+fp/hard\libgcc.a
LOAD c:/st/stm32cubeide_1.0.2/stm32cubeide/plugins/com.st.stm32cube.ide.mcu.externaltools.gnu-tools-for-stm32.9-2020-q2-update.win32_2.0.0.202105311346/tools/bin/../lib/gcc/arm-none-eabi/9.3.1/../../../../arm-none-eabi/lib/thumb/v7e-m+fp/hard\libc_nano.a
LOAD c:/st/stm32cubeide_1.0.2/stm32cubeide/plugins/com.st.stm32cube.ide.mcu.externaltools.gnu-tools-for-stm32.9-2020-q2-update.win32_2.0.0.202105311346/tools/bin/../lib/gcc/arm-none-eabi/9.3.1/../../../../arm-none-eabi/lib/thumb/v7e-m+fp/hard\libnosys.a
END GROUP
START GROUP
LOAD c:/st/stm32cubeide_1.0.2/stm32cubeide/plugins/com.st.stm32cube.ide.mcu.externaltools.gnu-tools-for-stm32.9-2020-q2-update.win32_2.0.0.202105311346/tools/bin/../lib/gcc/arm-none-eabi/9.3.1/thumb/v7e-m+fp/hard\libgcc.a
LOAD c:/st/stm32cubeide_1.0.2/stm32cubeide/plugins/com.st.stm32cube.ide.mcu.externaltools.gnu-tools-for-stm32.9-2020-q2-update.win32_2.0.0.202105311346/tools/bin/../lib/gcc/arm-none-eabi/9.3.1/../../../../arm-none-eabi/lib/thumb/v7e-m+fp/hard\libc_nano.a
LOAD c:/st/stm32cubeide_1.0.2/stm32cubeide/plugins/com.st.stm32cube.ide.mcu.externaltools.gnu-tools-for-stm32.9-2020-q2-update.win32_2.0.0.202105311346/tools/bin/../lib/gcc/arm-none-eabi/9.3.1/../../../../arm-none-eabi/lib/thumb/v7e-m+fp/hard\libnosys.a
END GROUP
LOAD c:/st/stm32cubeide_1.0.2/stm32cubeide/plugins/com.st.stm32cube.ide.mcu.externaltools.gnu-tools-for-stm32.9-2020-q2-update.win32_2.0.0.202105311346/tools/bin/../lib/gcc/arm-none-eabi/9.3.1/thumb/v7e-m+fp/hard/crtend.o
LOAD c:/st/stm32cubeide_1.0.2/stm32cubeide/plugins/com.st.stm32cube.ide.mcu.externaltools.gnu-tools-for-stm32.9-2020-q2-update.win32_2.0.0.202105311346/tools/bin/../lib/gcc/arm-none-eabi/9.3.1/thumb/v7e-m+fp/hard/crtn.o
                0x00000000200a0000                _estack = (ORIGIN (RAM) + LENGTH (RAM))
                0x0000000000000200                _Min_Heap_Size = 0x200
                0x0000000000000400                _Min_Stack_Size = 0x400

.isr_vector     0x0000000008000000      0x1bc
                0x0000000008000000                . = ALIGN (0x4)
 *(.isr_vector)
 .isr_vector    0x0000000008000000      0x1bc ./Core/Startup/startup_stm32l4r9zijx.o
                0x0000000008000000                g_pfnVectors
                0x00000000080001bc                . = ALIGN (0x4)

.text           0x00000000080001c0     0x6dec
                0x00000000080001c0                . = ALIGN (0x4)
 *(.text)
 .text          0x00000000080001c0       0x40 c:/st/stm32cubeide_1.0.2/stm32cubeide/plugins/com.st.stm32cube.ide.mcu.externaltools.gnu-tools-for-stm32.9-2020-q2-update.win32_2.0.0.202105311346/tools/bin/../lib/gcc/arm-none-eabi/9.3.1/thumb/v7e-m+fp/hard/crtbegin.o
 .text          0x0000000008000200      0x378 c:/st/stm32cubeide_1.0.2/stm32cubeide/plugins/com.st.stm32cube.ide.mcu.externaltools.gnu-tools-for-stm32.9-2020-q2-update.win32_2.0.0.202105311346/tools/bin/../lib/gcc/arm-none-eabi/9.3.1/thumb/v7e-m+fp/hard\libgcc.a(_arm_addsubdf3.o)
                0x0000000008000200                __aeabi_drsub
                0x0000000008000208                __aeabi_dsub
                0x0000000008000208                __subdf3
                0x000000000800020c                __aeabi_dadd
                0x000000000800020c                __adddf3
                0x0000000008000484                __floatunsidf
                0x0000000008000484                __aeabi_ui2d
                0x00000000080004a4                __floatsidf
                0x00000000080004a4                __aeabi_i2d
                0x00000000080004c8                __aeabi_f2d
                0x00000000080004c8                __extendsfdf2
                0x000000000800050c                __floatundidf
                0x000000000800050c                __aeabi_ul2d
                0x000000000800051c                __floatdidf
                0x000000000800051c                __aeabi_l2d
 .text          0x0000000008000578      0x424 c:/st/stm32cubeide_1.0.2/stm32cubeide/plugins/com.st.stm32cube.ide.mcu.externaltools.gnu-tools-for-stm32.9-2020-q2-update.win32_2.0.0.202105311346/tools/bin/../lib/gcc/arm-none-eabi/9.3.1/thumb/v7e-m+fp/hard\libgcc.a(_arm_muldivdf3.o)
                0x0000000008000578                __aeabi_dmul
                0x0000000008000578                __muldf3
                0x00000000080007cc                __divdf3
                0x00000000080007cc                __aeabi_ddiv
 .text          0x000000000800099c      0x110 c:/st/stm32cubeide_1.0.2/stm32cubeide/plugins/com.st.stm32cube.ide.mcu.externaltools.gnu-tools-for-stm32.9-2020-q2-update.win32_2.0.0.202105311346/tools/bin/../lib/gcc/arm-none-eabi/9.3.1/thumb/v7e-m+fp/hard\libgcc.a(_arm_cmpdf2.o)
                0x000000000800099c                __gtdf2
                0x000000000800099c                __gedf2
                0x00000000080009a4                __ltdf2
                0x00000000080009a4                __ledf2
                0x00000000080009ac                __nedf2
                0x00000000080009ac                __eqdf2
                0x00000000080009ac                __cmpdf2
                0x0000000008000a28                __aeabi_cdrcmple
                0x0000000008000a38                __aeabi_cdcmpeq
                0x0000000008000a38                __aeabi_cdcmple
                0x0000000008000a48                __aeabi_dcmpeq
                0x0000000008000a5c                __aeabi_dcmplt
                0x0000000008000a70                __aeabi_dcmple
                0x0000000008000a84                __aeabi_dcmpge
                0x0000000008000a98                __aeabi_dcmpgt
 .text          0x0000000008000aac       0x2c c:/st/stm32cubeide_1.0.2/stm32cubeide/plugins/com.st.stm32cube.ide.mcu.externaltools.gnu-tools-for-stm32.9-2020-q2-update.win32_2.0.0.202105311346/tools/bin/../lib/gcc/arm-none-eabi/9.3.1/thumb/v7e-m+fp/hard\libgcc.a(_arm_unorddf2.o)
                0x0000000008000aac                __unorddf2
                0x0000000008000aac                __aeabi_dcmpun
 .text          0x0000000008000ad8       0xa0 c:/st/stm32cubeide_1.0.2/stm32cubeide/plugins/com.st.stm32cube.ide.mcu.externaltools.gnu-tools-for-stm32.9-2020-q2-update.win32_2.0.0.202105311346/tools/bin/../lib/gcc/arm-none-eabi/9.3.1/thumb/v7e-m+fp/hard\libgcc.a(_arm_truncdfsf2.o)
                0x0000000008000ad8                __truncdfsf2
                0x0000000008000ad8                __aeabi_d2f
 .text          0x0000000008000b78       0x30 c:/st/stm32cubeide_1.0.2/stm32cubeide/plugins/com.st.stm32cube.ide.mcu.externaltools.gnu-tools-for-stm32.9-2020-q2-update.win32_2.0.0.202105311346/tools/bin/../lib/gcc/arm-none-eabi/9.3.1/thumb/v7e-m+fp/hard\libgcc.a(_aeabi_uldivmod.o)
                0x0000000008000b78                __aeabi_uldivmod
 .text          0x0000000008000ba8      0x2c4 c:/st/stm32cubeide_1.0.2/stm32cubeide/plugins/com.st.stm32cube.ide.mcu.externaltools.gnu-tools-for-stm32.9-2020-q2-update.win32_2.0.0.202105311346/tools/bin/../lib/gcc/arm-none-eabi/9.3.1/thumb/v7e-m+fp/hard\libgcc.a(_udivmoddi4.o)
                0x0000000008000ba8                __udivmoddi4
 .text          0x0000000008000e6c        0x4 c:/st/stm32cubeide_1.0.2/stm32cubeide/plugins/com.st.stm32cube.ide.mcu.externaltools.gnu-tools-for-stm32.9-2020-q2-update.win32_2.0.0.202105311346/tools/bin/../lib/gcc/arm-none-eabi/9.3.1/thumb/v7e-m+fp/hard\libgcc.a(_dvmd_tls.o)
                0x0000000008000e6c                __aeabi_idiv0
                0x0000000008000e6c                __aeabi_ldiv0
 *(.text*)
 .text.reverse  0x0000000008000e70       0x5e ./Core/Src/format.o
                0x0000000008000e70                reverse
 *fill*         0x0000000008000ece        0x2 
 .text.itostr   0x0000000008000ed0       0x90 ./Core/Src/format.o
                0x0000000008000ed0                itostr
 .text.ftoa     0x0000000008000f60       0xb8 ./Core/Src/format.o
                0x0000000008000f60                ftoa
 .text.IIS3DWB_READ_REG
                0x0000000008001018       0x6c ./Core/Src/iis3dwb.o
                0x0000000008001018                IIS3DWB_READ_REG
 .text.IIS3DWB_WRITE_REG
                0x0000000008001084       0x5c ./Core/Src/iis3dwb.o
                0x0000000008001084                IIS3DWB_WRITE_REG
 .text.IIS3DWB_CS_HIGH
                0x00000000080010e0       0x20 ./Core/Src/iis3dwb.o
                0x00000000080010e0                IIS3DWB_CS_HIGH
 .text.IIS3DWB_CS_LOW
                0x0000000008001100       0x20 ./Core/Src/iis3dwb.o
                0x0000000008001100                IIS3DWB_CS_LOW
 .text.IIS3DWB_SET_CONFIG
                0x0000000008001120       0xa4 ./Core/Src/iis3dwb_app.o
 .text.IIS3DWB_MEASSURE
                0x00000000080011c4      0x198 ./Core/Src/iis3dwb_app.o
                0x00000000080011c4                IIS3DWB_MEASSURE
 .text.IIS3DWB_INIT
                0x000000000800135c       0x4c ./Core/Src/iis3dwb_app.o
                0x000000000800135c                IIS3DWB_INIT
 .text.iis3dwb_read_reg
                0x00000000080013a8       0x30 ./Core/Src/iis3dwb_reg.o
                0x00000000080013a8                iis3dwb_read_reg
 .text.iis3dwb_write_reg
                0x00000000080013d8       0x30 ./Core/Src/iis3dwb_reg.o
                0x00000000080013d8                iis3dwb_write_reg
 .text.iis3dwb_from_fs2g_to_mg
                0x0000000008001408       0x30 ./Core/Src/iis3dwb_reg.o
                0x0000000008001408                iis3dwb_from_fs2g_to_mg
 .text.iis3dwb_xl_full_scale_set
                0x0000000008001438       0x4c ./Core/Src/iis3dwb_reg.o
                0x0000000008001438                iis3dwb_xl_full_scale_set
 .text.iis3dwb_xl_data_rate_set
                0x0000000008001484       0x4c ./Core/Src/iis3dwb_reg.o
                0x0000000008001484                iis3dwb_xl_data_rate_set
 .text.iis3dwb_block_data_update_set
                0x00000000080014d0       0x4c ./Core/Src/iis3dwb_reg.o
                0x00000000080014d0                iis3dwb_block_data_update_set
 .text.iis3dwb_xl_axis_selection_set
                0x000000000800151c       0x8a ./Core/Src/iis3dwb_reg.o
                0x000000000800151c                iis3dwb_xl_axis_selection_set
 .text.iis3dwb_xl_flag_data_ready_get
                0x00000000080015a6       0x32 ./Core/Src/iis3dwb_reg.o
                0x00000000080015a6                iis3dwb_xl_flag_data_ready_get
 .text.iis3dwb_acceleration_raw_get
                0x00000000080015d8       0x22 ./Core/Src/iis3dwb_reg.o
                0x00000000080015d8                iis3dwb_acceleration_raw_get
 .text.iis3dwb_device_id_get
                0x00000000080015fa       0x22 ./Core/Src/iis3dwb_reg.o
                0x00000000080015fa                iis3dwb_device_id_get
 .text.iis3dwb_reset_set
                0x000000000800161c       0x4c ./Core/Src/iis3dwb_reg.o
                0x000000000800161c                iis3dwb_reset_set
 .text.iis3dwb_reset_get
                0x0000000008001668       0x32 ./Core/Src/iis3dwb_reg.o
                0x0000000008001668                iis3dwb_reset_get
 .text.iis3dwb_auto_increment_set
                0x000000000800169a       0x4c ./Core/Src/iis3dwb_reg.o
                0x000000000800169a                iis3dwb_auto_increment_set
 .text.iis3dwb_xl_filter_lp2_set
                0x00000000080016e6       0x4c ./Core/Src/iis3dwb_reg.o
                0x00000000080016e6                iis3dwb_xl_filter_lp2_set
 .text.iis3dwb_fifo_mode_set
                0x0000000008001732       0x4c ./Core/Src/iis3dwb_reg.o
                0x0000000008001732                iis3dwb_fifo_mode_set
 *fill*         0x000000000800177e        0x2 
 .text.main     0x0000000008001780       0x6c ./Core/Src/main.o
                0x0000000008001780                main
 .text.SystemClock_Config
                0x00000000080017ec       0xa4 ./Core/Src/main.o
                0x00000000080017ec                SystemClock_Config
 .text.MX_SPI2_Init
                0x0000000008001890       0x7c ./Core/Src/main.o
 .text.MX_TIM17_Init
                0x000000000800190c       0x4c ./Core/Src/main.o
 .text.MX_USART2_UART_Init
                0x0000000008001958       0x98 ./Core/Src/main.o
 .text.MX_GPIO_Init
                0x00000000080019f0      0x180 ./Core/Src/main.o
 .text.HAL_TIM_PeriodElapsedCallback
                0x0000000008001b70       0x14 ./Core/Src/main.o
                0x0000000008001b70                HAL_TIM_PeriodElapsedCallback
 .text.Error_Handler
                0x0000000008001b84        0xa ./Core/Src/main.o
                0x0000000008001b84                Error_Handler
 *fill*         0x0000000008001b8e        0x2 
 .text.HAL_MspInit
                0x0000000008001b90       0x48 ./Core/Src/stm32l4xx_hal_msp.o
                0x0000000008001b90                HAL_MspInit
 .text.HAL_SPI_MspInit
                0x0000000008001bd8       0xc4 ./Core/Src/stm32l4xx_hal_msp.o
                0x0000000008001bd8                HAL_SPI_MspInit
 .text.HAL_TIM_Base_MspInit
                0x0000000008001c9c       0x4c ./Core/Src/stm32l4xx_hal_msp.o
                0x0000000008001c9c                HAL_TIM_Base_MspInit
 .text.HAL_UART_MspInit
                0x0000000008001ce8       0xbc ./Core/Src/stm32l4xx_hal_msp.o
                0x0000000008001ce8                HAL_UART_MspInit
 .text.NMI_Handler
                0x0000000008001da4        0x6 ./Core/Src/stm32l4xx_it.o
                0x0000000008001da4                NMI_Handler
 .text.HardFault_Handler
                0x0000000008001daa        0x6 ./Core/Src/stm32l4xx_it.o
                0x0000000008001daa                HardFault_Handler
 .text.MemManage_Handler
                0x0000000008001db0        0x6 ./Core/Src/stm32l4xx_it.o
                0x0000000008001db0                MemManage_Handler
 .text.BusFault_Handler
                0x0000000008001db6        0x6 ./Core/Src/stm32l4xx_it.o
                0x0000000008001db6                BusFault_Handler
 .text.UsageFault_Handler
                0x0000000008001dbc        0x6 ./Core/Src/stm32l4xx_it.o
                0x0000000008001dbc                UsageFault_Handler
 .text.SVC_Handler
                0x0000000008001dc2        0xe ./Core/Src/stm32l4xx_it.o
                0x0000000008001dc2                SVC_Handler
 .text.DebugMon_Handler
                0x0000000008001dd0        0xe ./Core/Src/stm32l4xx_it.o
                0x0000000008001dd0                DebugMon_Handler
 .text.PendSV_Handler
                0x0000000008001dde        0xe ./Core/Src/stm32l4xx_it.o
                0x0000000008001dde                PendSV_Handler
 .text.SysTick_Handler
                0x0000000008001dec        0xc ./Core/Src/stm32l4xx_it.o
                0x0000000008001dec                SysTick_Handler
 .text.TIM1_TRG_COM_TIM17_IRQHandler
                0x0000000008001df8       0x14 ./Core/Src/stm32l4xx_it.o
                0x0000000008001df8                TIM1_TRG_COM_TIM17_IRQHandler
 .text.SystemInit
                0x0000000008001e0c       0x64 ./Core/Src/system_stm32l4xx.o
                0x0000000008001e0c                SystemInit
 .text.Reset_Handler
                0x0000000008001e70       0x50 ./Core/Startup/startup_stm32l4r9zijx.o
                0x0000000008001e70                Reset_Handler
 .text.Default_Handler
                0x0000000008001ec0        0x2 ./Core/Startup/startup_stm32l4r9zijx.o
                0x0000000008001ec0                RTC_Alarm_IRQHandler
                0x0000000008001ec0                EXTI2_IRQHandler
                0x0000000008001ec0                TIM8_TRG_COM_IRQHandler
                0x0000000008001ec0                TIM8_CC_IRQHandler
                0x0000000008001ec0                TIM1_CC_IRQHandler
                0x0000000008001ec0                TSC_IRQHandler
                0x0000000008001ec0                TAMP_STAMP_IRQHandler
                0x0000000008001ec0                EXTI3_IRQHandler
                0x0000000008001ec0                LPTIM2_IRQHandler
                0x0000000008001ec0                DFSDM1_FLT1_IRQHandler
                0x0000000008001ec0                GFXMMU_IRQHandler
                0x0000000008001ec0                I2C3_ER_IRQHandler
                0x0000000008001ec0                DFSDM1_FLT2_IRQHandler
                0x0000000008001ec0                EXTI0_IRQHandler
                0x0000000008001ec0                I2C2_EV_IRQHandler
                0x0000000008001ec0                CAN1_RX0_IRQHandler
                0x0000000008001ec0                FPU_IRQHandler
                0x0000000008001ec0                TIM1_UP_TIM16_IRQHandler
                0x0000000008001ec0                LTDC_ER_IRQHandler
                0x0000000008001ec0                SPI1_IRQHandler
                0x0000000008001ec0                OCTOSPI1_IRQHandler
                0x0000000008001ec0                TIM6_DAC_IRQHandler
                0x0000000008001ec0                DCMI_IRQHandler
                0x0000000008001ec0                TIM8_UP_IRQHandler
                0x0000000008001ec0                OCTOSPI2_IRQHandler
                0x0000000008001ec0                DMA2_Channel2_IRQHandler
                0x0000000008001ec0                DMA1_Channel4_IRQHandler
                0x0000000008001ec0                SAI2_IRQHandler
                0x0000000008001ec0                ADC1_IRQHandler
                0x0000000008001ec0                DFSDM1_FLT3_IRQHandler
                0x0000000008001ec0                USART3_IRQHandler
                0x0000000008001ec0                DMA1_Channel7_IRQHandler
                0x0000000008001ec0                CAN1_RX1_IRQHandler
                0x0000000008001ec0                UART5_IRQHandler
                0x0000000008001ec0                TIM4_IRQHandler
                0x0000000008001ec0                DMA2_Channel1_IRQHandler
                0x0000000008001ec0                I2C1_EV_IRQHandler
                0x0000000008001ec0                DMAMUX1_OVR_IRQHandler
                0x0000000008001ec0                DMA1_Channel6_IRQHandler
                0x0000000008001ec0                UART4_IRQHandler
                0x0000000008001ec0                DMA2_Channel4_IRQHandler
                0x0000000008001ec0                TIM3_IRQHandler
                0x0000000008001ec0                RCC_IRQHandler
                0x0000000008001ec0                DMA1_Channel1_IRQHandler
                0x0000000008001ec0                Default_Handler
                0x0000000008001ec0                DMA2_Channel7_IRQHandler
                0x0000000008001ec0                EXTI15_10_IRQHandler
                0x0000000008001ec0                TIM7_IRQHandler
                0x0000000008001ec0                SDMMC1_IRQHandler
                0x0000000008001ec0                TIM5_IRQHandler
                0x0000000008001ec0                I2C3_EV_IRQHandler
                0x0000000008001ec0                EXTI9_5_IRQHandler
                0x0000000008001ec0                RTC_WKUP_IRQHandler
                0x0000000008001ec0                LTDC_IRQHandler
                0x0000000008001ec0                PVD_PVM_IRQHandler
                0x0000000008001ec0                SPI2_IRQHandler
                0x0000000008001ec0                CAN1_TX_IRQHandler
                0x0000000008001ec0                DMA2_Channel5_IRQHandler
                0x0000000008001ec0                CRS_IRQHandler
                0x0000000008001ec0                DMA1_Channel5_IRQHandler
                0x0000000008001ec0                EXTI4_IRQHandler
                0x0000000008001ec0                RNG_IRQHandler
                0x0000000008001ec0                DMA1_Channel3_IRQHandler
                0x0000000008001ec0                COMP_IRQHandler
                0x0000000008001ec0                DSI_IRQHandler
                0x0000000008001ec0                WWDG_IRQHandler
                0x0000000008001ec0                I2C4_EV_IRQHandler
                0x0000000008001ec0                LPUART1_IRQHandler
                0x0000000008001ec0                DMA2_Channel6_IRQHandler
                0x0000000008001ec0                TIM2_IRQHandler
                0x0000000008001ec0                DMA2D_IRQHandler
                0x0000000008001ec0                EXTI1_IRQHandler
                0x0000000008001ec0                USART2_IRQHandler
                0x0000000008001ec0                DFSDM1_FLT0_IRQHandler
                0x0000000008001ec0                I2C2_ER_IRQHandler
                0x0000000008001ec0                DMA1_Channel2_IRQHandler
                0x0000000008001ec0                TIM8_BRK_IRQHandler
                0x0000000008001ec0                CAN1_SCE_IRQHandler
                0x0000000008001ec0                FLASH_IRQHandler
                0x0000000008001ec0                USART1_IRQHandler
                0x0000000008001ec0                OTG_FS_IRQHandler
                0x0000000008001ec0                SPI3_IRQHandler
                0x0000000008001ec0                I2C1_ER_IRQHandler
                0x0000000008001ec0                FMC_IRQHandler
                0x0000000008001ec0                LPTIM1_IRQHandler
                0x0000000008001ec0                I2C4_ER_IRQHandler
                0x0000000008001ec0                SAI1_IRQHandler
                0x0000000008001ec0                DMA2_Channel3_IRQHandler
                0x0000000008001ec0                TIM1_BRK_TIM15_IRQHandler
 .text.HAL_Init
                0x0000000008001ec2       0x30 ./Drivers/STM32L4xx_HAL_Driver/Src/stm32l4xx_hal.o
                0x0000000008001ec2                HAL_Init
 *fill*         0x0000000008001ef2        0x2 
 .text.HAL_InitTick
                0x0000000008001ef4       0x78 ./Drivers/STM32L4xx_HAL_Driver/Src/stm32l4xx_hal.o
                0x0000000008001ef4                HAL_InitTick
 .text.HAL_IncTick
                0x0000000008001f6c       0x28 ./Drivers/STM32L4xx_HAL_Driver/Src/stm32l4xx_hal.o
                0x0000000008001f6c                HAL_IncTick
 .text.HAL_GetTick
                0x0000000008001f94       0x18 ./Drivers/STM32L4xx_HAL_Driver/Src/stm32l4xx_hal.o
                0x0000000008001f94                HAL_GetTick
 .text.HAL_Delay
                0x0000000008001fac       0x48 ./Drivers/STM32L4xx_HAL_Driver/Src/stm32l4xx_hal.o
                0x0000000008001fac                HAL_Delay
 .text.__NVIC_SetPriorityGrouping
                0x0000000008001ff4       0x48 ./Drivers/STM32L4xx_HAL_Driver/Src/stm32l4xx_hal_cortex.o
 .text.__NVIC_GetPriorityGrouping
                0x000000000800203c       0x1c ./Drivers/STM32L4xx_HAL_Driver/Src/stm32l4xx_hal_cortex.o
 .text.__NVIC_EnableIRQ
                0x0000000008002058       0x3c ./Drivers/STM32L4xx_HAL_Driver/Src/stm32l4xx_hal_cortex.o
 .text.__NVIC_SetPriority
                0x0000000008002094       0x54 ./Drivers/STM32L4xx_HAL_Driver/Src/stm32l4xx_hal_cortex.o
 .text.NVIC_EncodePriority
                0x00000000080020e8       0x66 ./Drivers/STM32L4xx_HAL_Driver/Src/stm32l4xx_hal_cortex.o
 *fill*         0x000000000800214e        0x2 
 .text.SysTick_Config
                0x0000000008002150       0x44 ./Drivers/STM32L4xx_HAL_Driver/Src/stm32l4xx_hal_cortex.o
 .text.HAL_NVIC_SetPriorityGrouping
                0x0000000008002194       0x16 ./Drivers/STM32L4xx_HAL_Driver/Src/stm32l4xx_hal_cortex.o
                0x0000000008002194                HAL_NVIC_SetPriorityGrouping
 .text.HAL_NVIC_SetPriority
                0x00000000080021aa       0x38 ./Drivers/STM32L4xx_HAL_Driver/Src/stm32l4xx_hal_cortex.o
                0x00000000080021aa                HAL_NVIC_SetPriority
 .text.HAL_NVIC_EnableIRQ
                0x00000000080021e2       0x1c ./Drivers/STM32L4xx_HAL_Driver/Src/stm32l4xx_hal_cortex.o
                0x00000000080021e2                HAL_NVIC_EnableIRQ
 .text.HAL_SYSTICK_Config
                0x00000000080021fe       0x18 ./Drivers/STM32L4xx_HAL_Driver/Src/stm32l4xx_hal_cortex.o
                0x00000000080021fe                HAL_SYSTICK_Config
 *fill*         0x0000000008002216        0x2 
 .text.HAL_GPIO_Init
                0x0000000008002218      0x324 ./Drivers/STM32L4xx_HAL_Driver/Src/stm32l4xx_hal_gpio.o
                0x0000000008002218                HAL_GPIO_Init
 .text.HAL_GPIO_WritePin
                0x000000000800253c       0x30 ./Drivers/STM32L4xx_HAL_Driver/Src/stm32l4xx_hal_gpio.o
                0x000000000800253c                HAL_GPIO_WritePin
 .text.HAL_GPIO_TogglePin
                0x000000000800256c       0x34 ./Drivers/STM32L4xx_HAL_Driver/Src/stm32l4xx_hal_gpio.o
                0x000000000800256c                HAL_GPIO_TogglePin
 .text.HAL_PWREx_GetVoltageRange
                0x00000000080025a0       0x40 ./Drivers/STM32L4xx_HAL_Driver/Src/stm32l4xx_hal_pwr_ex.o
                0x00000000080025a0                HAL_PWREx_GetVoltageRange
 .text.HAL_PWREx_ControlVoltageScaling
                0x00000000080025e0      0x148 ./Drivers/STM32L4xx_HAL_Driver/Src/stm32l4xx_hal_pwr_ex.o
                0x00000000080025e0                HAL_PWREx_ControlVoltageScaling
 .text.HAL_RCC_OscConfig
                0x0000000008002728      0x84c ./Drivers/STM32L4xx_HAL_Driver/Src/stm32l4xx_hal_rcc.o
                0x0000000008002728                HAL_RCC_OscConfig
 .text.HAL_RCC_ClockConfig
                0x0000000008002f74      0x258 ./Drivers/STM32L4xx_HAL_Driver/Src/stm32l4xx_hal_rcc.o
                0x0000000008002f74                HAL_RCC_ClockConfig
 .text.HAL_RCC_GetSysClockFreq
                0x00000000080031cc      0x114 ./Drivers/STM32L4xx_HAL_Driver/Src/stm32l4xx_hal_rcc.o
                0x00000000080031cc                HAL_RCC_GetSysClockFreq
 .text.HAL_RCC_GetHCLKFreq
                0x00000000080032e0       0x18 ./Drivers/STM32L4xx_HAL_Driver/Src/stm32l4xx_hal_rcc.o
                0x00000000080032e0                HAL_RCC_GetHCLKFreq
 .text.HAL_RCC_GetPCLK1Freq
                0x00000000080032f8       0x2c ./Drivers/STM32L4xx_HAL_Driver/Src/stm32l4xx_hal_rcc.o
                0x00000000080032f8                HAL_RCC_GetPCLK1Freq
 .text.HAL_RCC_GetPCLK2Freq
                0x0000000008003324       0x2c ./Drivers/STM32L4xx_HAL_Driver/Src/stm32l4xx_hal_rcc.o
                0x0000000008003324                HAL_RCC_GetPCLK2Freq
 .text.RCC_SetFlashLatencyFromMSIRange
                0x0000000008003350       0xb4 ./Drivers/STM32L4xx_HAL_Driver/Src/stm32l4xx_hal_rcc.o
 .text.RCC_GetSysClockFreqFromPLLSource
                0x0000000008003404       0xcc ./Drivers/STM32L4xx_HAL_Driver/Src/stm32l4xx_hal_rcc.o
 .text.HAL_RCCEx_PeriphCLKConfig
                0x00000000080034d0      0x720 ./Drivers/STM32L4xx_HAL_Driver/Src/stm32l4xx_hal_rcc_ex.o
                0x00000000080034d0                HAL_RCCEx_PeriphCLKConfig
 .text.RCCEx_PLLSAI1_Config
                0x0000000008003bf0      0x1e8 ./Drivers/STM32L4xx_HAL_Driver/Src/stm32l4xx_hal_rcc_ex.o
 .text.RCCEx_PLLSAI2_Config
                0x0000000008003dd8      0x1e8 ./Drivers/STM32L4xx_HAL_Driver/Src/stm32l4xx_hal_rcc_ex.o
 .text.HAL_SPI_Init
                0x0000000008003fc0      0x146 ./Drivers/STM32L4xx_HAL_Driver/Src/stm32l4xx_hal_spi.o
                0x0000000008003fc0                HAL_SPI_Init
 .text.HAL_SPI_Transmit
                0x0000000008004106      0x2dc ./Drivers/STM32L4xx_HAL_Driver/Src/stm32l4xx_hal_spi.o
                0x0000000008004106                HAL_SPI_Transmit
 .text.HAL_SPI_Receive
                0x00000000080043e2      0x260 ./Drivers/STM32L4xx_HAL_Driver/Src/stm32l4xx_hal_spi.o
                0x00000000080043e2                HAL_SPI_Receive
 .text.HAL_SPI_TransmitReceive
                0x0000000008004642      0x426 ./Drivers/STM32L4xx_HAL_Driver/Src/stm32l4xx_hal_spi.o
                0x0000000008004642                HAL_SPI_TransmitReceive
 .text.SPI_WaitFlagStateUntilTimeout
                0x0000000008004a68      0x110 ./Drivers/STM32L4xx_HAL_Driver/Src/stm32l4xx_hal_spi.o
 .text.SPI_WaitFifoStateUntilTimeout
                0x0000000008004b78      0x124 ./Drivers/STM32L4xx_HAL_Driver/Src/stm32l4xx_hal_spi.o
 .text.SPI_EndRxTransaction
                0x0000000008004c9c       0xb0 ./Drivers/STM32L4xx_HAL_Driver/Src/stm32l4xx_hal_spi.o
 .text.SPI_EndRxTxTransaction
                0x0000000008004d4c       0x8c ./Drivers/STM32L4xx_HAL_Driver/Src/stm32l4xx_hal_spi.o
 .text.HAL_TIM_Base_Init
                0x0000000008004dd8       0xae ./Drivers/STM32L4xx_HAL_Driver/Src/stm32l4xx_hal_tim.o
                0x0000000008004dd8                HAL_TIM_Base_Init
 *fill*         0x0000000008004e86        0x2 
 .text.HAL_TIM_Base_Start_IT
                0x0000000008004e88       0xe0 ./Drivers/STM32L4xx_HAL_Driver/Src/stm32l4xx_hal_tim.o
                0x0000000008004e88                HAL_TIM_Base_Start_IT
 .text.HAL_TIM_IRQHandler
                0x0000000008004f68      0x23e ./Drivers/STM32L4xx_HAL_Driver/Src/stm32l4xx_hal_tim.o
                0x0000000008004f68                HAL_TIM_IRQHandler
 .text.HAL_TIM_OC_DelayElapsedCallback
                0x00000000080051a6       0x14 ./Drivers/STM32L4xx_HAL_Driver/Src/stm32l4xx_hal_tim.o
                0x00000000080051a6                HAL_TIM_OC_DelayElapsedCallback
 .text.HAL_TIM_IC_CaptureCallback
                0x00000000080051ba       0x14 ./Drivers/STM32L4xx_HAL_Driver/Src/stm32l4xx_hal_tim.o
                0x00000000080051ba                HAL_TIM_IC_CaptureCallback
 .text.HAL_TIM_PWM_PulseFinishedCallback
                0x00000000080051ce       0x14 ./Drivers/STM32L4xx_HAL_Driver/Src/stm32l4xx_hal_tim.o
                0x00000000080051ce                HAL_TIM_PWM_PulseFinishedCallback
 .text.HAL_TIM_TriggerCallback
                0x00000000080051e2       0x14 ./Drivers/STM32L4xx_HAL_Driver/Src/stm32l4xx_hal_tim.o
                0x00000000080051e2                HAL_TIM_TriggerCallback
 *fill*         0x00000000080051f6        0x2 
 .text.TIM_Base_SetConfig
                0x00000000080051f8      0x134 ./Drivers/STM32L4xx_HAL_Driver/Src/stm32l4xx_hal_tim.o
                0x00000000080051f8                TIM_Base_SetConfig
 .text.HAL_TIMEx_CommutCallback
                0x000000000800532c       0x14 ./Drivers/STM32L4xx_HAL_Driver/Src/stm32l4xx_hal_tim_ex.o
                0x000000000800532c                HAL_TIMEx_CommutCallback
 .text.HAL_TIMEx_BreakCallback
                0x0000000008005340       0x14 ./Drivers/STM32L4xx_HAL_Driver/Src/stm32l4xx_hal_tim_ex.o
                0x0000000008005340                HAL_TIMEx_BreakCallback
 .text.HAL_TIMEx_Break2Callback
                0x0000000008005354       0x14 ./Drivers/STM32L4xx_HAL_Driver/Src/stm32l4xx_hal_tim_ex.o
                0x0000000008005354                HAL_TIMEx_Break2Callback
 .text.HAL_UART_Init
                0x0000000008005368       0xa0 ./Drivers/STM32L4xx_HAL_Driver/Src/stm32l4xx_hal_uart.o
                0x0000000008005368                HAL_UART_Init
 .text.HAL_UART_Transmit
                0x0000000008005408      0x12e ./Drivers/STM32L4xx_HAL_Driver/Src/stm32l4xx_hal_uart.o
                0x0000000008005408                HAL_UART_Transmit
 *fill*         0x0000000008005536        0x2 
 .text.UART_SetConfig
                0x0000000008005538      0x594 ./Drivers/STM32L4xx_HAL_Driver/Src/stm32l4xx_hal_uart.o
                0x0000000008005538                UART_SetConfig
 .text.UART_AdvFeatureConfig
                0x0000000008005acc      0x144 ./Drivers/STM32L4xx_HAL_Driver/Src/stm32l4xx_hal_uart.o
                0x0000000008005acc                UART_AdvFeatureConfig
 .text.UART_CheckIdleState
                0x0000000008005c10       0x96 ./Drivers/STM32L4xx_HAL_Driver/Src/stm32l4xx_hal_uart.o
                0x0000000008005c10                UART_CheckIdleState
 .text.UART_WaitOnFlagUntilTimeout
                0x0000000008005ca6      0x100 ./Drivers/STM32L4xx_HAL_Driver/Src/stm32l4xx_hal_uart.o
                0x0000000008005ca6                UART_WaitOnFlagUntilTimeout
 .text.HAL_UARTEx_DisableFifoMode
                0x0000000008005da6       0x72 ./Drivers/STM32L4xx_HAL_Driver/Src/stm32l4xx_hal_uart_ex.o
                0x0000000008005da6                HAL_UARTEx_DisableFifoMode
 .text.HAL_UARTEx_SetTxFifoThreshold
                0x0000000008005e18       0x7c ./Drivers/STM32L4xx_HAL_Driver/Src/stm32l4xx_hal_uart_ex.o
                0x0000000008005e18                HAL_UARTEx_SetTxFifoThreshold
 .text.HAL_UARTEx_SetRxFifoThreshold
                0x0000000008005e94       0x7c ./Drivers/STM32L4xx_HAL_Driver/Src/stm32l4xx_hal_uart_ex.o
                0x0000000008005e94                HAL_UARTEx_SetRxFifoThreshold
 .text.UARTEx_SetNbDataToProcess
                0x0000000008005f10       0x9c ./Drivers/STM32L4xx_HAL_Driver/Src/stm32l4xx_hal_uart_ex.o
 .text.__errno  0x0000000008005fac        0xc c:/st/stm32cubeide_1.0.2/stm32cubeide/plugins/com.st.stm32cube.ide.mcu.externaltools.gnu-tools-for-stm32.9-2020-q2-update.win32_2.0.0.202105311346/tools/bin/../lib/gcc/arm-none-eabi/9.3.1/../../../../arm-none-eabi/lib/thumb/v7e-m+fp/hard\libc_nano.a(lib_a-errno.o)
                0x0000000008005fac                __errno
 .text.__libc_init_array
                0x0000000008005fb8       0x48 c:/st/stm32cubeide_1.0.2/stm32cubeide/plugins/com.st.stm32cube.ide.mcu.externaltools.gnu-tools-for-stm32.9-2020-q2-update.win32_2.0.0.202105311346/tools/bin/../lib/gcc/arm-none-eabi/9.3.1/../../../../arm-none-eabi/lib/thumb/v7e-m+fp/hard\libc_nano.a(lib_a-init.o)
                0x0000000008005fb8                __libc_init_array
 .text.memcpy   0x0000000008006000       0x1c c:/st/stm32cubeide_1.0.2/stm32cubeide/plugins/com.st.stm32cube.ide.mcu.externaltools.gnu-tools-for-stm32.9-2020-q2-update.win32_2.0.0.202105311346/tools/bin/../lib/gcc/arm-none-eabi/9.3.1/../../../../arm-none-eabi/lib/thumb/v7e-m+fp/hard\libc_nano.a(lib_a-memcpy-stub.o)
                0x0000000008006000                memcpy
 .text.memset   0x000000000800601c       0x10 c:/st/stm32cubeide_1.0.2/stm32cubeide/plugins/com.st.stm32cube.ide.mcu.externaltools.gnu-tools-for-stm32.9-2020-q2-update.win32_2.0.0.202105311346/tools/bin/../lib/gcc/arm-none-eabi/9.3.1/../../../../arm-none-eabi/lib/thumb/v7e-m+fp/hard\libc_nano.a(lib_a-memset.o)
                0x000000000800601c                memset
 .text.pow      0x000000000800602c      0x15c c:/st/stm32cubeide_1.0.2/stm32cubeide/plugins/com.st.stm32cube.ide.mcu.externaltools.gnu-tools-for-stm32.9-2020-q2-update.win32_2.0.0.202105311346/tools/bin/../lib/gcc/arm-none-eabi/9.3.1/../../../../arm-none-eabi/lib/thumb/v7e-m+fp/hard\libm.a(lib_a-w_pow.o)
                0x000000000800602c                pow
 .text.__ieee754_pow
                0x0000000008006188      0xa44 c:/st/stm32cubeide_1.0.2/stm32cubeide/plugins/com.st.stm32cube.ide.mcu.externaltools.gnu-tools-for-stm32.9-2020-q2-update.win32_2.0.0.202105311346/tools/bin/../lib/gcc/arm-none-eabi/9.3.1/../../../../arm-none-eabi/lib/thumb/v7e-m+fp/hard\libm.a(lib_a-e_pow.o)
                0x0000000008006188                __ieee754_pow
 .text.__ieee754_sqrt
                0x0000000008006bcc      0x168 c:/st/stm32cubeide_1.0.2/stm32cubeide/plugins/com.st.stm32cube.ide.mcu.externaltools.gnu-tools-for-stm32.9-2020-q2-update.win32_2.0.0.202105311346/tools/bin/../lib/gcc/arm-none-eabi/9.3.1/../../../../arm-none-eabi/lib/thumb/v7e-m+fp/hard\libm.a(lib_a-e_sqrt.o)
                0x0000000008006bcc                __ieee754_sqrt
 .text.fabs     0x0000000008006d34       0x12 c:/st/stm32cubeide_1.0.2/stm32cubeide/plugins/com.st.stm32cube.ide.mcu.externaltools.gnu-tools-for-stm32.9-2020-q2-update.win32_2.0.0.202105311346/tools/bin/../lib/gcc/arm-none-eabi/9.3.1/../../../../arm-none-eabi/lib/thumb/v7e-m+fp/hard\libm.a(lib_a-s_fabs.o)
                0x0000000008006d34                fabs
 .text.finite   0x0000000008006d46       0x16 c:/st/stm32cubeide_1.0.2/stm32cubeide/plugins/com.st.stm32cube.ide.mcu.externaltools.gnu-tools-for-stm32.9-2020-q2-update.win32_2.0.0.202105311346/tools/bin/../lib/gcc/arm-none-eabi/9.3.1/../../../../arm-none-eabi/lib/thumb/v7e-m+fp/hard\libm.a(lib_a-s_finite.o)
                0x0000000008006d46                finite
 *fill*         0x0000000008006d5c        0x4 
 .text.nan      0x0000000008006d60       0x10 c:/st/stm32cubeide_1.0.2/stm32cubeide/plugins/com.st.stm32cube.ide.mcu.externaltools.gnu-tools-for-stm32.9-2020-q2-update.win32_2.0.0.202105311346/tools/bin/../lib/gcc/arm-none-eabi/9.3.1/../../../../arm-none-eabi/lib/thumb/v7e-m+fp/hard\libm.a(lib_a-s_nan.o)
                0x0000000008006d60                nan
 .text.rint     0x0000000008006d70      0x114 c:/st/stm32cubeide_1.0.2/stm32cubeide/plugins/com.st.stm32cube.ide.mcu.externaltools.gnu-tools-for-stm32.9-2020-q2-update.win32_2.0.0.202105311346/tools/bin/../lib/gcc/arm-none-eabi/9.3.1/../../../../arm-none-eabi/lib/thumb/v7e-m+fp/hard\libm.a(lib_a-s_rint.o)
                0x0000000008006d70                rint
 *fill*         0x0000000008006e84        0x4 
 .text.scalbn   0x0000000008006e88      0x10c c:/st/stm32cubeide_1.0.2/stm32cubeide/plugins/com.st.stm32cube.ide.mcu.externaltools.gnu-tools-for-stm32.9-2020-q2-update.win32_2.0.0.202105311346/tools/bin/../lib/gcc/arm-none-eabi/9.3.1/../../../../arm-none-eabi/lib/thumb/v7e-m+fp/hard\libm.a(lib_a-s_scalbn.o)
                0x0000000008006e88                scalbn
 *(.glue_7)
 .glue_7        0x0000000008006f94        0x0 linker stubs
 *(.glue_7t)
 .glue_7t       0x0000000008006f94        0x0 linker stubs
 *(.eh_frame)
 .eh_frame      0x0000000008006f94        0x0 c:/st/stm32cubeide_1.0.2/stm32cubeide/plugins/com.st.stm32cube.ide.mcu.externaltools.gnu-tools-for-stm32.9-2020-q2-update.win32_2.0.0.202105311346/tools/bin/../lib/gcc/arm-none-eabi/9.3.1/thumb/v7e-m+fp/hard/crtbegin.o
 *(.init)
 .init          0x0000000008006f94        0x4 c:/st/stm32cubeide_1.0.2/stm32cubeide/plugins/com.st.stm32cube.ide.mcu.externaltools.gnu-tools-for-stm32.9-2020-q2-update.win32_2.0.0.202105311346/tools/bin/../lib/gcc/arm-none-eabi/9.3.1/thumb/v7e-m+fp/hard/crti.o
                0x0000000008006f94                _init
 .init          0x0000000008006f98        0x8 c:/st/stm32cubeide_1.0.2/stm32cubeide/plugins/com.st.stm32cube.ide.mcu.externaltools.gnu-tools-for-stm32.9-2020-q2-update.win32_2.0.0.202105311346/tools/bin/../lib/gcc/arm-none-eabi/9.3.1/thumb/v7e-m+fp/hard/crtn.o
 *(.fini)
 .fini          0x0000000008006fa0        0x4 c:/st/stm32cubeide_1.0.2/stm32cubeide/plugins/com.st.stm32cube.ide.mcu.externaltools.gnu-tools-for-stm32.9-2020-q2-update.win32_2.0.0.202105311346/tools/bin/../lib/gcc/arm-none-eabi/9.3.1/thumb/v7e-m+fp/hard/crti.o
                0x0000000008006fa0                _fini
 .fini          0x0000000008006fa4        0x8 c:/st/stm32cubeide_1.0.2/stm32cubeide/plugins/com.st.stm32cube.ide.mcu.externaltools.gnu-tools-for-stm32.9-2020-q2-update.win32_2.0.0.202105311346/tools/bin/../lib/gcc/arm-none-eabi/9.3.1/thumb/v7e-m+fp/hard/crtn.o
                0x0000000008006fac                . = ALIGN (0x4)
                0x0000000008006fac                _etext = .

.vfp11_veneer   0x0000000008006fac        0x0
 .vfp11_veneer  0x0000000008006fac        0x0 linker stubs

.v4_bx          0x0000000008006fac        0x0
 .v4_bx         0x0000000008006fac        0x0 linker stubs

.iplt           0x0000000008006fac        0x0
 .iplt          0x0000000008006fac        0x0 c:/st/stm32cubeide_1.0.2/stm32cubeide/plugins/com.st.stm32cube.ide.mcu.externaltools.gnu-tools-for-stm32.9-2020-q2-update.win32_2.0.0.202105311346/tools/bin/../lib/gcc/arm-none-eabi/9.3.1/thumb/v7e-m+fp/hard/crtbegin.o

.rodata         0x0000000008006fb0       0xb8
                0x0000000008006fb0                . = ALIGN (0x4)
 *(.rodata)
 *(.rodata*)
 .rodata.AHBPrescTable
                0x0000000008006fb0       0x10 ./Core/Src/system_stm32l4xx.o
                0x0000000008006fb0                AHBPrescTable
 .rodata.APBPrescTable
                0x0000000008006fc0        0x8 ./Core/Src/system_stm32l4xx.o
                0x0000000008006fc0                APBPrescTable
 .rodata.MSIRangeTable
                0x0000000008006fc8       0x30 ./Core/Src/system_stm32l4xx.o
                0x0000000008006fc8                MSIRangeTable
 .rodata.UARTPrescTable
                0x0000000008006ff8       0x18 ./Drivers/STM32L4xx_HAL_Driver/Src/stm32l4xx_hal_uart.o
                0x0000000008006ff8                UARTPrescTable
 .rodata.numerator.9388
                0x0000000008007010        0x8 ./Drivers/STM32L4xx_HAL_Driver/Src/stm32l4xx_hal_uart_ex.o
 .rodata.denominator.9389
                0x0000000008007018        0x8 ./Drivers/STM32L4xx_HAL_Driver/Src/stm32l4xx_hal_uart_ex.o
 .rodata.__ieee754_pow.str1.1
                0x0000000008007020        0x1 c:/st/stm32cubeide_1.0.2/stm32cubeide/plugins/com.st.stm32cube.ide.mcu.externaltools.gnu-tools-for-stm32.9-2020-q2-update.win32_2.0.0.202105311346/tools/bin/../lib/gcc/arm-none-eabi/9.3.1/../../../../arm-none-eabi/lib/thumb/v7e-m+fp/hard\libm.a(lib_a-e_pow.o)
 *fill*         0x0000000008007021        0x7 
 .rodata.bp     0x0000000008007028       0x10 c:/st/stm32cubeide_1.0.2/stm32cubeide/plugins/com.st.stm32cube.ide.mcu.externaltools.gnu-tools-for-stm32.9-2020-q2-update.win32_2.0.0.202105311346/tools/bin/../lib/gcc/arm-none-eabi/9.3.1/../../../../arm-none-eabi/lib/thumb/v7e-m+fp/hard\libm.a(lib_a-e_pow.o)
 .rodata.dp_h   0x0000000008007038       0x10 c:/st/stm32cubeide_1.0.2/stm32cubeide/plugins/com.st.stm32cube.ide.mcu.externaltools.gnu-tools-for-stm32.9-2020-q2-update.win32_2.0.0.202105311346/tools/bin/../lib/gcc/arm-none-eabi/9.3.1/../../../../arm-none-eabi/lib/thumb/v7e-m+fp/hard\libm.a(lib_a-e_pow.o)
 .rodata.dp_l   0x0000000008007048       0x10 c:/st/stm32cubeide_1.0.2/stm32cubeide/plugins/com.st.stm32cube.ide.mcu.externaltools.gnu-tools-for-stm32.9-2020-q2-update.win32_2.0.0.202105311346/tools/bin/../lib/gcc/arm-none-eabi/9.3.1/../../../../arm-none-eabi/lib/thumb/v7e-m+fp/hard\libm.a(lib_a-e_pow.o)
 .rodata.TWO52  0x0000000008007058       0x10 c:/st/stm32cubeide_1.0.2/stm32cubeide/plugins/com.st.stm32cube.ide.mcu.externaltools.gnu-tools-for-stm32.9-2020-q2-update.win32_2.0.0.202105311346/tools/bin/../lib/gcc/arm-none-eabi/9.3.1/../../../../arm-none-eabi/lib/thumb/v7e-m+fp/hard\libm.a(lib_a-s_rint.o)
                0x0000000008007068                . = ALIGN (0x4)

.ARM.extab      0x0000000008007068        0x0
                0x0000000008007068                . = ALIGN (0x4)
 *(.ARM.extab* .gnu.linkonce.armextab.*)
                0x0000000008007068                . = ALIGN (0x4)

.ARM            0x0000000008007068        0x8
                0x0000000008007068                . = ALIGN (0x4)
                0x0000000008007068                __exidx_start = .
 *(.ARM.exidx*)
 .ARM.exidx     0x0000000008007068        0x8 c:/st/stm32cubeide_1.0.2/stm32cubeide/plugins/com.st.stm32cube.ide.mcu.externaltools.gnu-tools-for-stm32.9-2020-q2-update.win32_2.0.0.202105311346/tools/bin/../lib/gcc/arm-none-eabi/9.3.1/thumb/v7e-m+fp/hard\libgcc.a(_udivmoddi4.o)
                0x0000000008007070                __exidx_end = .
                0x0000000008007070                . = ALIGN (0x4)

.rel.dyn        0x0000000008007070        0x0
 .rel.iplt      0x0000000008007070        0x0 c:/st/stm32cubeide_1.0.2/stm32cubeide/plugins/com.st.stm32cube.ide.mcu.externaltools.gnu-tools-for-stm32.9-2020-q2-update.win32_2.0.0.202105311346/tools/bin/../lib/gcc/arm-none-eabi/9.3.1/thumb/v7e-m+fp/hard/crtbegin.o

.preinit_array  0x0000000008007070        0x0
                0x0000000008007070                . = ALIGN (0x4)
                0x0000000008007070                PROVIDE (__preinit_array_start = .)
 *(.preinit_array*)
                0x0000000008007070                PROVIDE (__preinit_array_end = .)
                0x0000000008007070                . = ALIGN (0x4)

.init_array     0x0000000008007070        0x4
                0x0000000008007070                . = ALIGN (0x4)
                0x0000000008007070                PROVIDE (__init_array_start = .)
 *(SORT_BY_NAME(.init_array.*))
 *(.init_array*)
 .init_array    0x0000000008007070        0x4 c:/st/stm32cubeide_1.0.2/stm32cubeide/plugins/com.st.stm32cube.ide.mcu.externaltools.gnu-tools-for-stm32.9-2020-q2-update.win32_2.0.0.202105311346/tools/bin/../lib/gcc/arm-none-eabi/9.3.1/thumb/v7e-m+fp/hard/crtbegin.o
                0x0000000008007074                PROVIDE (__init_array_end = .)
                0x0000000008007074                . = ALIGN (0x4)

.fini_array     0x0000000008007074        0x4
                0x0000000008007074                . = ALIGN (0x4)
                [!provide]                        PROVIDE (__fini_array_start = .)
 *(SORT_BY_NAME(.fini_array.*))
 *(.fini_array*)
 .fini_array    0x0000000008007074        0x4 c:/st/stm32cubeide_1.0.2/stm32cubeide/plugins/com.st.stm32cube.ide.mcu.externaltools.gnu-tools-for-stm32.9-2020-q2-update.win32_2.0.0.202105311346/tools/bin/../lib/gcc/arm-none-eabi/9.3.1/thumb/v7e-m+fp/hard/crtbegin.o
                [!provide]                        PROVIDE (__fini_array_end = .)
                0x0000000008007078                . = ALIGN (0x4)
                0x0000000008007078                _sidata = LOADADDR (.data)

.data           0x0000000020000000       0x74 load address 0x0000000008007078
                0x0000000020000000                . = ALIGN (0x4)
                0x0000000020000000                _sdata = .
 *(.data)
 *(.data*)
 .data.SystemCoreClock
                0x0000000020000000        0x4 ./Core/Src/system_stm32l4xx.o
                0x0000000020000000                SystemCoreClock
 .data.uwTickPrio
                0x0000000020000004        0x4 ./Drivers/STM32L4xx_HAL_Driver/Src/stm32l4xx_hal.o
                0x0000000020000004                uwTickPrio
 .data.uwTickFreq
                0x0000000020000008        0x1 ./Drivers/STM32L4xx_HAL_Driver/Src/stm32l4xx_hal.o
                0x0000000020000008                uwTickFreq
 *fill*         0x0000000020000009        0x3 
 .data._impure_ptr
                0x000000002000000c        0x4 c:/st/stm32cubeide_1.0.2/stm32cubeide/plugins/com.st.stm32cube.ide.mcu.externaltools.gnu-tools-for-stm32.9-2020-q2-update.win32_2.0.0.202105311346/tools/bin/../lib/gcc/arm-none-eabi/9.3.1/../../../../arm-none-eabi/lib/thumb/v7e-m+fp/hard\libc_nano.a(lib_a-impure.o)
                0x000000002000000c                _impure_ptr
 .data.impure_data
                0x0000000020000010       0x60 c:/st/stm32cubeide_1.0.2/stm32cubeide/plugins/com.st.stm32cube.ide.mcu.externaltools.gnu-tools-for-stm32.9-2020-q2-update.win32_2.0.0.202105311346/tools/bin/../lib/gcc/arm-none-eabi/9.3.1/../../../../arm-none-eabi/lib/thumb/v7e-m+fp/hard\libc_nano.a(lib_a-impure.o)
 .data.__fdlib_version
                0x0000000020000070        0x1 c:/st/stm32cubeide_1.0.2/stm32cubeide/plugins/com.st.stm32cube.ide.mcu.externaltools.gnu-tools-for-stm32.9-2020-q2-update.win32_2.0.0.202105311346/tools/bin/../lib/gcc/arm-none-eabi/9.3.1/../../../../arm-none-eabi/lib/thumb/v7e-m+fp/hard\libm.a(lib_a-s_lib_ver.o)
                0x0000000020000070                __fdlib_version
 *(.RamFunc)
 *(.RamFunc*)
                0x0000000020000074                . = ALIGN (0x4)
 *fill*         0x0000000020000071        0x3 
                0x0000000020000074                _edata = .

.igot.plt       0x0000000020000074        0x0 load address 0x00000000080070ec
 .igot.plt      0x0000000020000074        0x0 c:/st/stm32cubeide_1.0.2/stm32cubeide/plugins/com.st.stm32cube.ide.mcu.externaltools.gnu-tools-for-stm32.9-2020-q2-update.win32_2.0.0.202105311346/tools/bin/../lib/gcc/arm-none-eabi/9.3.1/thumb/v7e-m+fp/hard/crtbegin.o
                0x0000000020000074                . = ALIGN (0x4)

.bss            0x0000000020000074      0x1e4 load address 0x00000000080070ec
                0x0000000020000074                _sbss = .
                0x0000000020000074                __bss_start__ = _sbss
 *(.bss)
 .bss           0x0000000020000074       0x1c c:/st/stm32cubeide_1.0.2/stm32cubeide/plugins/com.st.stm32cube.ide.mcu.externaltools.gnu-tools-for-stm32.9-2020-q2-update.win32_2.0.0.202105311346/tools/bin/../lib/gcc/arm-none-eabi/9.3.1/thumb/v7e-m+fp/hard/crtbegin.o
 *(.bss*)
 *(COMMON)
 COMMON         0x0000000020000090       0x84 ./Core/Src/iis3dwb.o
                0x0000000020000090                iis3dwb_deviceID
                0x0000000020000092                cs_gpio_iis3dwb
                0x0000000020000094                iis3dwb_dataReady
                0x0000000020000098                spi_iis3dwb
                0x00000000200000fc                data_raw_acceleration
                0x0000000020000104                cs_gpiox_iis3dwb
                0x0000000020000108                acceleration_mg
 COMMON         0x0000000020000114      0x140 ./Core/Src/main.o
                0x0000000020000114                hspi2
                0x0000000020000178                htim17
                0x00000000200001c4                huart2
 COMMON         0x0000000020000254        0x4 ./Drivers/STM32L4xx_HAL_Driver/Src/stm32l4xx_hal.o
                0x0000000020000254                uwTick
                0x0000000020000258                . = ALIGN (0x4)
                0x0000000020000258                _ebss = .
                0x0000000020000258                __bss_end__ = _ebss

._user_heap_stack
                0x0000000020000258      0x600 load address 0x00000000080070ec
                0x0000000020000258                . = ALIGN (0x8)
                [!provide]                        PROVIDE (end = .)
                0x0000000020000258                PROVIDE (_end = .)
                0x0000000020000458                . = (. + _Min_Heap_Size)
 *fill*         0x0000000020000258      0x200 
                0x0000000020000858                . = (. + _Min_Stack_Size)
 *fill*         0x0000000020000458      0x400 
                0x0000000020000858                . = ALIGN (0x8)

/DISCARD/
 libc.a(*)
 libm.a(*)
 libgcc.a(*)

.ARM.attributes
                0x0000000000000000       0x30
 *(.ARM.attributes)
 .ARM.attributes
                0x0000000000000000       0x1e c:/st/stm32cubeide_1.0.2/stm32cubeide/plugins/com.st.stm32cube.ide.mcu.externaltools.gnu-tools-for-stm32.9-2020-q2-update.win32_2.0.0.202105311346/tools/bin/../lib/gcc/arm-none-eabi/9.3.1/thumb/v7e-m+fp/hard/crti.o
 .ARM.attributes
                0x000000000000001e       0x34 c:/st/stm32cubeide_1.0.2/stm32cubeide/plugins/com.st.stm32cube.ide.mcu.externaltools.gnu-tools-for-stm32.9-2020-q2-update.win32_2.0.0.202105311346/tools/bin/../lib/gcc/arm-none-eabi/9.3.1/thumb/v7e-m+fp/hard/crtbegin.o
 .ARM.attributes
                0x0000000000000052       0x34 ./Core/Src/format.o
 .ARM.attributes
                0x0000000000000086       0x34 ./Core/Src/iis3dwb.o
 .ARM.attributes
                0x00000000000000ba       0x34 ./Core/Src/iis3dwb_app.o
 .ARM.attributes
                0x00000000000000ee       0x34 ./Core/Src/iis3dwb_reg.o
 .ARM.attributes
                0x0000000000000122       0x34 ./Core/Src/main.o
 .ARM.attributes
                0x0000000000000156       0x34 ./Core/Src/stm32l4xx_hal_msp.o
 .ARM.attributes
                0x000000000000018a       0x34 ./Core/Src/stm32l4xx_it.o
 .ARM.attributes
                0x00000000000001be       0x34 ./Core/Src/system_stm32l4xx.o
 .ARM.attributes
                0x00000000000001f2       0x21 ./Core/Startup/startup_stm32l4r9zijx.o
 .ARM.attributes
                0x0000000000000213       0x34 ./Drivers/STM32L4xx_HAL_Driver/Src/stm32l4xx_hal.o
 .ARM.attributes
                0x0000000000000247       0x34 ./Drivers/STM32L4xx_HAL_Driver/Src/stm32l4xx_hal_cortex.o
 .ARM.attributes
                0x000000000000027b       0x34 ./Drivers/STM32L4xx_HAL_Driver/Src/stm32l4xx_hal_gpio.o
 .ARM.attributes
                0x00000000000002af       0x34 ./Drivers/STM32L4xx_HAL_Driver/Src/stm32l4xx_hal_pwr_ex.o
 .ARM.attributes
                0x00000000000002e3       0x34 ./Drivers/STM32L4xx_HAL_Driver/Src/stm32l4xx_hal_rcc.o
 .ARM.attributes
                0x0000000000000317       0x34 ./Drivers/STM32L4xx_HAL_Driver/Src/stm32l4xx_hal_rcc_ex.o
 .ARM.attributes
                0x000000000000034b       0x34 ./Drivers/STM32L4xx_HAL_Driver/Src/stm32l4xx_hal_spi.o
 .ARM.attributes
                0x000000000000037f       0x34 ./Drivers/STM32L4xx_HAL_Driver/Src/stm32l4xx_hal_tim.o
 .ARM.attributes
                0x00000000000003b3       0x34 ./Drivers/STM32L4xx_HAL_Driver/Src/stm32l4xx_hal_tim_ex.o
 .ARM.attributes
                0x00000000000003e7       0x34 ./Drivers/STM32L4xx_HAL_Driver/Src/stm32l4xx_hal_uart.o
 .ARM.attributes
                0x000000000000041b       0x34 ./Drivers/STM32L4xx_HAL_Driver/Src/stm32l4xx_hal_uart_ex.o
 .ARM.attributes
                0x000000000000044f       0x34 c:/st/stm32cubeide_1.0.2/stm32cubeide/plugins/com.st.stm32cube.ide.mcu.externaltools.gnu-tools-for-stm32.9-2020-q2-update.win32_2.0.0.202105311346/tools/bin/../lib/gcc/arm-none-eabi/9.3.1/../../../../arm-none-eabi/lib/thumb/v7e-m+fp/hard\libc_nano.a(lib_a-errno.o)
 .ARM.attributes
                0x0000000000000483       0x32 c:/st/stm32cubeide_1.0.2/stm32cubeide/plugins/com.st.stm32cube.ide.mcu.externaltools.gnu-tools-for-stm32.9-2020-q2-update.win32_2.0.0.202105311346/tools/bin/../lib/gcc/arm-none-eabi/9.3.1/../../../../arm-none-eabi/lib/thumb/v7e-m+fp/hard\libc_nano.a(lib_a-impure.o)
 .ARM.attributes
                0x00000000000004b5       0x34 c:/st/stm32cubeide_1.0.2/stm32cubeide/plugins/com.st.stm32cube.ide.mcu.externaltools.gnu-tools-for-stm32.9-2020-q2-update.win32_2.0.0.202105311346/tools/bin/../lib/gcc/arm-none-eabi/9.3.1/../../../../arm-none-eabi/lib/thumb/v7e-m+fp/hard\libc_nano.a(lib_a-init.o)
 .ARM.attributes
                0x00000000000004e9       0x34 c:/st/stm32cubeide_1.0.2/stm32cubeide/plugins/com.st.stm32cube.ide.mcu.externaltools.gnu-tools-for-stm32.9-2020-q2-update.win32_2.0.0.202105311346/tools/bin/../lib/gcc/arm-none-eabi/9.3.1/../../../../arm-none-eabi/lib/thumb/v7e-m+fp/hard\libc_nano.a(lib_a-memcpy-stub.o)
 .ARM.attributes
                0x000000000000051d       0x34 c:/st/stm32cubeide_1.0.2/stm32cubeide/plugins/com.st.stm32cube.ide.mcu.externaltools.gnu-tools-for-stm32.9-2020-q2-update.win32_2.0.0.202105311346/tools/bin/../lib/gcc/arm-none-eabi/9.3.1/../../../../arm-none-eabi/lib/thumb/v7e-m+fp/hard\libc_nano.a(lib_a-memset.o)
 .ARM.attributes
                0x0000000000000551       0x34 c:/st/stm32cubeide_1.0.2/stm32cubeide/plugins/com.st.stm32cube.ide.mcu.externaltools.gnu-tools-for-stm32.9-2020-q2-update.win32_2.0.0.202105311346/tools/bin/../lib/gcc/arm-none-eabi/9.3.1/../../../../arm-none-eabi/lib/thumb/v7e-m+fp/hard\libm.a(lib_a-w_pow.o)
 .ARM.attributes
                0x0000000000000585       0x34 c:/st/stm32cubeide_1.0.2/stm32cubeide/plugins/com.st.stm32cube.ide.mcu.externaltools.gnu-tools-for-stm32.9-2020-q2-update.win32_2.0.0.202105311346/tools/bin/../lib/gcc/arm-none-eabi/9.3.1/../../../../arm-none-eabi/lib/thumb/v7e-m+fp/hard\libm.a(lib_a-e_pow.o)
 .ARM.attributes
                0x00000000000005b9       0x34 c:/st/stm32cubeide_1.0.2/stm32cubeide/plugins/com.st.stm32cube.ide.mcu.externaltools.gnu-tools-for-stm32.9-2020-q2-update.win32_2.0.0.202105311346/tools/bin/../lib/gcc/arm-none-eabi/9.3.1/../../../../arm-none-eabi/lib/thumb/v7e-m+fp/hard\libm.a(lib_a-e_sqrt.o)
 .ARM.attributes
                0x00000000000005ed       0x34 c:/st/stm32cubeide_1.0.2/stm32cubeide/plugins/com.st.stm32cube.ide.mcu.externaltools.gnu-tools-for-stm32.9-2020-q2-update.win32_2.0.0.202105311346/tools/bin/../lib/gcc/arm-none-eabi/9.3.1/../../../../arm-none-eabi/lib/thumb/v7e-m+fp/hard\libm.a(lib_a-s_fabs.o)
 .ARM.attributes
                0x0000000000000621       0x34 c:/st/stm32cubeide_1.0.2/stm32cubeide/plugins/com.st.stm32cube.ide.mcu.externaltools.gnu-tools-for-stm32.9-2020-q2-update.win32_2.0.0.202105311346/tools/bin/../lib/gcc/arm-none-eabi/9.3.1/../../../../arm-none-eabi/lib/thumb/v7e-m+fp/hard\libm.a(lib_a-s_finite.o)
 .ARM.attributes
                0x0000000000000655       0x32 c:/st/stm32cubeide_1.0.2/stm32cubeide/plugins/com.st.stm32cube.ide.mcu.externaltools.gnu-tools-for-stm32.9-2020-q2-update.win32_2.0.0.202105311346/tools/bin/../lib/gcc/arm-none-eabi/9.3.1/../../../../arm-none-eabi/lib/thumb/v7e-m+fp/hard\libm.a(lib_a-s_lib_ver.o)
 .ARM.attributes
                0x0000000000000687       0x34 c:/st/stm32cubeide_1.0.2/stm32cubeide/plugins/com.st.stm32cube.ide.mcu.externaltools.gnu-tools-for-stm32.9-2020-q2-update.win32_2.0.0.202105311346/tools/bin/../lib/gcc/arm-none-eabi/9.3.1/../../../../arm-none-eabi/lib/thumb/v7e-m+fp/hard\libm.a(lib_a-s_nan.o)
 .ARM.attributes
                0x00000000000006bb       0x34 c:/st/stm32cubeide_1.0.2/stm32cubeide/plugins/com.st.stm32cube.ide.mcu.externaltools.gnu-tools-for-stm32.9-2020-q2-update.win32_2.0.0.202105311346/tools/bin/../lib/gcc/arm-none-eabi/9.3.1/../../../../arm-none-eabi/lib/thumb/v7e-m+fp/hard\libm.a(lib_a-s_rint.o)
 .ARM.attributes
                0x00000000000006ef       0x34 c:/st/stm32cubeide_1.0.2/stm32cubeide/plugins/com.st.stm32cube.ide.mcu.externaltools.gnu-tools-for-stm32.9-2020-q2-update.win32_2.0.0.202105311346/tools/bin/../lib/gcc/arm-none-eabi/9.3.1/../../../../arm-none-eabi/lib/thumb/v7e-m+fp/hard\libm.a(lib_a-s_scalbn.o)
 .ARM.attributes
                0x0000000000000723       0x1e c:/st/stm32cubeide_1.0.2/stm32cubeide/plugins/com.st.stm32cube.ide.mcu.externaltools.gnu-tools-for-stm32.9-2020-q2-update.win32_2.0.0.202105311346/tools/bin/../lib/gcc/arm-none-eabi/9.3.1/thumb/v7e-m+fp/hard\libgcc.a(_arm_addsubdf3.o)
 .ARM.attributes
                0x0000000000000741       0x1e c:/st/stm32cubeide_1.0.2/stm32cubeide/plugins/com.st.stm32cube.ide.mcu.externaltools.gnu-tools-for-stm32.9-2020-q2-update.win32_2.0.0.202105311346/tools/bin/../lib/gcc/arm-none-eabi/9.3.1/thumb/v7e-m+fp/hard\libgcc.a(_arm_muldivdf3.o)
 .ARM.attributes
                0x000000000000075f       0x1e c:/st/stm32cubeide_1.0.2/stm32cubeide/plugins/com.st.stm32cube.ide.mcu.externaltools.gnu-tools-for-stm32.9-2020-q2-update.win32_2.0.0.202105311346/tools/bin/../lib/gcc/arm-none-eabi/9.3.1/thumb/v7e-m+fp/hard\libgcc.a(_arm_cmpdf2.o)
 .ARM.attributes
                0x000000000000077d       0x1e c:/st/stm32cubeide_1.0.2/stm32cubeide/plugins/com.st.stm32cube.ide.mcu.externaltools.gnu-tools-for-stm32.9-2020-q2-update.win32_2.0.0.202105311346/tools/bin/../lib/gcc/arm-none-eabi/9.3.1/thumb/v7e-m+fp/hard\libgcc.a(_arm_unorddf2.o)
 .ARM.attributes
                0x000000000000079b       0x1e c:/st/stm32cubeide_1.0.2/stm32cubeide/plugins/com.st.stm32cube.ide.mcu.externaltools.gnu-tools-for-stm32.9-2020-q2-update.win32_2.0.0.202105311346/tools/bin/../lib/gcc/arm-none-eabi/9.3.1/thumb/v7e-m+fp/hard\libgcc.a(_arm_truncdfsf2.o)
 .ARM.attributes
                0x00000000000007b9       0x1e c:/st/stm32cubeide_1.0.2/stm32cubeide/plugins/com.st.stm32cube.ide.mcu.externaltools.gnu-tools-for-stm32.9-2020-q2-update.win32_2.0.0.202105311346/tools/bin/../lib/gcc/arm-none-eabi/9.3.1/thumb/v7e-m+fp/hard\libgcc.a(_aeabi_uldivmod.o)
 .ARM.attributes
                0x00000000000007d7       0x34 c:/st/stm32cubeide_1.0.2/stm32cubeide/plugins/com.st.stm32cube.ide.mcu.externaltools.gnu-tools-for-stm32.9-2020-q2-update.win32_2.0.0.202105311346/tools/bin/../lib/gcc/arm-none-eabi/9.3.1/thumb/v7e-m+fp/hard\libgcc.a(_udivmoddi4.o)
 .ARM.attributes
                0x000000000000080b       0x1e c:/st/stm32cubeide_1.0.2/stm32cubeide/plugins/com.st.stm32cube.ide.mcu.externaltools.gnu-tools-for-stm32.9-2020-q2-update.win32_2.0.0.202105311346/tools/bin/../lib/gcc/arm-none-eabi/9.3.1/thumb/v7e-m+fp/hard\libgcc.a(_dvmd_tls.o)
 .ARM.attributes
                0x0000000000000829       0x1e c:/st/stm32cubeide_1.0.2/stm32cubeide/plugins/com.st.stm32cube.ide.mcu.externaltools.gnu-tools-for-stm32.9-2020-q2-update.win32_2.0.0.202105311346/tools/bin/../lib/gcc/arm-none-eabi/9.3.1/thumb/v7e-m+fp/hard/crtn.o
OUTPUT(Steval_SPI2_UART2_OK.elf elf32-littlearm)
LOAD linker stubs
LOAD c:/st/stm32cubeide_1.0.2/stm32cubeide/plugins/com.st.stm32cube.ide.mcu.externaltools.gnu-tools-for-stm32.9-2020-q2-update.win32_2.0.0.202105311346/tools/bin/../lib/gcc/arm-none-eabi/9.3.1/../../../../arm-none-eabi/lib/thumb/v7e-m+fp/hard\libc.a
LOAD c:/st/stm32cubeide_1.0.2/stm32cubeide/plugins/com.st.stm32cube.ide.mcu.externaltools.gnu-tools-for-stm32.9-2020-q2-update.win32_2.0.0.202105311346/tools/bin/../lib/gcc/arm-none-eabi/9.3.1/../../../../arm-none-eabi/lib/thumb/v7e-m+fp/hard\libm.a
LOAD c:/st/stm32cubeide_1.0.2/stm32cubeide/plugins/com.st.stm32cube.ide.mcu.externaltools.gnu-tools-for-stm32.9-2020-q2-update.win32_2.0.0.202105311346/tools/bin/../lib/gcc/arm-none-eabi/9.3.1/thumb/v7e-m+fp/hard\libgcc.a

.debug_info     0x0000000000000000    0x1db39
 .debug_info    0x0000000000000000      0xaec ./Core/Src/format.o
 .debug_info    0x0000000000000aec     0x18e7 ./Core/Src/iis3dwb.o
 .debug_info    0x00000000000023d3     0x1d32 ./Core/Src/iis3dwb_app.o
 .debug_info    0x0000000000004105     0x3f91 ./Core/Src/iis3dwb_reg.o
 .debug_info    0x0000000000008096     0x2572 ./Core/Src/main.o
 .debug_info    0x000000000000a608     0x28c3 ./Core/Src/stm32l4xx_hal_msp.o
 .debug_info    0x000000000000cecb     0x1c43 ./Core/Src/stm32l4xx_it.o
 .debug_info    0x000000000000eb0e      0x7f0 ./Core/Src/system_stm32l4xx.o
 .debug_info    0x000000000000f2fe       0x22 ./Core/Startup/startup_stm32l4r9zijx.o
 .debug_info    0x000000000000f320      0xd6e ./Drivers/STM32L4xx_HAL_Driver/Src/stm32l4xx_hal.o
 .debug_info    0x000000000001008e     0x109d ./Drivers/STM32L4xx_HAL_Driver/Src/stm32l4xx_hal_cortex.o
 .debug_info    0x000000000001112b      0xabe ./Drivers/STM32L4xx_HAL_Driver/Src/stm32l4xx_hal_gpio.o
 .debug_info    0x0000000000011be9      0xcad ./Drivers/STM32L4xx_HAL_Driver/Src/stm32l4xx_hal_pwr_ex.o
 .debug_info    0x0000000000012896      0xf5e ./Drivers/STM32L4xx_HAL_Driver/Src/stm32l4xx_hal_rcc.o
 .debug_info    0x00000000000137f4     0x13e2 ./Drivers/STM32L4xx_HAL_Driver/Src/stm32l4xx_hal_rcc_ex.o
 .debug_info    0x0000000000014bd6     0x1a39 ./Drivers/STM32L4xx_HAL_Driver/Src/stm32l4xx_hal_spi.o
 .debug_info    0x000000000001660f     0x2dfa ./Drivers/STM32L4xx_HAL_Driver/Src/stm32l4xx_hal_tim.o
 .debug_info    0x0000000000019409     0x1954 ./Drivers/STM32L4xx_HAL_Driver/Src/stm32l4xx_hal_tim_ex.o
 .debug_info    0x000000000001ad5d     0x1e5c ./Drivers/STM32L4xx_HAL_Driver/Src/stm32l4xx_hal_uart.o
 .debug_info    0x000000000001cbb9      0xf80 ./Drivers/STM32L4xx_HAL_Driver/Src/stm32l4xx_hal_uart_ex.o

.debug_abbrev   0x0000000000000000     0x2d05
 .debug_abbrev  0x0000000000000000      0x244 ./Core/Src/format.o
 .debug_abbrev  0x0000000000000244      0x249 ./Core/Src/iis3dwb.o
 .debug_abbrev  0x000000000000048d      0x289 ./Core/Src/iis3dwb_app.o
 .debug_abbrev  0x0000000000000716      0x30a ./Core/Src/iis3dwb_reg.o
 .debug_abbrev  0x0000000000000a20      0x2e8 ./Core/Src/main.o
 .debug_abbrev  0x0000000000000d08      0x292 ./Core/Src/stm32l4xx_hal_msp.o
 .debug_abbrev  0x0000000000000f9a      0x22d ./Core/Src/stm32l4xx_it.o
 .debug_abbrev  0x00000000000011c7      0x165 ./Core/Src/system_stm32l4xx.o
 .debug_abbrev  0x000000000000132c       0x12 ./Core/Startup/startup_stm32l4r9zijx.o
 .debug_abbrev  0x000000000000133e      0x227 ./Drivers/STM32L4xx_HAL_Driver/Src/stm32l4xx_hal.o
 .debug_abbrev  0x0000000000001565      0x33c ./Drivers/STM32L4xx_HAL_Driver/Src/stm32l4xx_hal_cortex.o
 .debug_abbrev  0x00000000000018a1      0x1e8 ./Drivers/STM32L4xx_HAL_Driver/Src/stm32l4xx_hal_gpio.o
 .debug_abbrev  0x0000000000001a89      0x1f3 ./Drivers/STM32L4xx_HAL_Driver/Src/stm32l4xx_hal_pwr_ex.o
 .debug_abbrev  0x0000000000001c7c      0x2b1 ./Drivers/STM32L4xx_HAL_Driver/Src/stm32l4xx_hal_rcc.o
 .debug_abbrev  0x0000000000001f2d      0x268 ./Drivers/STM32L4xx_HAL_Driver/Src/stm32l4xx_hal_rcc_ex.o
 .debug_abbrev  0x0000000000002195      0x254 ./Drivers/STM32L4xx_HAL_Driver/Src/stm32l4xx_hal_spi.o
 .debug_abbrev  0x00000000000023e9      0x25e ./Drivers/STM32L4xx_HAL_Driver/Src/stm32l4xx_hal_tim.o
 .debug_abbrev  0x0000000000002647      0x266 ./Drivers/STM32L4xx_HAL_Driver/Src/stm32l4xx_hal_tim_ex.o
 .debug_abbrev  0x00000000000028ad      0x24e ./Drivers/STM32L4xx_HAL_Driver/Src/stm32l4xx_hal_uart.o
 .debug_abbrev  0x0000000000002afb      0x20a ./Drivers/STM32L4xx_HAL_Driver/Src/stm32l4xx_hal_uart_ex.o

.debug_aranges  0x0000000000000000     0x1550
 .debug_aranges
                0x0000000000000000       0x38 ./Core/Src/format.o
 .debug_aranges
                0x0000000000000038       0x38 ./Core/Src/iis3dwb.o
 .debug_aranges
                0x0000000000000070       0x30 ./Core/Src/iis3dwb_app.o
 .debug_aranges
                0x00000000000000a0      0x380 ./Core/Src/iis3dwb_reg.o
 .debug_aranges
                0x0000000000000420       0x58 ./Core/Src/main.o
 .debug_aranges
                0x0000000000000478       0x50 ./Core/Src/stm32l4xx_hal_msp.o
 .debug_aranges
                0x00000000000004c8       0x68 ./Core/Src/stm32l4xx_it.o
 .debug_aranges
                0x0000000000000530       0x28 ./Core/Src/system_stm32l4xx.o
 .debug_aranges
                0x0000000000000558       0x28 ./Core/Startup/startup_stm32l4r9zijx.o
 .debug_aranges
                0x0000000000000580      0x130 ./Drivers/STM32L4xx_HAL_Driver/Src/stm32l4xx_hal.o
 .debug_aranges
                0x00000000000006b0      0x118 ./Drivers/STM32L4xx_HAL_Driver/Src/stm32l4xx_hal_cortex.o
 .debug_aranges
                0x00000000000007c8       0x58 ./Drivers/STM32L4xx_HAL_Driver/Src/stm32l4xx_hal_gpio.o
 .debug_aranges
                0x0000000000000820      0x170 ./Drivers/STM32L4xx_HAL_Driver/Src/stm32l4xx_hal_pwr_ex.o
 .debug_aranges
                0x0000000000000990       0x90 ./Drivers/STM32L4xx_HAL_Driver/Src/stm32l4xx_hal_rcc.o
 .debug_aranges
                0x0000000000000a20      0x110 ./Drivers/STM32L4xx_HAL_Driver/Src/stm32l4xx_hal_rcc_ex.o
 .debug_aranges
                0x0000000000000b30      0x1d8 ./Drivers/STM32L4xx_HAL_Driver/Src/stm32l4xx_hal_spi.o
 .debug_aranges
                0x0000000000000d08      0x3e0 ./Drivers/STM32L4xx_HAL_Driver/Src/stm32l4xx_hal_tim.o
 .debug_aranges
                0x00000000000010e8      0x180 ./Drivers/STM32L4xx_HAL_Driver/Src/stm32l4xx_hal_tim_ex.o
 .debug_aranges
                0x0000000000001268      0x248 ./Drivers/STM32L4xx_HAL_Driver/Src/stm32l4xx_hal_uart.o
 .debug_aranges
                0x00000000000014b0       0xa0 ./Drivers/STM32L4xx_HAL_Driver/Src/stm32l4xx_hal_uart_ex.o

.debug_ranges   0x0000000000000000     0x1448
 .debug_ranges  0x0000000000000000       0x28 ./Core/Src/format.o
 .debug_ranges  0x0000000000000028       0x28 ./Core/Src/iis3dwb.o
 .debug_ranges  0x0000000000000050       0x20 ./Core/Src/iis3dwb_app.o
 .debug_ranges  0x0000000000000070      0x370 ./Core/Src/iis3dwb_reg.o
 .debug_ranges  0x00000000000003e0       0x48 ./Core/Src/main.o
 .debug_ranges  0x0000000000000428       0x40 ./Core/Src/stm32l4xx_hal_msp.o
 .debug_ranges  0x0000000000000468       0x58 ./Core/Src/stm32l4xx_it.o
 .debug_ranges  0x00000000000004c0       0x18 ./Core/Src/system_stm32l4xx.o
 .debug_ranges  0x00000000000004d8       0x20 ./Core/Startup/startup_stm32l4r9zijx.o
 .debug_ranges  0x00000000000004f8      0x120 ./Drivers/STM32L4xx_HAL_Driver/Src/stm32l4xx_hal.o
 .debug_ranges  0x0000000000000618      0x108 ./Drivers/STM32L4xx_HAL_Driver/Src/stm32l4xx_hal_cortex.o
 .debug_ranges  0x0000000000000720       0x48 ./Drivers/STM32L4xx_HAL_Driver/Src/stm32l4xx_hal_gpio.o
 .debug_ranges  0x0000000000000768      0x160 ./Drivers/STM32L4xx_HAL_Driver/Src/stm32l4xx_hal_pwr_ex.o
 .debug_ranges  0x00000000000008c8       0x80 ./Drivers/STM32L4xx_HAL_Driver/Src/stm32l4xx_hal_rcc.o
 .debug_ranges  0x0000000000000948      0x100 ./Drivers/STM32L4xx_HAL_Driver/Src/stm32l4xx_hal_rcc_ex.o
 .debug_ranges  0x0000000000000a48      0x1c8 ./Drivers/STM32L4xx_HAL_Driver/Src/stm32l4xx_hal_spi.o
 .debug_ranges  0x0000000000000c10      0x3d0 ./Drivers/STM32L4xx_HAL_Driver/Src/stm32l4xx_hal_tim.o
 .debug_ranges  0x0000000000000fe0      0x170 ./Drivers/STM32L4xx_HAL_Driver/Src/stm32l4xx_hal_tim_ex.o
 .debug_ranges  0x0000000000001150      0x268 ./Drivers/STM32L4xx_HAL_Driver/Src/stm32l4xx_hal_uart.o
 .debug_ranges  0x00000000000013b8       0x90 ./Drivers/STM32L4xx_HAL_Driver/Src/stm32l4xx_hal_uart_ex.o

.debug_macro    0x0000000000000000    0x3270e
 .debug_macro   0x0000000000000000      0x1b6 ./Core/Src/format.o
 .debug_macro   0x00000000000001b6      0xaa8 ./Core/Src/format.o
 .debug_macro   0x0000000000000c5e       0x22 ./Core/Src/format.o
 .debug_macro   0x0000000000000c80       0x4c ./Core/Src/format.o
 .debug_macro   0x0000000000000ccc       0x18 ./Core/Src/format.o
 .debug_macro   0x0000000000000ce4       0x94 ./Core/Src/format.o
 .debug_macro   0x0000000000000d78       0x3c ./Core/Src/format.o
 .debug_macro   0x0000000000000db4       0x34 ./Core/Src/format.o
 .debug_macro   0x0000000000000de8      0x174 ./Core/Src/format.o
 .debug_macro   0x0000000000000f5c       0x16 ./Core/Src/format.o
 .debug_macro   0x0000000000000f72       0x43 ./Core/Src/format.o
 .debug_macro   0x0000000000000fb5       0x57 ./Core/Src/format.o
 .debug_macro   0x000000000000100c       0x34 ./Core/Src/format.o
 .debug_macro   0x0000000000001040       0x10 ./Core/Src/format.o
 .debug_macro   0x0000000000001050       0x58 ./Core/Src/format.o
 .debug_macro   0x00000000000010a8       0x71 ./Core/Src/format.o
 .debug_macro   0x0000000000001119       0x1c ./Core/Src/format.o
 .debug_macro   0x0000000000001135      0x12a ./Core/Src/format.o
 .debug_macro   0x000000000000125f      0x339 ./Core/Src/format.o
 .debug_macro   0x0000000000001598      0x1a9 ./Core/Src/format.o
 .debug_macro   0x0000000000001741       0x1c ./Core/Src/format.o
 .debug_macro   0x000000000000175d       0x35 ./Core/Src/format.o
 .debug_macro   0x0000000000001792       0x10 ./Core/Src/format.o
 .debug_macro   0x00000000000017a2       0x10 ./Core/Src/format.o
 .debug_macro   0x00000000000017b2       0x6a ./Core/Src/format.o
 .debug_macro   0x000000000000181c       0x1c ./Core/Src/format.o
 .debug_macro   0x0000000000001838       0x52 ./Core/Src/format.o
 .debug_macro   0x000000000000188a       0x22 ./Core/Src/format.o
 .debug_macro   0x00000000000018ac       0x10 ./Core/Src/format.o
 .debug_macro   0x00000000000018bc       0x40 ./Core/Src/format.o
 .debug_macro   0x00000000000018fc       0xd5 ./Core/Src/format.o
 .debug_macro   0x00000000000019d1       0x1c ./Core/Src/format.o
 .debug_macro   0x00000000000019ed       0x3d ./Core/Src/format.o
 .debug_macro   0x0000000000001a2a       0x16 ./Core/Src/format.o
 .debug_macro   0x0000000000001a40      0x145 ./Core/Src/format.o
 .debug_macro   0x0000000000001b85      0x3ed ./Core/Src/iis3dwb.o
 .debug_macro   0x0000000000001f72      0x1b3 ./Core/Src/iis3dwb.o
 .debug_macro   0x0000000000002125       0x2e ./Core/Src/iis3dwb.o
 .debug_macro   0x0000000000002153       0x28 ./Core/Src/iis3dwb.o
 .debug_macro   0x000000000000217b       0x8e ./Core/Src/iis3dwb.o
 .debug_macro   0x0000000000002209       0x51 ./Core/Src/iis3dwb.o
 .debug_macro   0x000000000000225a      0x103 ./Core/Src/iis3dwb.o
 .debug_macro   0x000000000000235d      0x1df ./Core/Src/iis3dwb.o
 .debug_macro   0x000000000000253c       0x1c ./Core/Src/iis3dwb.o
 .debug_macro   0x0000000000002558       0x22 ./Core/Src/iis3dwb.o
 .debug_macro   0x000000000000257a      0x101 ./Core/Src/iis3dwb.o
 .debug_macro   0x000000000000267b     0x1011 ./Core/Src/iis3dwb.o
 .debug_macro   0x000000000000368c      0x11f ./Core/Src/iis3dwb.o
 .debug_macro   0x00000000000037ab    0x22e74 ./Core/Src/iis3dwb.o
 .debug_macro   0x000000000002661f       0x43 ./Core/Src/iis3dwb.o
 .debug_macro   0x0000000000026662     0x389e ./Core/Src/iis3dwb.o
 .debug_macro   0x0000000000029f00       0x5c ./Core/Src/iis3dwb.o
 .debug_macro   0x0000000000029f5c     0x1917 ./Core/Src/iis3dwb.o
 .debug_macro   0x000000000002b873      0x837 ./Core/Src/iis3dwb.o
 .debug_macro   0x000000000002c0aa      0x13d ./Core/Src/iis3dwb.o
 .debug_macro   0x000000000002c1e7      0x225 ./Core/Src/iis3dwb.o
 .debug_macro   0x000000000002c40c      0x486 ./Core/Src/iis3dwb.o
 .debug_macro   0x000000000002c892      0x1cf ./Core/Src/iis3dwb.o
 .debug_macro   0x000000000002ca61       0x43 ./Core/Src/iis3dwb.o
 .debug_macro   0x000000000002caa4      0x23d ./Core/Src/iis3dwb.o
 .debug_macro   0x000000000002cce1      0x241 ./Core/Src/iis3dwb.o
 .debug_macro   0x000000000002cf22      0x416 ./Core/Src/iis3dwb.o
 .debug_macro   0x000000000002d338       0x1c ./Core/Src/iis3dwb.o
 .debug_macro   0x000000000002d354       0xf2 ./Core/Src/iis3dwb.o
 .debug_macro   0x000000000002d446      0x22c ./Core/Src/iis3dwb.o
 .debug_macro   0x000000000002d672       0x61 ./Core/Src/iis3dwb.o
 .debug_macro   0x000000000002d6d3       0xa5 ./Core/Src/iis3dwb.o
 .debug_macro   0x000000000002d778      0x122 ./Core/Src/iis3dwb.o
 .debug_macro   0x000000000002d89a      0x3f7 ./Core/Src/iis3dwb.o
 .debug_macro   0x000000000002dc91      0x2fe ./Core/Src/iis3dwb.o
 .debug_macro   0x000000000002df8f      0xa75 ./Core/Src/iis3dwb.o
 .debug_macro   0x000000000002ea04      0x197 ./Core/Src/iis3dwb.o
 .debug_macro   0x000000000002eb9b      0x67e ./Core/Src/iis3dwb.o
 .debug_macro   0x000000000002f219       0xa6 ./Core/Src/iis3dwb.o
 .debug_macro   0x000000000002f2bf      0x433 ./Core/Src/iis3dwb.o
 .debug_macro   0x000000000002f6f2       0x40 ./Core/Src/iis3dwb.o
 .debug_macro   0x000000000002f732       0x52 ./Core/Src/iis3dwb.o
 .debug_macro   0x000000000002f784      0x333 ./Core/Src/iis3dwb.o
 .debug_macro   0x000000000002fab7      0x193 ./Core/Src/iis3dwb.o
 .debug_macro   0x000000000002fc4a       0x16 ./Core/Src/iis3dwb.o
 .debug_macro   0x000000000002fc60       0x20 ./Core/Src/iis3dwb.o
 .debug_macro   0x000000000002fc80       0x5f ./Core/Src/iis3dwb.o
 .debug_macro   0x000000000002fcdf      0x3f1 ./Core/Src/iis3dwb_app.o
 .debug_macro   0x00000000000300d0      0x122 ./Core/Src/iis3dwb_reg.o
 .debug_macro   0x00000000000301f2      0x3f1 ./Core/Src/main.o
 .debug_macro   0x00000000000305e3      0x3f1 ./Core/Src/stm32l4xx_hal_msp.o
 .debug_macro   0x00000000000309d4      0x3fb ./Core/Src/stm32l4xx_it.o
 .debug_macro   0x0000000000030dcf      0x1fc ./Core/Src/system_stm32l4xx.o
 .debug_macro   0x0000000000030fcb      0x24a ./Drivers/STM32L4xx_HAL_Driver/Src/stm32l4xx_hal.o
 .debug_macro   0x0000000000031215      0x1fc ./Drivers/STM32L4xx_HAL_Driver/Src/stm32l4xx_hal_cortex.o
 .debug_macro   0x0000000000031411      0x23b ./Drivers/STM32L4xx_HAL_Driver/Src/stm32l4xx_hal_gpio.o
 .debug_macro   0x000000000003164c      0x226 ./Drivers/STM32L4xx_HAL_Driver/Src/stm32l4xx_hal_pwr_ex.o
 .debug_macro   0x0000000000031872      0x23e ./Drivers/STM32L4xx_HAL_Driver/Src/stm32l4xx_hal_rcc.o
 .debug_macro   0x0000000000031ab0      0x232 ./Drivers/STM32L4xx_HAL_Driver/Src/stm32l4xx_hal_rcc_ex.o
 .debug_macro   0x0000000000031ce2      0x204 ./Drivers/STM32L4xx_HAL_Driver/Src/stm32l4xx_hal_spi.o
 .debug_macro   0x0000000000031ee6      0x1fd ./Drivers/STM32L4xx_HAL_Driver/Src/stm32l4xx_hal_tim.o
 .debug_macro   0x00000000000320e3      0x1fc ./Drivers/STM32L4xx_HAL_Driver/Src/stm32l4xx_hal_tim_ex.o
 .debug_macro   0x00000000000322df      0x227 ./Drivers/STM32L4xx_HAL_Driver/Src/stm32l4xx_hal_uart.o
 .debug_macro   0x0000000000032506      0x208 ./Drivers/STM32L4xx_HAL_Driver/Src/stm32l4xx_hal_uart_ex.o

.debug_line     0x0000000000000000    0x15c51
 .debug_line    0x0000000000000000      0x649 ./Core/Src/format.o
 .debug_line    0x0000000000000649      0xa19 ./Core/Src/iis3dwb.o
 .debug_line    0x0000000000001062      0xa80 ./Core/Src/iis3dwb_app.o
 .debug_line    0x0000000000001ae2     0x165c ./Core/Src/iis3dwb_reg.o
 .debug_line    0x000000000000313e      0xb89 ./Core/Src/main.o
 .debug_line    0x0000000000003cc7      0xaa5 ./Core/Src/stm32l4xx_hal_msp.o
 .debug_line    0x000000000000476c      0xa86 ./Core/Src/stm32l4xx_it.o
 .debug_line    0x00000000000051f2      0x7f4 ./Core/Src/system_stm32l4xx.o
 .debug_line    0x00000000000059e6       0x87 ./Core/Startup/startup_stm32l4r9zijx.o
 .debug_line    0x0000000000005a6d      0xb33 ./Drivers/STM32L4xx_HAL_Driver/Src/stm32l4xx_hal.o
 .debug_line    0x00000000000065a0      0xcda ./Drivers/STM32L4xx_HAL_Driver/Src/stm32l4xx_hal_cortex.o
 .debug_line    0x000000000000727a      0xb93 ./Drivers/STM32L4xx_HAL_Driver/Src/stm32l4xx_hal_gpio.o
 .debug_line    0x0000000000007e0d      0xd94 ./Drivers/STM32L4xx_HAL_Driver/Src/stm32l4xx_hal_pwr_ex.o
 .debug_line    0x0000000000008ba1     0x106e ./Drivers/STM32L4xx_HAL_Driver/Src/stm32l4xx_hal_rcc.o
 .debug_line    0x0000000000009c0f     0x19c5 ./Drivers/STM32L4xx_HAL_Driver/Src/stm32l4xx_hal_rcc_ex.o
 .debug_line    0x000000000000b5d4     0x1f5c ./Drivers/STM32L4xx_HAL_Driver/Src/stm32l4xx_hal_spi.o
 .debug_line    0x000000000000d530     0x3cbd ./Drivers/STM32L4xx_HAL_Driver/Src/stm32l4xx_hal_tim.o
 .debug_line    0x00000000000111ed     0x1c02 ./Drivers/STM32L4xx_HAL_Driver/Src/stm32l4xx_hal_tim_ex.o
 .debug_line    0x0000000000012def     0x2183 ./Drivers/STM32L4xx_HAL_Driver/Src/stm32l4xx_hal_uart.o
 .debug_line    0x0000000000014f72      0xcdf ./Drivers/STM32L4xx_HAL_Driver/Src/stm32l4xx_hal_uart_ex.o

.debug_str      0x0000000000000000   0x12ea7f
 .debug_str     0x0000000000000000     0x7d85 ./Core/Src/format.o
                                       0x7fb5 (size before relaxing)
 .debug_str     0x0000000000007d85   0x11ffd9 ./Core/Src/iis3dwb.o
                                     0x128144 (size before relaxing)
 .debug_str     0x0000000000127d5e      0x420 ./Core/Src/iis3dwb_app.o
                                     0x1284cc (size before relaxing)
 .debug_str     0x000000000012817e     0x18c3 ./Core/Src/iis3dwb_reg.o
                                       0x9ac4 (size before relaxing)
 .debug_str     0x0000000000129a41      0x600 ./Core/Src/main.o
                                     0x128979 (size before relaxing)
 .debug_str     0x000000000012a041      0x7e3 ./Core/Src/stm32l4xx_hal_msp.o
                                     0x12903e (size before relaxing)
 .debug_str     0x000000000012a824       0xbd ./Core/Src/stm32l4xx_it.o
                                     0x12848c (size before relaxing)
 .debug_str     0x000000000012a8e1       0xb8 ./Core/Src/system_stm32l4xx.o
                                     0x12284c (size before relaxing)
 .debug_str     0x000000000012a999       0x36 ./Core/Startup/startup_stm32l4r9zijx.o
                                         0x74 (size before relaxing)
 .debug_str     0x000000000012a9cf      0x5bc ./Drivers/STM32L4xx_HAL_Driver/Src/stm32l4xx_hal.o
                                     0x1233b4 (size before relaxing)
 .debug_str     0x000000000012af8b      0x389 ./Drivers/STM32L4xx_HAL_Driver/Src/stm32l4xx_hal_cortex.o
                                     0x1230ff (size before relaxing)
 .debug_str     0x000000000012b314      0x230 ./Drivers/STM32L4xx_HAL_Driver/Src/stm32l4xx_hal_gpio.o
                                     0x122ad3 (size before relaxing)
 .debug_str     0x000000000012b544      0x586 ./Drivers/STM32L4xx_HAL_Driver/Src/stm32l4xx_hal_pwr_ex.o
                                     0x122e35 (size before relaxing)
 .debug_str     0x000000000012baca      0x3db ./Drivers/STM32L4xx_HAL_Driver/Src/stm32l4xx_hal_rcc.o
                                     0x122e42 (size before relaxing)
 .debug_str     0x000000000012bea5      0x5ac ./Drivers/STM32L4xx_HAL_Driver/Src/stm32l4xx_hal_rcc_ex.o
                                     0x123240 (size before relaxing)
 .debug_str     0x000000000012c451      0x586 ./Drivers/STM32L4xx_HAL_Driver/Src/stm32l4xx_hal_spi.o
                                     0x1230e2 (size before relaxing)
 .debug_str     0x000000000012c9d7      0xe28 ./Drivers/STM32L4xx_HAL_Driver/Src/stm32l4xx_hal_tim.o
                                     0x123bb0 (size before relaxing)
 .debug_str     0x000000000012d7ff      0x65b ./Drivers/STM32L4xx_HAL_Driver/Src/stm32l4xx_hal_tim_ex.o
                                     0x123482 (size before relaxing)
 .debug_str     0x000000000012de5a      0x947 ./Drivers/STM32L4xx_HAL_Driver/Src/stm32l4xx_hal_uart.o
                                     0x123696 (size before relaxing)
 .debug_str     0x000000000012e7a1      0x2de ./Drivers/STM32L4xx_HAL_Driver/Src/stm32l4xx_hal_uart_ex.o
                                     0x122ed7 (size before relaxing)

.comment        0x0000000000000000       0x53
 .comment       0x0000000000000000       0x53 ./Core/Src/format.o
                                         0x54 (size before relaxing)
 .comment       0x0000000000000053       0x54 ./Core/Src/iis3dwb.o
 .comment       0x0000000000000053       0x54 ./Core/Src/iis3dwb_app.o
 .comment       0x0000000000000053       0x54 ./Core/Src/iis3dwb_reg.o
 .comment       0x0000000000000053       0x54 ./Core/Src/main.o
 .comment       0x0000000000000053       0x54 ./Core/Src/stm32l4xx_hal_msp.o
 .comment       0x0000000000000053       0x54 ./Core/Src/stm32l4xx_it.o
 .comment       0x0000000000000053       0x54 ./Core/Src/system_stm32l4xx.o
 .comment       0x0000000000000053       0x54 ./Drivers/STM32L4xx_HAL_Driver/Src/stm32l4xx_hal.o
 .comment       0x0000000000000053       0x54 ./Drivers/STM32L4xx_HAL_Driver/Src/stm32l4xx_hal_cortex.o
 .comment       0x0000000000000053       0x54 ./Drivers/STM32L4xx_HAL_Driver/Src/stm32l4xx_hal_gpio.o
 .comment       0x0000000000000053       0x54 ./Drivers/STM32L4xx_HAL_Driver/Src/stm32l4xx_hal_pwr_ex.o
 .comment       0x0000000000000053       0x54 ./Drivers/STM32L4xx_HAL_Driver/Src/stm32l4xx_hal_rcc.o
 .comment       0x0000000000000053       0x54 ./Drivers/STM32L4xx_HAL_Driver/Src/stm32l4xx_hal_rcc_ex.o
 .comment       0x0000000000000053       0x54 ./Drivers/STM32L4xx_HAL_Driver/Src/stm32l4xx_hal_spi.o
 .comment       0x0000000000000053       0x54 ./Drivers/STM32L4xx_HAL_Driver/Src/stm32l4xx_hal_tim.o
 .comment       0x0000000000000053       0x54 ./Drivers/STM32L4xx_HAL_Driver/Src/stm32l4xx_hal_tim_ex.o
 .comment       0x0000000000000053       0x54 ./Drivers/STM32L4xx_HAL_Driver/Src/stm32l4xx_hal_uart.o
 .comment       0x0000000000000053       0x54 ./Drivers/STM32L4xx_HAL_Driver/Src/stm32l4xx_hal_uart_ex.o

.debug_frame    0x0000000000000000     0x5eb0
 .debug_frame   0x0000000000000000       0xac ./Core/Src/format.o
 .debug_frame   0x00000000000000ac       0x90 ./Core/Src/iis3dwb.o
 .debug_frame   0x000000000000013c       0x80 ./Core/Src/iis3dwb_app.o
 .debug_frame   0x00000000000001bc      0xf88 ./Core/Src/iis3dwb_reg.o
 .debug_frame   0x0000000000001144      0x10c ./Core/Src/main.o
 .debug_frame   0x0000000000001250      0x114 ./Core/Src/stm32l4xx_hal_msp.o
 .debug_frame   0x0000000000001364      0x120 ./Core/Src/stm32l4xx_it.o
 .debug_frame   0x0000000000001484       0x58 ./Core/Src/system_stm32l4xx.o
 .debug_frame   0x00000000000014dc      0x498 ./Drivers/STM32L4xx_HAL_Driver/Src/stm32l4xx_hal.o
 .debug_frame   0x0000000000001974      0x498 ./Drivers/STM32L4xx_HAL_Driver/Src/stm32l4xx_hal_cortex.o
 .debug_frame   0x0000000000001e0c      0x14c ./Drivers/STM32L4xx_HAL_Driver/Src/stm32l4xx_hal_gpio.o
 .debug_frame   0x0000000000001f58      0x5c4 ./Drivers/STM32L4xx_HAL_Driver/Src/stm32l4xx_hal_pwr_ex.o
 .debug_frame   0x000000000000251c      0x220 ./Drivers/STM32L4xx_HAL_Driver/Src/stm32l4xx_hal_rcc.o
 .debug_frame   0x000000000000273c      0x464 ./Drivers/STM32L4xx_HAL_Driver/Src/stm32l4xx_hal_rcc_ex.o
 .debug_frame   0x0000000000002ba0      0x860 ./Drivers/STM32L4xx_HAL_Driver/Src/stm32l4xx_hal_spi.o
 .debug_frame   0x0000000000003400     0x121c ./Drivers/STM32L4xx_HAL_Driver/Src/stm32l4xx_hal_tim.o
 .debug_frame   0x000000000000461c      0x6b0 ./Drivers/STM32L4xx_HAL_Driver/Src/stm32l4xx_hal_tim_ex.o
 .debug_frame   0x0000000000004ccc      0xa7c ./Drivers/STM32L4xx_HAL_Driver/Src/stm32l4xx_hal_uart.o
 .debug_frame   0x0000000000005748      0x29c ./Drivers/STM32L4xx_HAL_Driver/Src/stm32l4xx_hal_uart_ex.o
 .debug_frame   0x00000000000059e4       0x20 c:/st/stm32cubeide_1.0.2/stm32cubeide/plugins/com.st.stm32cube.ide.mcu.externaltools.gnu-tools-for-stm32.9-2020-q2-update.win32_2.0.0.202105311346/tools/bin/../lib/gcc/arm-none-eabi/9.3.1/../../../../arm-none-eabi/lib/thumb/v7e-m+fp/hard\libc_nano.a(lib_a-errno.o)
 .debug_frame   0x0000000000005a04       0x2c c:/st/stm32cubeide_1.0.2/stm32cubeide/plugins/com.st.stm32cube.ide.mcu.externaltools.gnu-tools-for-stm32.9-2020-q2-update.win32_2.0.0.202105311346/tools/bin/../lib/gcc/arm-none-eabi/9.3.1/../../../../arm-none-eabi/lib/thumb/v7e-m+fp/hard\libc_nano.a(lib_a-init.o)
 .debug_frame   0x0000000000005a30       0x28 c:/st/stm32cubeide_1.0.2/stm32cubeide/plugins/com.st.stm32cube.ide.mcu.externaltools.gnu-tools-for-stm32.9-2020-q2-update.win32_2.0.0.202105311346/tools/bin/../lib/gcc/arm-none-eabi/9.3.1/../../../../arm-none-eabi/lib/thumb/v7e-m+fp/hard\libc_nano.a(lib_a-memcpy-stub.o)
 .debug_frame   0x0000000000005a58       0x20 c:/st/stm32cubeide_1.0.2/stm32cubeide/plugins/com.st.stm32cube.ide.mcu.externaltools.gnu-tools-for-stm32.9-2020-q2-update.win32_2.0.0.202105311346/tools/bin/../lib/gcc/arm-none-eabi/9.3.1/../../../../arm-none-eabi/lib/thumb/v7e-m+fp/hard\libc_nano.a(lib_a-memset.o)
 .debug_frame   0x0000000000005a78       0x34 c:/st/stm32cubeide_1.0.2/stm32cubeide/plugins/com.st.stm32cube.ide.mcu.externaltools.gnu-tools-for-stm32.9-2020-q2-update.win32_2.0.0.202105311346/tools/bin/../lib/gcc/arm-none-eabi/9.3.1/../../../../arm-none-eabi/lib/thumb/v7e-m+fp/hard\libm.a(lib_a-w_pow.o)
 .debug_frame   0x0000000000005aac       0xa8 c:/st/stm32cubeide_1.0.2/stm32cubeide/plugins/com.st.stm32cube.ide.mcu.externaltools.gnu-tools-for-stm32.9-2020-q2-update.win32_2.0.0.202105311346/tools/bin/../lib/gcc/arm-none-eabi/9.3.1/../../../../arm-none-eabi/lib/thumb/v7e-m+fp/hard\libm.a(lib_a-e_pow.o)
 .debug_frame   0x0000000000005b54       0x30 c:/st/stm32cubeide_1.0.2/stm32cubeide/plugins/com.st.stm32cube.ide.mcu.externaltools.gnu-tools-for-stm32.9-2020-q2-update.win32_2.0.0.202105311346/tools/bin/../lib/gcc/arm-none-eabi/9.3.1/../../../../arm-none-eabi/lib/thumb/v7e-m+fp/hard\libm.a(lib_a-e_sqrt.o)
 .debug_frame   0x0000000000005b84       0x20 c:/st/stm32cubeide_1.0.2/stm32cubeide/plugins/com.st.stm32cube.ide.mcu.externaltools.gnu-tools-for-stm32.9-2020-q2-update.win32_2.0.0.202105311346/tools/bin/../lib/gcc/arm-none-eabi/9.3.1/../../../../arm-none-eabi/lib/thumb/v7e-m+fp/hard\libm.a(lib_a-s_fabs.o)
 .debug_frame   0x0000000000005ba4       0x28 c:/st/stm32cubeide_1.0.2/stm32cubeide/plugins/com.st.stm32cube.ide.mcu.externaltools.gnu-tools-for-stm32.9-2020-q2-update.win32_2.0.0.202105311346/tools/bin/../lib/gcc/arm-none-eabi/9.3.1/../../../../arm-none-eabi/lib/thumb/v7e-m+fp/hard\libm.a(lib_a-s_finite.o)
 .debug_frame   0x0000000000005bcc       0x20 c:/st/stm32cubeide_1.0.2/stm32cubeide/plugins/com.st.stm32cube.ide.mcu.externaltools.gnu-tools-for-stm32.9-2020-q2-update.win32_2.0.0.202105311346/tools/bin/../lib/gcc/arm-none-eabi/9.3.1/../../../../arm-none-eabi/lib/thumb/v7e-m+fp/hard\libm.a(lib_a-s_nan.o)
 .debug_frame   0x0000000000005bec       0x34 c:/st/stm32cubeide_1.0.2/stm32cubeide/plugins/com.st.stm32cube.ide.mcu.externaltools.gnu-tools-for-stm32.9-2020-q2-update.win32_2.0.0.202105311346/tools/bin/../lib/gcc/arm-none-eabi/9.3.1/../../../../arm-none-eabi/lib/thumb/v7e-m+fp/hard\libm.a(lib_a-s_rint.o)
 .debug_frame   0x0000000000005c20       0x2c c:/st/stm32cubeide_1.0.2/stm32cubeide/plugins/com.st.stm32cube.ide.mcu.externaltools.gnu-tools-for-stm32.9-2020-q2-update.win32_2.0.0.202105311346/tools/bin/../lib/gcc/arm-none-eabi/9.3.1/../../../../arm-none-eabi/lib/thumb/v7e-m+fp/hard\libm.a(lib_a-s_scalbn.o)
 .debug_frame   0x0000000000005c4c       0xac c:/st/stm32cubeide_1.0.2/stm32cubeide/plugins/com.st.stm32cube.ide.mcu.externaltools.gnu-tools-for-stm32.9-2020-q2-update.win32_2.0.0.202105311346/tools/bin/../lib/gcc/arm-none-eabi/9.3.1/thumb/v7e-m+fp/hard\libgcc.a(_arm_addsubdf3.o)
 .debug_frame   0x0000000000005cf8       0x50 c:/st/stm32cubeide_1.0.2/stm32cubeide/plugins/com.st.stm32cube.ide.mcu.externaltools.gnu-tools-for-stm32.9-2020-q2-update.win32_2.0.0.202105311346/tools/bin/../lib/gcc/arm-none-eabi/9.3.1/thumb/v7e-m+fp/hard\libgcc.a(_arm_muldivdf3.o)
 .debug_frame   0x0000000000005d48       0xc4 c:/st/stm32cubeide_1.0.2/stm32cubeide/plugins/com.st.stm32cube.ide.mcu.externaltools.gnu-tools-for-stm32.9-2020-q2-update.win32_2.0.0.202105311346/tools/bin/../lib/gcc/arm-none-eabi/9.3.1/thumb/v7e-m+fp/hard\libgcc.a(_arm_cmpdf2.o)
 .debug_frame   0x0000000000005e0c       0x20 c:/st/stm32cubeide_1.0.2/stm32cubeide/plugins/com.st.stm32cube.ide.mcu.externaltools.gnu-tools-for-stm32.9-2020-q2-update.win32_2.0.0.202105311346/tools/bin/../lib/gcc/arm-none-eabi/9.3.1/thumb/v7e-m+fp/hard\libgcc.a(_arm_unorddf2.o)
 .debug_frame   0x0000000000005e2c       0x24 c:/st/stm32cubeide_1.0.2/stm32cubeide/plugins/com.st.stm32cube.ide.mcu.externaltools.gnu-tools-for-stm32.9-2020-q2-update.win32_2.0.0.202105311346/tools/bin/../lib/gcc/arm-none-eabi/9.3.1/thumb/v7e-m+fp/hard\libgcc.a(_arm_truncdfsf2.o)
 .debug_frame   0x0000000000005e50       0x2c c:/st/stm32cubeide_1.0.2/stm32cubeide/plugins/com.st.stm32cube.ide.mcu.externaltools.gnu-tools-for-stm32.9-2020-q2-update.win32_2.0.0.202105311346/tools/bin/../lib/gcc/arm-none-eabi/9.3.1/thumb/v7e-m+fp/hard\libgcc.a(_aeabi_uldivmod.o)
 .debug_frame   0x0000000000005e7c       0x34 c:/st/stm32cubeide_1.0.2/stm32cubeide/plugins/com.st.stm32cube.ide.mcu.externaltools.gnu-tools-for-stm32.9-2020-q2-update.win32_2.0.0.202105311346/tools/bin/../lib/gcc/arm-none-eabi/9.3.1/thumb/v7e-m+fp/hard\libgcc.a(_udivmoddi4.o)