Archive member included to satisfy reference by file (symbol)

c:/st/stm32cubeide_1.0.2/stm32cubeide/plugins/com.st.stm32cube.ide.mcu.externaltools.gnu-tools-for-stm32.9-2020-q2-update.win32_2.0.0.202105311346/tools/bin/../lib/gcc/arm-none-eabi/9.3.1/../../../../arm-none-eabi/lib/thumb/v7e-m+fp/hard\libc_nano.a(lib_a-errno.o)
                              ./Core/Src/syscalls.o (__errno)
c:/st/stm32cubeide_1.0.2/stm32cubeide/plugins/com.st.stm32cube.ide.mcu.externaltools.gnu-tools-for-stm32.9-2020-q2-update.win32_2.0.0.202105311346/tools/bin/../lib/gcc/arm-none-eabi/9.3.1/../../../../arm-none-eabi/lib/thumb/v7e-m+fp/hard\libc_nano.a(lib_a-exit.o)
                              c:/st/stm32cubeide_1.0.2/stm32cubeide/plugins/com.st.stm32cube.ide.mcu.externaltools.gnu-tools-for-stm32.9-2020-q2-update.win32_2.0.0.202105311346/tools/bin/../lib/gcc/arm-none-eabi/9.3.1/../../../../arm-none-eabi/lib/thumb/v7e-m+fp/hard/crt0.o (exit)
c:/st/stm32cubeide_1.0.2/stm32cubeide/plugins/com.st.stm32cube.ide.mcu.externaltools.gnu-tools-for-stm32.9-2020-q2-update.win32_2.0.0.202105311346/tools/bin/../lib/gcc/arm-none-eabi/9.3.1/../../../../arm-none-eabi/lib/thumb/v7e-m+fp/hard\libc_nano.a(lib_a-impure.o)
                              c:/st/stm32cubeide_1.0.2/stm32cubeide/plugins/com.st.stm32cube.ide.mcu.externaltools.gnu-tools-for-stm32.9-2020-q2-update.win32_2.0.0.202105311346/tools/bin/../lib/gcc/arm-none-eabi/9.3.1/../../../../arm-none-eabi/lib/thumb/v7e-m+fp/hard\libc_nano.a(lib_a-exit.o) (_global_impure_ptr)
c:/st/stm32cubeide_1.0.2/stm32cubeide/plugins/com.st.stm32cube.ide.mcu.externaltools.gnu-tools-for-stm32.9-2020-q2-update.win32_2.0.0.202105311346/tools/bin/../lib/gcc/arm-none-eabi/9.3.1/../../../../arm-none-eabi/lib/thumb/v7e-m+fp/hard\libc_nano.a(lib_a-init.o)
                              c:/st/stm32cubeide_1.0.2/stm32cubeide/plugins/com.st.stm32cube.ide.mcu.externaltools.gnu-tools-for-stm32.9-2020-q2-update.win32_2.0.0.202105311346/tools/bin/../lib/gcc/arm-none-eabi/9.3.1/../../../../arm-none-eabi/lib/thumb/v7e-m+fp/hard/crt0.o (__libc_init_array)
c:/st/stm32cubeide_1.0.2/stm32cubeide/plugins/com.st.stm32cube.ide.mcu.externaltools.gnu-tools-for-stm32.9-2020-q2-update.win32_2.0.0.202105311346/tools/bin/../lib/gcc/arm-none-eabi/9.3.1/../../../../arm-none-eabi/lib/thumb/v7e-m+fp/hard\libc_nano.a(lib_a-memcpy-stub.o)
                              ./Core/Src/iis3dwb_app.o (memcpy)
c:/st/stm32cubeide_1.0.2/stm32cubeide/plugins/com.st.stm32cube.ide.mcu.externaltools.gnu-tools-for-stm32.9-2020-q2-update.win32_2.0.0.202105311346/tools/bin/../lib/gcc/arm-none-eabi/9.3.1/../../../../arm-none-eabi/lib/thumb/v7e-m+fp/hard\libc_nano.a(lib_a-memset.o)
                              c:/st/stm32cubeide_1.0.2/stm32cubeide/plugins/com.st.stm32cube.ide.mcu.externaltools.gnu-tools-for-stm32.9-2020-q2-update.win32_2.0.0.202105311346/tools/bin/../lib/gcc/arm-none-eabi/9.3.1/../../../../arm-none-eabi/lib/thumb/v7e-m+fp/hard/crt0.o (memset)
c:/st/stm32cubeide_1.0.2/stm32cubeide/plugins/com.st.stm32cube.ide.mcu.externaltools.gnu-tools-for-stm32.9-2020-q2-update.win32_2.0.0.202105311346/tools/bin/../lib/gcc/arm-none-eabi/9.3.1/../../../../arm-none-eabi/lib/thumb/v7e-m+fp/hard\libm.a(lib_a-w_pow.o)
                              ./Core/Src/format.o (pow)
c:/st/stm32cubeide_1.0.2/stm32cubeide/plugins/com.st.stm32cube.ide.mcu.externaltools.gnu-tools-for-stm32.9-2020-q2-update.win32_2.0.0.202105311346/tools/bin/../lib/gcc/arm-none-eabi/9.3.1/../../../../arm-none-eabi/lib/thumb/v7e-m+fp/hard\libm.a(lib_a-e_pow.o)
                              c:/st/stm32cubeide_1.0.2/stm32cubeide/plugins/com.st.stm32cube.ide.mcu.externaltools.gnu-tools-for-stm32.9-2020-q2-update.win32_2.0.0.202105311346/tools/bin/../lib/gcc/arm-none-eabi/9.3.1/../../../../arm-none-eabi/lib/thumb/v7e-m+fp/hard\libm.a(lib_a-w_pow.o) (__ieee754_pow)
c:/st/stm32cubeide_1.0.2/stm32cubeide/plugins/com.st.stm32cube.ide.mcu.externaltools.gnu-tools-for-stm32.9-2020-q2-update.win32_2.0.0.202105311346/tools/bin/../lib/gcc/arm-none-eabi/9.3.1/../../../../arm-none-eabi/lib/thumb/v7e-m+fp/hard\libm.a(lib_a-e_sqrt.o)
                              c:/st/stm32cubeide_1.0.2/stm32cubeide/plugins/com.st.stm32cube.ide.mcu.externaltools.gnu-tools-for-stm32.9-2020-q2-update.win32_2.0.0.202105311346/tools/bin/../lib/gcc/arm-none-eabi/9.3.1/../../../../arm-none-eabi/lib/thumb/v7e-m+fp/hard\libm.a(lib_a-e_pow.o) (__ieee754_sqrt)
c:/st/stm32cubeide_1.0.2/stm32cubeide/plugins/com.st.stm32cube.ide.mcu.externaltools.gnu-tools-for-stm32.9-2020-q2-update.win32_2.0.0.202105311346/tools/bin/../lib/gcc/arm-none-eabi/9.3.1/../../../../arm-none-eabi/lib/thumb/v7e-m+fp/hard\libm.a(lib_a-s_fabs.o)
                              c:/st/stm32cubeide_1.0.2/stm32cubeide/plugins/com.st.stm32cube.ide.mcu.externaltools.gnu-tools-for-stm32.9-2020-q2-update.win32_2.0.0.202105311346/tools/bin/../lib/gcc/arm-none-eabi/9.3.1/../../../../arm-none-eabi/lib/thumb/v7e-m+fp/hard\libm.a(lib_a-e_pow.o) (fabs)
[...]
Memory Configuration

Name             Origin             Length             Attributes
RAM              0x0000000020000000 0x00000000000a0000 xrw
FLASH            0x0000000008000000 0x0000000000200000 xr
*default*        0x0000000000000000 0xffffffffffffffff

Linker script and memory map

LOAD c:/st/stm32cubeide_1.0.2/stm32cubeide/plugins/com.st.stm32cube.ide.mcu.externaltools.gnu-tools-for-stm32.9-2020-q2-update.win32_2.0.0.202105311346/tools/bin/../lib/gcc/arm-none-eabi/9.3.1/thumb/v7e-m+fp/hard/crti.o
LOAD c:/st/stm32cubeide_1.0.2/stm32cubeide/plugins/com.st.stm32cube.ide.mcu.externaltools.gnu-tools-for-stm32.9-2020-q2-update.win32_2.0.0.202105311346/tools/bin/../lib/gcc/arm-none-eabi/9.3.1/thumb/v7e-m+fp/hard/crtbegin.o
LOAD c:/st/stm32cubeide_1.0.2/stm32cubeide/plugins/com.st.stm32cube.ide.mcu.externaltools.gnu-tools-for-stm32.9-2020-q2-update.win32_2.0.0.202105311346/tools/bin/../lib/gcc/arm-none-eabi/9.3.1/../../../../arm-none-eabi/lib/thumb/v7e-m+fp/hard/crt0.o
LOAD ./Core/Src/format.o
LOAD ./Core/Src/iis3dwb.o
LOAD ./Core/Src/iis3dwb_app.o
LOAD ./Core/Src/iis3dwb_reg.o
LOAD ./Core/Src/iis3dwb_st.o
LOAD ./Core/Src/main.o
LOAD ./Core/Src/stm32l4xx_hal_msp.o
LOAD ./Core/Src/stm32l4xx_it.o
LOAD ./Core/Src/syscalls.o
LOAD ./Core/Src/sysmem.o
LOAD ./Core/Src/system_stm32l4xx.o
LOAD ./Core/Startup/startup_stm32l4r9zijx.o
LOAD ./Drivers/STM32L4xx_HAL_Driver/Src/stm32l4xx_hal.o
LOAD ./Drivers/STM32L4xx_HAL_Driver/Src/stm32l4xx_hal_cortex.o
LOAD ./Drivers/STM32L4xx_HAL_Driver/Src/stm32l4xx_hal_dma.o
LOAD ./Drivers/STM32L4xx_HAL_Driver/Src/stm32l4xx_hal_dma_ex.o
LOAD ./Drivers/STM32L4xx_HAL_Driver/Src/stm32l4xx_hal_exti.o
LOAD ./Drivers/STM32L4xx_HAL_Driver/Src/stm32l4xx_hal_flash.o
LOAD ./Drivers/STM32L4xx_HAL_Driver/Src/stm32l4xx_hal_flash_ex.o
LOAD ./Drivers/STM32L4xx_HAL_Driver/Src/stm32l4xx_hal_flash_ramfunc.o
LOAD ./Drivers/STM32L4xx_HAL_Driver/Src/stm32l4xx_hal_gpio.o
LOAD ./Drivers/STM32L4xx_HAL_Driver/Src/stm32l4xx_hal_i2c.o
LOAD ./Drivers/STM32L4xx_HAL_Driver/Src/stm32l4xx_hal_i2c_ex.o
LOAD ./Drivers/STM32L4xx_HAL_Driver/Src/stm32l4xx_hal_pwr.o
LOAD ./Drivers/STM32L4xx_HAL_Driver/Src/stm32l4xx_hal_pwr_ex.o
LOAD ./Drivers/STM32L4xx_HAL_Driver/Src/stm32l4xx_hal_rcc.o
LOAD ./Drivers/STM32L4xx_HAL_Driver/Src/stm32l4xx_hal_rcc_ex.o
LOAD ./Drivers/STM32L4xx_HAL_Driver/Src/stm32l4xx_hal_spi.o
LOAD ./Drivers/STM32L4xx_HAL_Driver/Src/stm32l4xx_hal_spi_ex.o
LOAD ./Drivers/STM32L4xx_HAL_Driver/Src/stm32l4xx_hal_tim.o
LOAD ./Drivers/STM32L4xx_HAL_Driver/Src/stm32l4xx_hal_tim_ex.o
LOAD ./Drivers/STM32L4xx_HAL_Driver/Src/stm32l4xx_hal_uart.o
LOAD ./Drivers/STM32L4xx_HAL_Driver/Src/stm32l4xx_hal_uart_ex.o
START GROUP
LOAD c:/st/stm32cubeide_1.0.2/stm32cubeide/plugins/com.st.stm32cube.ide.mcu.externaltools.gnu-tools-for-stm32.9-2020-q2-update.win32_2.0.0.202105311346/tools/bin/../lib/gcc/arm-none-eabi/9.3.1/../../../../arm-none-eabi/lib/thumb/v7e-m+fp/hard\libc_nano.a
LOAD c:/st/stm32cubeide_1.0.2/stm32cubeide/plugins/com.st.stm32cube.ide.mcu.externaltools.gnu-tools-for-stm32.9-2020-q2-update.win32_2.0.0.202105311346/tools/bin/../lib/gcc/arm-none-eabi/9.3.1/../../../../arm-none-eabi/lib/thumb/v7e-m+fp/hard\libm.a
END GROUP
START GROUP
LOAD c:/st/stm32cubeide_1.0.2/stm32cubeide/plugins/com.st.stm32cube.ide.mcu.externaltools.gnu-tools-for-stm32.9-2020-q2-update.win32_2.0.0.202105311346/tools/bin/../lib/gcc/arm-none-eabi/9.3.1/thumb/v7e-m+fp/hard\libgcc.a
LOAD c:/st/stm32cubeide_1.0.2/stm32cubeide/plugins/com.st.stm32cube.ide.mcu.externaltools.gnu-tools-for-stm32.9-2020-q2-update.win32_2.0.0.202105311346/tools/bin/../lib/gcc/arm-none-eabi/9.3.1/../../../../arm-none-eabi/lib/thumb/v7e-m+fp/hard\libc_nano.a
END GROUP
START GROUP
LOAD c:/st/stm32cubeide_1.0.2/stm32cubeide/plugins/com.st.stm32cube.ide.mcu.externaltools.gnu-tools-for-stm32.9-2020-q2-update.win32_2.0.0.202105311346/tools/bin/../lib/gcc/arm-none-eabi/9.3.1/thumb/v7e-m+fp/hard\libgcc.a
LOAD c:/st/stm32cubeide_1.0.2/stm32cubeide/plugins/com.st.stm32cube.ide.mcu.externaltools.gnu-tools-for-stm32.9-2020-q2-update.win32_2.0.0.202105311346/tools/bin/../lib/gcc/arm-none-eabi/9.3.1/../../../../arm-none-eabi/lib/thumb/v7e-m+fp/hard\libc_nano.a
LOAD c:/st/stm32cubeide_1.0.2/stm32cubeide/plugins/com.st.stm32cube.ide.mcu.externaltools.gnu-tools-for-stm32.9-2020-q2-update.win32_2.0.0.202105311346/tools/bin/../lib/gcc/arm-none-eabi/9.3.1/../../../../arm-none-eabi/lib/thumb/v7e-m+fp/hard\libnosys.a
END GROUP
START GROUP
LOAD c:/st/stm32cubeide_1.0.2/stm32cubeide/plugins/com.st.stm32cube.ide.mcu.externaltools.gnu-tools-for-stm32.9-2020-q2-update.win32_2.0.0.202105311346/tools/bin/../lib/gcc/arm-none-eabi/9.3.1/thumb/v7e-m+fp/hard\libgcc.a
LOAD c:/st/stm32cubeide_1.0.2/stm32cubeide/plugins/com.st.stm32cube.ide.mcu.externaltools.gnu-tools-for-stm32.9-2020-q2-update.win32_2.0.0.202105311346/tools/bin/../lib/gcc/arm-none-eabi/9.3.1/../../../../arm-none-eabi/lib/thumb/v7e-m+fp/hard\libc_nano.a
LOAD c:/st/stm32cubeide_1.0.2/stm32cubeide/plugins/com.st.stm32cube.ide.mcu.externaltools.gnu-tools-for-stm32.9-2020-q2-update.win32_2.0.0.202105311346/tools/bin/../lib/gcc/arm-none-eabi/9.3.1/../../../../arm-none-eabi/lib/thumb/v7e-m+fp/hard\libnosys.a
END GROUP
LOAD c:/st/stm32cubeide_1.0.2/stm32cubeide/plugins/com.st.stm32cube.ide.mcu.externaltools.gnu-tools-for-stm32.9-2020-q2-update.win32_2.0.0.202105311346/tools/bin/../lib/gcc/arm-none-eabi/9.3.1/thumb/v7e-m+fp/hard/crtend.o
LOAD c:/st/stm32cubeide_1.0.2/stm32cubeide/plugins/com.st.stm32cube.ide.mcu.externaltools.gnu-tools-for-stm32.9-2020-q2-update.win32_2.0.0.202105311346/tools/bin/../lib/gcc/arm-none-eabi/9.3.1/thumb/v7e-m+fp/hard/crtn.o
                0x00000000200a0000                _estack = (ORIGIN (RAM) + LENGTH (RAM))
                0x0000000000000200                _Min_Heap_Size = 0x200
                0x0000000000000400                _Min_Stack_Size = 0x400

.isr_vector     0x0000000008000000      0x1bc
                0x0000000008000000                . = ALIGN (0x4)
 *(.isr_vector)
 .isr_vector    0x0000000008000000      0x1bc ./Core/Startup/startup_stm32l4r9zijx.o
                0x0000000008000000                g_pfnVectors
                0x00000000080001bc                . = ALIGN (0x4)

.text           0x00000000080001c0     0x75ec
                0x00000000080001c0                . = ALIGN (0x4)
 *(.text)
 .text          0x00000000080001c0       0x40 c:/st/stm32cubeide_1.0.2/stm32cubeide/plugins/com.st.stm32cube.ide.mcu.externaltools.gnu-tools-for-stm32.9-2020-q2-update.win32_2.0.0.202105311346/tools/bin/../lib/gcc/arm-none-eabi/9.3.1/thumb/v7e-m+fp/hard/crtbegin.o
 .text          0x0000000008000200      0x378 c:/st/stm32cubeide_1.0.2/stm32cubeide/plugins/com.st.stm32cube.ide.mcu.externaltools.gnu-tools-for-stm32.9-2020-q2-update.win32_2.0.0.202105311346/tools/bin/../lib/gcc/arm-none-eabi/9.3.1/thumb/v7e-m+fp/hard\libgcc.a(_arm_addsubdf3.o)
                0x0000000008000200                __aeabi_drsub
                0x0000000008000208                __aeabi_dsub
                0x0000000008000208                __subdf3
                0x000000000800020c                __aeabi_dadd
                0x000000000800020c                __adddf3
                0x0000000008000484                __floatunsidf
                0x0000000008000484                __aeabi_ui2d
                0x00000000080004a4                __floatsidf
                0x00000000080004a4                __aeabi_i2d
                0x00000000080004c8                __aeabi_f2d
                0x00000000080004c8                __extendsfdf2
                0x000000000800050c                __floatundidf
                0x000000000800050c                __aeabi_ul2d
                0x000000000800051c                __floatdidf
                0x000000000800051c                __aeabi_l2d
 .text          0x0000000008000578      0x424 c:/st/stm32cubeide_1.0.2/stm32cubeide/plugins/com.st.stm32cube.ide.mcu.externaltools.gnu-tools-for-stm32.9-2020-q2-update.win32_2.0.0.202105311346/tools/bin/../lib/gcc/arm-none-eabi/9.3.1/thumb/v7e-m+fp/hard\libgcc.a(_arm_muldivdf3.o)
                0x0000000008000578                __aeabi_dmul
                0x0000000008000578                __muldf3
                0x00000000080007cc                __divdf3
                0x00000000080007cc                __aeabi_ddiv
 .text          0x000000000800099c      0x110 c:/st/stm32cubeide_1.0.2/stm32cubeide/plugins/com.st.stm32cube.ide.mcu.externaltools.gnu-tools-for-stm32.9-2020-q2-update.win32_2.0.0.202105311346/tools/bin/../lib/gcc/arm-none-eabi/9.3.1/thumb/v7e-m+fp/hard\libgcc.a(_arm_cmpdf2.o)
                0x000000000800099c                __gtdf2
                0x000000000800099c                __gedf2
                0x00000000080009a4                __ltdf2
                0x00000000080009a4                __ledf2
                0x00000000080009ac                __nedf2
                0x00000000080009ac                __eqdf2
                0x00000000080009ac                __cmpdf2
                0x0000000008000a28                __aeabi_cdrcmple
                0x0000000008000a38                __aeabi_cdcmpeq
                0x0000000008000a38                __aeabi_cdcmple
                0x0000000008000a48                __aeabi_dcmpeq
                0x0000000008000a5c                __aeabi_dcmplt
                0x0000000008000a70                __aeabi_dcmple
                0x0000000008000a84                __aeabi_dcmpge
                0x0000000008000a98                __aeabi_dcmpgt
 .text          0x0000000008000aac       0x2c c:/st/stm32cubeide_1.0.2/stm32cubeide/plugins/com.st.stm32cube.ide.mcu.externaltools.gnu-tools-for-stm32.9-2020-q2-update.win32_2.0.0.202105311346/tools/bin/../lib/gcc/arm-none-eabi/9.3.1/thumb/v7e-m+fp/hard\libgcc.a(_arm_unorddf2.o)
                0x0000000008000aac                __unorddf2
                0x0000000008000aac                __aeabi_dcmpun
 .text          0x0000000008000ad8       0xa0 c:/st/stm32cubeide_1.0.2/stm32cubeide/plugins/com.st.stm32cube.ide.mcu.externaltools.gnu-tools-for-stm32.9-2020-q2-update.win32_2.0.0.202105311346/tools/bin/../lib/gcc/arm-none-eabi/9.3.1/thumb/v7e-m+fp/hard\libgcc.a(_arm_truncdfsf2.o)
                0x0000000008000ad8                __truncdfsf2
                0x0000000008000ad8                __aeabi_d2f
 .text          0x0000000008000b78       0x30 c:/st/stm32cubeide_1.0.2/stm32cubeide/plugins/com.st.stm32cube.ide.mcu.externaltools.gnu-tools-for-stm32.9-2020-q2-update.win32_2.0.0.202105311346/tools/bin/../lib/gcc/arm-none-eabi/9.3.1/thumb/v7e-m+fp/hard\libgcc.a(_aeabi_uldivmod.o)
                0x0000000008000b78                __aeabi_uldivmod
 .text          0x0000000008000ba8      0x2c4 c:/st/stm32cubeide_1.0.2/stm32cubeide/plugins/com.st.stm32cube.ide.mcu.externaltools.gnu-tools-for-stm32.9-2020-q2-update.win32_2.0.0.202105311346/tools/bin/../lib/gcc/arm-none-eabi/9.3.1/thumb/v7e-m+fp/hard\libgcc.a(_udivmoddi4.o)
                0x0000000008000ba8                __udivmoddi4
 .text          0x0000000008000e6c        0x4 c:/st/stm32cubeide_1.0.2/stm32cubeide/plugins/com.st.stm32cube.ide.mcu.externaltools.gnu-tools-for-stm32.9-2020-q2-update.win32_2.0.0.202105311346/tools/bin/../lib/gcc/arm-none-eabi/9.3.1/thumb/v7e-m+fp/hard\libgcc.a(_dvmd_tls.o)
                0x0000000008000e6c                __aeabi_idiv0
                0x0000000008000e6c                __aeabi_ldiv0
 *(.text*)
 .text.reverse  0x0000000008000e70       0x5e ./Core/Src/format.o
                0x0000000008000e70                reverse
 *fill*         0x0000000008000ece        0x2 
 .text.itostr   0x0000000008000ed0       0x90 ./Core/Src/format.o
                0x0000000008000ed0                itostr
 .text.ftoa     0x0000000008000f60       0xb8 ./Core/Src/format.o
                0x0000000008000f60                ftoa
 .text.IIS3DWB_READ_REG
                0x0000000008001018       0x6c ./Core/Src/iis3dwb.o
                0x0000000008001018                IIS3DWB_READ_REG
 .text.IIS3DWB_WRITE_REG
                0x0000000008001084       0x5c ./Core/Src/iis3dwb.o
                0x0000000008001084                IIS3DWB_WRITE_REG
 .text.IIS3DWB_CS_HIGH
                0x00000000080010e0       0x20 ./Core/Src/iis3dwb.o
                0x00000000080010e0                IIS3DWB_CS_HIGH
 .text.IIS3DWB_CS_LOW
                0x0000000008001100       0x20 ./Core/Src/iis3dwb.o
                0x0000000008001100                IIS3DWB_CS_LOW
 .text.IIS3DWB_SET_CONFIG
                0x0000000008001120      0x13c ./Core/Src/iis3dwb_app.o
 .text.IIS3DWB_MEASSURE
                0x000000000800125c      0x198 ./Core/Src/iis3dwb_app.o
                0x000000000800125c                IIS3DWB_MEASSURE
 .text.IIS3DWB_INIT
                0x00000000080013f4       0x4c ./Core/Src/iis3dwb_app.o
                0x00000000080013f4                IIS3DWB_INIT
 .text.iis3dwb_read_reg
                0x0000000008001440       0x30 ./Core/Src/iis3dwb_reg.o
                0x0000000008001440                iis3dwb_read_reg
 .text.iis3dwb_write_reg
                0x0000000008001470       0x30 ./Core/Src/iis3dwb_reg.o
                0x0000000008001470                iis3dwb_write_reg
 .text.iis3dwb_from_fs2g_to_mg
                0x00000000080014a0       0x30 ./Core/Src/iis3dwb_reg.o
                0x00000000080014a0                iis3dwb_from_fs2g_to_mg
 .text.iis3dwb_xl_full_scale_set
                0x00000000080014d0       0x4c ./Core/Src/iis3dwb_reg.o
                0x00000000080014d0                iis3dwb_xl_full_scale_set
 .text.iis3dwb_xl_data_rate_set
                0x000000000800151c       0x4c ./Core/Src/iis3dwb_reg.o
                0x000000000800151c                iis3dwb_xl_data_rate_set
 .text.iis3dwb_block_data_update_set
                0x0000000008001568       0x4c ./Core/Src/iis3dwb_reg.o
                0x0000000008001568                iis3dwb_block_data_update_set
 .text.iis3dwb_xl_axis_selection_set
                0x00000000080015b4       0x8a ./Core/Src/iis3dwb_reg.o
                0x00000000080015b4                iis3dwb_xl_axis_selection_set
 .text.iis3dwb_xl_flag_data_ready_get
                0x000000000800163e       0x32 ./Core/Src/iis3dwb_reg.o
                0x000000000800163e                iis3dwb_xl_flag_data_ready_get
 .text.iis3dwb_acceleration_raw_get
                0x0000000008001670       0x22 ./Core/Src/iis3dwb_reg.o
                0x0000000008001670                iis3dwb_acceleration_raw_get
 .text.iis3dwb_data_ready_mode_set
                0x0000000008001692       0x4c ./Core/Src/iis3dwb_reg.o
                0x0000000008001692                iis3dwb_data_ready_mode_set
 .text.iis3dwb_device_id_get
                0x00000000080016de       0x22 ./Core/Src/iis3dwb_reg.o
                0x00000000080016de                iis3dwb_device_id_get
 .text.iis3dwb_reset_set
                0x0000000008001700       0x4c ./Core/Src/iis3dwb_reg.o
                0x0000000008001700                iis3dwb_reset_set
 .text.iis3dwb_reset_get
                0x000000000800174c       0x32 ./Core/Src/iis3dwb_reg.o
                0x000000000800174c                iis3dwb_reset_get
 .text.iis3dwb_auto_increment_set
                0x000000000800177e       0x4c ./Core/Src/iis3dwb_reg.o
                0x000000000800177e                iis3dwb_auto_increment_set
 .text.iis3dwb_xl_filter_lp2_set
                0x00000000080017ca       0x4c ./Core/Src/iis3dwb_reg.o
                0x00000000080017ca                iis3dwb_xl_filter_lp2_set
 .text.iis3dwb_xl_hp_path_on_out_set
                0x0000000008001816       0xb0 ./Core/Src/iis3dwb_reg.o
                0x0000000008001816                iis3dwb_xl_hp_path_on_out_set
 .text.iis3dwb_i2c_interface_set
                0x00000000080018c6       0x4c ./Core/Src/iis3dwb_reg.o
                0x00000000080018c6                iis3dwb_i2c_interface_set
 .text.iis3dwb_pin_int1_route_set
                0x0000000008001912       0x38 ./Core/Src/iis3dwb_reg.o
                0x0000000008001912                iis3dwb_pin_int1_route_set
 .text.iis3dwb_fifo_watermark_set
                0x000000000800194a       0x6c ./Core/Src/iis3dwb_reg.o
                0x000000000800194a                iis3dwb_fifo_watermark_set
 .text.iis3dwb_fifo_xl_batch_set
                0x00000000080019b6       0x4c ./Core/Src/iis3dwb_reg.o
                0x00000000080019b6                iis3dwb_fifo_xl_batch_set
 .text.iis3dwb_fifo_mode_set
                0x0000000008001a02       0x4c ./Core/Src/iis3dwb_reg.o
                0x0000000008001a02                iis3dwb_fifo_mode_set
 *fill*         0x0000000008001a4e        0x2 
 .text.main     0x0000000008001a50       0x5c ./Core/Src/main.o
                0x0000000008001a50                main
 .text.SystemClock_Config
                0x0000000008001aac       0xa4 ./Core/Src/main.o
                0x0000000008001aac                SystemClock_Config
 .text.MX_SPI2_Init
                0x0000000008001b50       0x7c ./Core/Src/main.o
 .text.MX_TIM17_Init
                0x0000000008001bcc       0x4c ./Core/Src/main.o
 .text.MX_USART2_UART_Init
                0x0000000008001c18       0x98 ./Core/Src/main.o
 .text.MX_DMA_Init
                0x0000000008001cb0       0x54 ./Core/Src/main.o
 .text.MX_GPIO_Init
                0x0000000008001d04      0x190 ./Core/Src/main.o
 .text.HAL_TIM_PeriodElapsedCallback
                0x0000000008001e94       0x14 ./Core/Src/main.o
                0x0000000008001e94                HAL_TIM_PeriodElapsedCallback
 .text.HAL_GPIO_EXTI_Callback
                0x0000000008001ea8       0x24 ./Core/Src/main.o
                0x0000000008001ea8                HAL_GPIO_EXTI_Callback
 .text.Error_Handler
                0x0000000008001ecc        0xa ./Core/Src/main.o
                0x0000000008001ecc                Error_Handler
 *fill*         0x0000000008001ed6        0x2 
 .text.HAL_MspInit
                0x0000000008001ed8       0x48 ./Core/Src/stm32l4xx_hal_msp.o
                0x0000000008001ed8                HAL_MspInit
 .text.HAL_SPI_MspInit
                0x0000000008001f20      0x11c ./Core/Src/stm32l4xx_hal_msp.o
                0x0000000008001f20                HAL_SPI_MspInit
 .text.HAL_TIM_Base_MspInit
                0x000000000800203c       0x4c ./Core/Src/stm32l4xx_hal_msp.o
                0x000000000800203c                HAL_TIM_Base_MspInit
 .text.HAL_UART_MspInit
                0x0000000008002088       0xbc ./Core/Src/stm32l4xx_hal_msp.o
                0x0000000008002088                HAL_UART_MspInit
 .text.NMI_Handler
                0x0000000008002144        0x6 ./Core/Src/stm32l4xx_it.o
                0x0000000008002144                NMI_Handler
 .text.HardFault_Handler
                0x000000000800214a        0x6 ./Core/Src/stm32l4xx_it.o
                0x000000000800214a                HardFault_Handler
 .text.MemManage_Handler
                0x0000000008002150        0x6 ./Core/Src/stm32l4xx_it.o
                0x0000000008002150                MemManage_Handler
 .text.BusFault_Handler
                0x0000000008002156        0x6 ./Core/Src/stm32l4xx_it.o
                0x0000000008002156                BusFault_Handler
 .text.UsageFault_Handler
                0x000000000800215c        0x6 ./Core/Src/stm32l4xx_it.o
                0x000000000800215c                UsageFault_Handler
 .text.SVC_Handler
                0x0000000008002162        0xe ./Core/Src/stm32l4xx_it.o
                0x0000000008002162                SVC_Handler
 .text.DebugMon_Handler
                0x0000000008002170        0xe ./Core/Src/stm32l4xx_it.o
                0x0000000008002170                DebugMon_Handler
 .text.PendSV_Handler
                0x000000000800217e        0xe ./Core/Src/stm32l4xx_it.o
                0x000000000800217e                PendSV_Handler
 .text.SysTick_Handler
                0x000000000800218c        0xc ./Core/Src/stm32l4xx_it.o
                0x000000000800218c                SysTick_Handler
 .text.DMA1_Channel1_IRQHandler
                0x0000000008002198       0x14 ./Core/Src/stm32l4xx_it.o
                0x0000000008002198                DMA1_Channel1_IRQHandler
 .text.EXTI9_5_IRQHandler
                0x00000000080021ac        0xe ./Core/Src/stm32l4xx_it.o
                0x00000000080021ac                EXTI9_5_IRQHandler
 *fill*         0x00000000080021ba        0x2 
 .text.TIM1_TRG_COM_TIM17_IRQHandler
                0x00000000080021bc       0x14 ./Core/Src/stm32l4xx_it.o
                0x00000000080021bc                TIM1_TRG_COM_TIM17_IRQHandler
 .text.SystemInit
                0x00000000080021d0       0x64 ./Core/Src/system_stm32l4xx.o
                0x00000000080021d0                SystemInit
 .text.Reset_Handler
                0x0000000008002234       0x50 ./Core/Startup/startup_stm32l4r9zijx.o
                0x0000000008002234                Reset_Handler
 .text.Default_Handler
                0x0000000008002284        0x2 ./Core/Startup/startup_stm32l4r9zijx.o
                0x0000000008002284                RTC_Alarm_IRQHandler
                0x0000000008002284                EXTI2_IRQHandler
                0x0000000008002284                TIM8_TRG_COM_IRQHandler
                0x0000000008002284                TIM8_CC_IRQHandler
                0x0000000008002284                TIM1_CC_IRQHandler
                0x0000000008002284                TSC_IRQHandler
                0x0000000008002284                TAMP_STAMP_IRQHandler
                0x0000000008002284                EXTI3_IRQHandler
                0x0000000008002284                LPTIM2_IRQHandler
                0x0000000008002284                DFSDM1_FLT1_IRQHandler
                0x0000000008002284                GFXMMU_IRQHandler
                0x0000000008002284                I2C3_ER_IRQHandler
                0x0000000008002284                DFSDM1_FLT2_IRQHandler
                0x0000000008002284                EXTI0_IRQHandler
                0x0000000008002284                I2C2_EV_IRQHandler
                0x0000000008002284                CAN1_RX0_IRQHandler
                0x0000000008002284                FPU_IRQHandler
                0x0000000008002284                TIM1_UP_TIM16_IRQHandler
                0x0000000008002284                LTDC_ER_IRQHandler
                0x0000000008002284                SPI1_IRQHandler
                0x0000000008002284                OCTOSPI1_IRQHandler
                0x0000000008002284                TIM6_DAC_IRQHandler
                0x0000000008002284                DCMI_IRQHandler
                0x0000000008002284                TIM8_UP_IRQHandler
                0x0000000008002284                OCTOSPI2_IRQHandler
                0x0000000008002284                DMA2_Channel2_IRQHandler
                0x0000000008002284                DMA1_Channel4_IRQHandler
                0x0000000008002284                SAI2_IRQHandler
                0x0000000008002284                ADC1_IRQHandler
                0x0000000008002284                DFSDM1_FLT3_IRQHandler
                0x0000000008002284                USART3_IRQHandler
                0x0000000008002284                DMA1_Channel7_IRQHandler
                0x0000000008002284                CAN1_RX1_IRQHandler
                0x0000000008002284                UART5_IRQHandler
                0x0000000008002284                TIM4_IRQHandler
                0x0000000008002284                DMA2_Channel1_IRQHandler
                0x0000000008002284                I2C1_EV_IRQHandler
                0x0000000008002284                DMAMUX1_OVR_IRQHandler
                0x0000000008002284                DMA1_Channel6_IRQHandler
                0x0000000008002284                UART4_IRQHandler
                0x0000000008002284                DMA2_Channel4_IRQHandler
                0x0000000008002284                TIM3_IRQHandler
                0x0000000008002284                RCC_IRQHandler
                0x0000000008002284                Default_Handler
                0x0000000008002284                DMA2_Channel7_IRQHandler
                0x0000000008002284                EXTI15_10_IRQHandler
                0x0000000008002284                TIM7_IRQHandler
                0x0000000008002284                SDMMC1_IRQHandler
                0x0000000008002284                TIM5_IRQHandler
                0x0000000008002284                I2C3_EV_IRQHandler
                0x0000000008002284                RTC_WKUP_IRQHandler
                0x0000000008002284                LTDC_IRQHandler
                0x0000000008002284                PVD_PVM_IRQHandler
                0x0000000008002284                SPI2_IRQHandler
                0x0000000008002284                CAN1_TX_IRQHandler
                0x0000000008002284                DMA2_Channel5_IRQHandler
                0x0000000008002284                CRS_IRQHandler
                0x0000000008002284                DMA1_Channel5_IRQHandler
                0x0000000008002284                EXTI4_IRQHandler
                0x0000000008002284                RNG_IRQHandler
                0x0000000008002284                DMA1_Channel3_IRQHandler
                0x0000000008002284                COMP_IRQHandler
                0x0000000008002284                DSI_IRQHandler
                0x0000000008002284                WWDG_IRQHandler
                0x0000000008002284                I2C4_EV_IRQHandler
                0x0000000008002284                LPUART1_IRQHandler
                0x0000000008002284                DMA2_Channel6_IRQHandler
                0x0000000008002284                TIM2_IRQHandler
                0x0000000008002284                DMA2D_IRQHandler
                0x0000000008002284                EXTI1_IRQHandler
                0x0000000008002284                USART2_IRQHandler
                0x0000000008002284                DFSDM1_FLT0_IRQHandler
                0x0000000008002284                I2C2_ER_IRQHandler
                0x0000000008002284                DMA1_Channel2_IRQHandler
                0x0000000008002284                TIM8_BRK_IRQHandler
                0x0000000008002284                CAN1_SCE_IRQHandler
                0x0000000008002284                FLASH_IRQHandler
                0x0000000008002284                USART1_IRQHandler
                0x0000000008002284                OTG_FS_IRQHandler
                0x0000000008002284                SPI3_IRQHandler
                0x0000000008002284                I2C1_ER_IRQHandler
                0x0000000008002284                FMC_IRQHandler
                0x0000000008002284                LPTIM1_IRQHandler
                0x0000000008002284                I2C4_ER_IRQHandler
                0x0000000008002284                SAI1_IRQHandler
                0x0000000008002284                DMA2_Channel3_IRQHandler
                0x0000000008002284                TIM1_BRK_TIM15_IRQHandler
 .text.HAL_Init
                0x0000000008002286       0x30 ./Drivers/STM32L4xx_HAL_Driver/Src/stm32l4xx_hal.o
                0x0000000008002286                HAL_Init
 *fill*         0x00000000080022b6        0x2 
 .text.HAL_InitTick
                0x00000000080022b8       0x78 ./Drivers/STM32L4xx_HAL_Driver/Src/stm32l4xx_hal.o
                0x00000000080022b8                HAL_InitTick
 .text.HAL_IncTick
                0x0000000008002330       0x28 ./Drivers/STM32L4xx_HAL_Driver/Src/stm32l4xx_hal.o
                0x0000000008002330                HAL_IncTick
 .text.HAL_GetTick
                0x0000000008002358       0x18 ./Drivers/STM32L4xx_HAL_Driver/Src/stm32l4xx_hal.o
                0x0000000008002358                HAL_GetTick
 .text.HAL_Delay
                0x0000000008002370       0x48 ./Drivers/STM32L4xx_HAL_Driver/Src/stm32l4xx_hal.o
                0x0000000008002370                HAL_Delay
 .text.__NVIC_SetPriorityGrouping
                0x00000000080023b8       0x48 ./Drivers/STM32L4xx_HAL_Driver/Src/stm32l4xx_hal_cortex.o
 .text.__NVIC_GetPriorityGrouping
                0x0000000008002400       0x1c ./Drivers/STM32L4xx_HAL_Driver/Src/stm32l4xx_hal_cortex.o
 .text.__NVIC_EnableIRQ
                0x000000000800241c       0x3c ./Drivers/STM32L4xx_HAL_Driver/Src/stm32l4xx_hal_cortex.o
 .text.__NVIC_SetPriority
                0x0000000008002458       0x54 ./Drivers/STM32L4xx_HAL_Driver/Src/stm32l4xx_hal_cortex.o
 .text.NVIC_EncodePriority
                0x00000000080024ac       0x66 ./Drivers/STM32L4xx_HAL_Driver/Src/stm32l4xx_hal_cortex.o
 *fill*         0x0000000008002512        0x2 
 .text.SysTick_Config
                0x0000000008002514       0x44 ./Drivers/STM32L4xx_HAL_Driver/Src/stm32l4xx_hal_cortex.o
 .text.HAL_NVIC_SetPriorityGrouping
                0x0000000008002558       0x16 ./Drivers/STM32L4xx_HAL_Driver/Src/stm32l4xx_hal_cortex.o
                0x0000000008002558                HAL_NVIC_SetPriorityGrouping
 .text.HAL_NVIC_SetPriority
                0x000000000800256e       0x38 ./Drivers/STM32L4xx_HAL_Driver/Src/stm32l4xx_hal_cortex.o
                0x000000000800256e                HAL_NVIC_SetPriority
 .text.HAL_NVIC_EnableIRQ
                0x00000000080025a6       0x1c ./Drivers/STM32L4xx_HAL_Driver/Src/stm32l4xx_hal_cortex.o
                0x00000000080025a6                HAL_NVIC_EnableIRQ
 .text.HAL_SYSTICK_Config
                0x00000000080025c2       0x18 ./Drivers/STM32L4xx_HAL_Driver/Src/stm32l4xx_hal_cortex.o
                0x00000000080025c2                HAL_SYSTICK_Config
 *fill*         0x00000000080025da        0x2 
 .text.HAL_DMA_Init
                0x00000000080025dc      0x150 ./Drivers/STM32L4xx_HAL_Driver/Src/stm32l4xx_hal_dma.o
                0x00000000080025dc                HAL_DMA_Init
 .text.HAL_DMA_IRQHandler
                0x000000000800272c      0x15e ./Drivers/STM32L4xx_HAL_Driver/Src/stm32l4xx_hal_dma.o
                0x000000000800272c                HAL_DMA_IRQHandler
 *fill*         0x000000000800288a        0x2 
 .text.DMA_CalcDMAMUXChannelBaseAndMask
                0x000000000800288c       0x7c ./Drivers/STM32L4xx_HAL_Driver/Src/stm32l4xx_hal_dma.o
 .text.DMA_CalcDMAMUXRequestGenBaseAndMask
                0x0000000008002908       0x48 ./Drivers/STM32L4xx_HAL_Driver/Src/stm32l4xx_hal_dma.o
 .text.HAL_GPIO_Init
                0x0000000008002950      0x324 ./Drivers/STM32L4xx_HAL_Driver/Src/stm32l4xx_hal_gpio.o
                0x0000000008002950                HAL_GPIO_Init
 .text.HAL_GPIO_WritePin
                0x0000000008002c74       0x30 ./Drivers/STM32L4xx_HAL_Driver/Src/stm32l4xx_hal_gpio.o
                0x0000000008002c74                HAL_GPIO_WritePin
 .text.HAL_GPIO_TogglePin
                0x0000000008002ca4       0x34 ./Drivers/STM32L4xx_HAL_Driver/Src/stm32l4xx_hal_gpio.o
                0x0000000008002ca4                HAL_GPIO_TogglePin
 .text.HAL_GPIO_EXTI_IRQHandler
                0x0000000008002cd8       0x30 ./Drivers/STM32L4xx_HAL_Driver/Src/stm32l4xx_hal_gpio.o
                0x0000000008002cd8                HAL_GPIO_EXTI_IRQHandler
 .text.HAL_PWREx_GetVoltageRange
                0x0000000008002d08       0x40 ./Drivers/STM32L4xx_HAL_Driver/Src/stm32l4xx_hal_pwr_ex.o
                0x0000000008002d08                HAL_PWREx_GetVoltageRange
 .text.HAL_PWREx_ControlVoltageScaling
                0x0000000008002d48      0x148 ./Drivers/STM32L4xx_HAL_Driver/Src/stm32l4xx_hal_pwr_ex.o
                0x0000000008002d48                HAL_PWREx_ControlVoltageScaling
 .text.HAL_RCC_OscConfig
                0x0000000008002e90      0x84c ./Drivers/STM32L4xx_HAL_Driver/Src/stm32l4xx_hal_rcc.o
                0x0000000008002e90                HAL_RCC_OscConfig
 .text.HAL_RCC_ClockConfig
                0x00000000080036dc      0x258 ./Drivers/STM32L4xx_HAL_Driver/Src/stm32l4xx_hal_rcc.o
                0x00000000080036dc                HAL_RCC_ClockConfig
 .text.HAL_RCC_GetSysClockFreq
                0x0000000008003934      0x114 ./Drivers/STM32L4xx_HAL_Driver/Src/stm32l4xx_hal_rcc.o
                0x0000000008003934                HAL_RCC_GetSysClockFreq
 .text.HAL_RCC_GetHCLKFreq
                0x0000000008003a48       0x18 ./Drivers/STM32L4xx_HAL_Driver/Src/stm32l4xx_hal_rcc.o
                0x0000000008003a48                HAL_RCC_GetHCLKFreq
 .text.HAL_RCC_GetPCLK1Freq
                0x0000000008003a60       0x2c ./Drivers/STM32L4xx_HAL_Driver/Src/stm32l4xx_hal_rcc.o
                0x0000000008003a60                HAL_RCC_GetPCLK1Freq
 .text.HAL_RCC_GetPCLK2Freq
                0x0000000008003a8c       0x2c ./Drivers/STM32L4xx_HAL_Driver/Src/stm32l4xx_hal_rcc.o
                0x0000000008003a8c                HAL_RCC_GetPCLK2Freq
 .text.RCC_SetFlashLatencyFromMSIRange
                0x0000000008003ab8       0xb4 ./Drivers/STM32L4xx_HAL_Driver/Src/stm32l4xx_hal_rcc.o
 .text.RCC_GetSysClockFreqFromPLLSource
                0x0000000008003b6c       0xcc ./Drivers/STM32L4xx_HAL_Driver/Src/stm32l4xx_hal_rcc.o
 .text.HAL_RCCEx_PeriphCLKConfig
                0x0000000008003c38      0x720 ./Drivers/STM32L4xx_HAL_Driver/Src/stm32l4xx_hal_rcc_ex.o
                0x0000000008003c38                HAL_RCCEx_PeriphCLKConfig
 .text.RCCEx_PLLSAI1_Config
                0x0000000008004358      0x1e8 ./Drivers/STM32L4xx_HAL_Driver/Src/stm32l4xx_hal_rcc_ex.o
 .text.RCCEx_PLLSAI2_Config
                0x0000000008004540      0x1e8 ./Drivers/STM32L4xx_HAL_Driver/Src/stm32l4xx_hal_rcc_ex.o
 .text.HAL_SPI_Init
                0x0000000008004728      0x146 ./Drivers/STM32L4xx_HAL_Driver/Src/stm32l4xx_hal_spi.o
                0x0000000008004728                HAL_SPI_Init
 .text.HAL_SPI_Transmit
                0x000000000800486e      0x2dc ./Drivers/STM32L4xx_HAL_Driver/Src/stm32l4xx_hal_spi.o
                0x000000000800486e                HAL_SPI_Transmit
 .text.HAL_SPI_Receive
                0x0000000008004b4a      0x260 ./Drivers/STM32L4xx_HAL_Driver/Src/stm32l4xx_hal_spi.o
                0x0000000008004b4a                HAL_SPI_Receive
 .text.HAL_SPI_TransmitReceive
                0x0000000008004daa      0x426 ./Drivers/STM32L4xx_HAL_Driver/Src/stm32l4xx_hal_spi.o
                0x0000000008004daa                HAL_SPI_TransmitReceive
 .text.SPI_WaitFlagStateUntilTimeout
                0x00000000080051d0      0x110 ./Drivers/STM32L4xx_HAL_Driver/Src/stm32l4xx_hal_spi.o
 .text.SPI_WaitFifoStateUntilTimeout
                0x00000000080052e0      0x12c ./Drivers/STM32L4xx_HAL_Driver/Src/stm32l4xx_hal_spi.o
 .text.SPI_EndRxTransaction
                0x000000000800540c       0xb0 ./Drivers/STM32L4xx_HAL_Driver/Src/stm32l4xx_hal_spi.o
 .text.SPI_EndRxTxTransaction
                0x00000000080054bc       0x8c ./Drivers/STM32L4xx_HAL_Driver/Src/stm32l4xx_hal_spi.o
 .text.HAL_TIM_Base_Init
                0x0000000008005548       0xae ./Drivers/STM32L4xx_HAL_Driver/Src/stm32l4xx_hal_tim.o
                0x0000000008005548                HAL_TIM_Base_Init
 *fill*         0x00000000080055f6        0x2 
 .text.HAL_TIM_Base_Start_IT
                0x00000000080055f8       0xe0 ./Drivers/STM32L4xx_HAL_Driver/Src/stm32l4xx_hal_tim.o
                0x00000000080055f8                HAL_TIM_Base_Start_IT
 .text.HAL_TIM_IRQHandler
                0x00000000080056d8      0x23e ./Drivers/STM32L4xx_HAL_Driver/Src/stm32l4xx_hal_tim.o
                0x00000000080056d8                HAL_TIM_IRQHandler
 .text.HAL_TIM_OC_DelayElapsedCallback
                0x0000000008005916       0x14 ./Drivers/STM32L4xx_HAL_Driver/Src/stm32l4xx_hal_tim.o
                0x0000000008005916                HAL_TIM_OC_DelayElapsedCallback
 .text.HAL_TIM_IC_CaptureCallback
                0x000000000800592a       0x14 ./Drivers/STM32L4xx_HAL_Driver/Src/stm32l4xx_hal_tim.o
                0x000000000800592a                HAL_TIM_IC_CaptureCallback
 .text.HAL_TIM_PWM_PulseFinishedCallback
                0x000000000800593e       0x14 ./Drivers/STM32L4xx_HAL_Driver/Src/stm32l4xx_hal_tim.o
                0x000000000800593e                HAL_TIM_PWM_PulseFinishedCallback
 .text.HAL_TIM_TriggerCallback
                0x0000000008005952       0x14 ./Drivers/STM32L4xx_HAL_Driver/Src/stm32l4xx_hal_tim.o
                0x0000000008005952                HAL_TIM_TriggerCallback
 *fill*         0x0000000008005966        0x2 
 .text.TIM_Base_SetConfig
                0x0000000008005968      0x134 ./Drivers/STM32L4xx_HAL_Driver/Src/stm32l4xx_hal_tim.o
                0x0000000008005968                TIM_Base_SetConfig
 .text.HAL_TIMEx_CommutCallback
                0x0000000008005a9c       0x14 ./Drivers/STM32L4xx_HAL_Driver/Src/stm32l4xx_hal_tim_ex.o
                0x0000000008005a9c                HAL_TIMEx_CommutCallback
 .text.HAL_TIMEx_BreakCallback
                0x0000000008005ab0       0x14 ./Drivers/STM32L4xx_HAL_Driver/Src/stm32l4xx_hal_tim_ex.o
                0x0000000008005ab0                HAL_TIMEx_BreakCallback
 .text.HAL_TIMEx_Break2Callback
                0x0000000008005ac4       0x14 ./Drivers/STM32L4xx_HAL_Driver/Src/stm32l4xx_hal_tim_ex.o
                0x0000000008005ac4                HAL_TIMEx_Break2Callback
 .text.HAL_UART_Init
                0x0000000008005ad8       0xa0 ./Drivers/STM32L4xx_HAL_Driver/Src/stm32l4xx_hal_uart.o
                0x0000000008005ad8                HAL_UART_Init
 .text.HAL_UART_Transmit
                0x0000000008005b78      0x12e ./Drivers/STM32L4xx_HAL_Driver/Src/stm32l4xx_hal_uart.o
                0x0000000008005b78                HAL_UART_Transmit
 *fill*         0x0000000008005ca6        0x2 
 .text.UART_SetConfig
                0x0000000008005ca8      0x590 ./Drivers/STM32L4xx_HAL_Driver/Src/stm32l4xx_hal_uart.o
                0x0000000008005ca8                UART_SetConfig
 .text.UART_AdvFeatureConfig
                0x0000000008006238      0x144 ./Drivers/STM32L4xx_HAL_Driver/Src/stm32l4xx_hal_uart.o
                0x0000000008006238                UART_AdvFeatureConfig
 .text.UART_CheckIdleState
                0x000000000800637c       0x96 ./Drivers/STM32L4xx_HAL_Driver/Src/stm32l4xx_hal_uart.o
                0x000000000800637c                UART_CheckIdleState
 .text.UART_WaitOnFlagUntilTimeout
                0x0000000008006412      0x190 ./Drivers/STM32L4xx_HAL_Driver/Src/stm32l4xx_hal_uart.o
                0x0000000008006412                UART_WaitOnFlagUntilTimeout
 .text.HAL_UARTEx_DisableFifoMode
                0x00000000080065a2       0x72 ./Drivers/STM32L4xx_HAL_Driver/Src/stm32l4xx_hal_uart_ex.o
                0x00000000080065a2                HAL_UARTEx_DisableFifoMode
 .text.HAL_UARTEx_SetTxFifoThreshold
                0x0000000008006614       0x7c ./Drivers/STM32L4xx_HAL_Driver/Src/stm32l4xx_hal_uart_ex.o
                0x0000000008006614                HAL_UARTEx_SetTxFifoThreshold
 .text.HAL_UARTEx_SetRxFifoThreshold
                0x0000000008006690       0x7c ./Drivers/STM32L4xx_HAL_Driver/Src/stm32l4xx_hal_uart_ex.o
                0x0000000008006690                HAL_UARTEx_SetRxFifoThreshold
 .text.UARTEx_SetNbDataToProcess
                0x000000000800670c       0x9c ./Drivers/STM32L4xx_HAL_Driver/Src/stm32l4xx_hal_uart_ex.o
 .text.__errno  0x00000000080067a8        0xc c:/st/stm32cubeide_1.0.2/stm32cubeide/plugins/com.st.stm32cube.ide.mcu.externaltools.gnu-tools-for-stm32.9-2020-q2-update.win32_2.0.0.202105311346/tools/bin/../lib/gcc/arm-none-eabi/9.3.1/../../../../arm-none-eabi/lib/thumb/v7e-m+fp/hard\libc_nano.a(lib_a-errno.o)
                0x00000000080067a8                __errno
 .text.__libc_init_array
                0x00000000080067b4       0x48 c:/st/stm32cubeide_1.0.2/stm32cubeide/plugins/com.st.stm32cube.ide.mcu.externaltools.gnu-tools-for-stm32.9-2020-q2-update.win32_2.0.0.202105311346/tools/bin/../lib/gcc/arm-none-eabi/9.3.1/../../../../arm-none-eabi/lib/thumb/v7e-m+fp/hard\libc_nano.a(lib_a-init.o)
                0x00000000080067b4                __libc_init_array
 .text.memcpy   0x00000000080067fc       0x1c c:/st/stm32cubeide_1.0.2/stm32cubeide/plugins/com.st.stm32cube.ide.mcu.externaltools.gnu-tools-for-stm32.9-2020-q2-update.win32_2.0.0.202105311346/tools/bin/../lib/gcc/arm-none-eabi/9.3.1/../../../../arm-none-eabi/lib/thumb/v7e-m+fp/hard\libc_nano.a(lib_a-memcpy-stub.o)
                0x00000000080067fc                memcpy
 .text.memset   0x0000000008006818       0x10 c:/st/stm32cubeide_1.0.2/stm32cubeide/plugins/com.st.stm32cube.ide.mcu.externaltools.gnu-tools-for-stm32.9-2020-q2-update.win32_2.0.0.202105311346/tools/bin/../lib/gcc/arm-none-eabi/9.3.1/../../../../arm-none-eabi/lib/thumb/v7e-m+fp/hard\libc_nano.a(lib_a-memset.o)
                0x0000000008006818                memset
 .text.pow      0x0000000008006828      0x15c c:/st/stm32cubeide_1.0.2/stm32cubeide/plugins/com.st.stm32cube.ide.mcu.externaltools.gnu-tools-for-stm32.9-2020-q2-update.win32_2.0.0.202105311346/tools/bin/../lib/gcc/arm-none-eabi/9.3.1/../../../../arm-none-eabi/lib/thumb/v7e-m+fp/hard\libm.a(lib_a-w_pow.o)
                0x0000000008006828                pow
 *fill*         0x0000000008006984        0x4 
 .text.__ieee754_pow
                0x0000000008006988      0xa44 c:/st/stm32cubeide_1.0.2/stm32cubeide/plugins/com.st.stm32cube.ide.mcu.externaltools.gnu-tools-for-stm32.9-2020-q2-update.win32_2.0.0.202105311346/tools/bin/../lib/gcc/arm-none-eabi/9.3.1/../../../../arm-none-eabi/lib/thumb/v7e-m+fp/hard\libm.a(lib_a-e_pow.o)
                0x0000000008006988                __ieee754_pow
 .text.__ieee754_sqrt
                0x00000000080073cc      0x168 c:/st/stm32cubeide_1.0.2/stm32cubeide/plugins/com.st.stm32cube.ide.mcu.externaltools.gnu-tools-for-stm32.9-2020-q2-update.win32_2.0.0.202105311346/tools/bin/../lib/gcc/arm-none-eabi/9.3.1/../../../../arm-none-eabi/lib/thumb/v7e-m+fp/hard\libm.a(lib_a-e_sqrt.o)
                0x00000000080073cc                __ieee754_sqrt
 .text.fabs     0x0000000008007534       0x12 c:/st/stm32cubeide_1.0.2/stm32cubeide/plugins/com.st.stm32cube.ide.mcu.externaltools.gnu-tools-for-stm32.9-2020-q2-update.win32_2.0.0.202105311346/tools/bin/../lib/gcc/arm-none-eabi/9.3.1/../../../../arm-none-eabi/lib/thumb/v7e-m+fp/hard\libm.a(lib_a-s_fabs.o)
                0x0000000008007534                fabs
 .text.finite   0x0000000008007546       0x16 c:/st/stm32cubeide_1.0.2/stm32cubeide/plugins/com.st.stm32cube.ide.mcu.externaltools.gnu-tools-for-stm32.9-2020-q2-update.win32_2.0.0.202105311346/tools/bin/../lib/gcc/arm-none-eabi/9.3.1/../../../../arm-none-eabi/lib/thumb/v7e-m+fp/hard\libm.a(lib_a-s_finite.o)
                0x0000000008007546                finite
 *fill*         0x000000000800755c        0x4 
 .text.nan      0x0000000008007560       0x10 c:/st/stm32cubeide_1.0.2/stm32cubeide/plugins/com.st.stm32cube.ide.mcu.externaltools.gnu-tools-for-stm32.9-2020-q2-update.win32_2.0.0.202105311346/tools/bin/../lib/gcc/arm-none-eabi/9.3.1/../../../../arm-none-eabi/lib/thumb/v7e-m+fp/hard\libm.a(lib_a-s_nan.o)
                0x0000000008007560                nan
 .text.rint     0x0000000008007570      0x114 c:/st/stm32cubeide_1.0.2/stm32cubeide/plugins/com.st.stm32cube.ide.mcu.externaltools.gnu-tools-for-stm32.9-2020-q2-update.win32_2.0.0.202105311346/tools/bin/../lib/gcc/arm-none-eabi/9.3.1/../../../../arm-none-eabi/lib/thumb/v7e-m+fp/hard\libm.a(lib_a-s_rint.o)
                0x0000000008007570                rint
 *fill*         0x0000000008007684        0x4 
 .text.scalbn   0x0000000008007688      0x10c c:/st/stm32cubeide_1.0.2/stm32cubeide/plugins/com.st.stm32cube.ide.mcu.externaltools.gnu-tools-for-stm32.9-2020-q2-update.win32_2.0.0.202105311346/tools/bin/../lib/gcc/arm-none-eabi/9.3.1/../../../../arm-none-eabi/lib/thumb/v7e-m+fp/hard\libm.a(lib_a-s_scalbn.o)
                0x0000000008007688                scalbn
 *(.glue_7)
 .glue_7        0x0000000008007794        0x0 linker stubs
 *(.glue_7t)
 .glue_7t       0x0000000008007794        0x0 linker stubs
 *(.eh_frame)
 .eh_frame      0x0000000008007794        0x0 c:/st/stm32cubeide_1.0.2/stm32cubeide/plugins/com.st.stm32cube.ide.mcu.externaltools.gnu-tools-for-stm32.9-2020-q2-update.win32_2.0.0.202105311346/tools/bin/../lib/gcc/arm-none-eabi/9.3.1/thumb/v7e-m+fp/hard/crtbegin.o
 *(.init)
 .init          0x0000000008007794        0x4 c:/st/stm32cubeide_1.0.2/stm32cubeide/plugins/com.st.stm32cube.ide.mcu.externaltools.gnu-tools-for-stm32.9-2020-q2-update.win32_2.0.0.202105311346/tools/bin/../lib/gcc/arm-none-eabi/9.3.1/thumb/v7e-m+fp/hard/crti.o
                0x0000000008007794                _init
 .init          0x0000000008007798        0x8 c:/st/stm32cubeide_1.0.2/stm32cubeide/plugins/com.st.stm32cube.ide.mcu.externaltools.gnu-tools-for-stm32.9-2020-q2-update.win32_2.0.0.202105311346/tools/bin/../lib/gcc/arm-none-eabi/9.3.1/thumb/v7e-m+fp/hard/crtn.o
 *(.fini)
 .fini          0x00000000080077a0        0x4 c:/st/stm32cubeide_1.0.2/stm32cubeide/plugins/com.st.stm32cube.ide.mcu.externaltools.gnu-tools-for-stm32.9-2020-q2-update.win32_2.0.0.202105311346/tools/bin/../lib/gcc/arm-none-eabi/9.3.1/thumb/v7e-m+fp/hard/crti.o
                0x00000000080077a0                _fini
 .fini          0x00000000080077a4        0x8 c:/st/stm32cubeide_1.0.2/stm32cubeide/plugins/com.st.stm32cube.ide.mcu.externaltools.gnu-tools-for-stm32.9-2020-q2-update.win32_2.0.0.202105311346/tools/bin/../lib/gcc/arm-none-eabi/9.3.1/thumb/v7e-m+fp/hard/crtn.o
                0x00000000080077ac                . = ALIGN (0x4)
                0x00000000080077ac                _etext = .

.vfp11_veneer   0x00000000080077ac        0x0
 .vfp11_veneer  0x00000000080077ac        0x0 linker stubs

.v4_bx          0x00000000080077ac        0x0
 .v4_bx         0x00000000080077ac        0x0 linker stubs

.iplt           0x00000000080077ac        0x0
 .iplt          0x00000000080077ac        0x0 c:/st/stm32cubeide_1.0.2/stm32cubeide/plugins/com.st.stm32cube.ide.mcu.externaltools.gnu-tools-for-stm32.9-2020-q2-update.win32_2.0.0.202105311346/tools/bin/../lib/gcc/arm-none-eabi/9.3.1/thumb/v7e-m+fp/hard/crtbegin.o

.rodata         0x00000000080077b0       0xb8
                0x00000000080077b0                . = ALIGN (0x4)
 *(.rodata)
 *(.rodata*)
 .rodata.AHBPrescTable
                0x00000000080077b0       0x10 ./Core/Src/system_stm32l4xx.o
                0x00000000080077b0                AHBPrescTable
 .rodata.APBPrescTable
                0x00000000080077c0        0x8 ./Core/Src/system_stm32l4xx.o
                0x00000000080077c0                APBPrescTable
 .rodata.MSIRangeTable
                0x00000000080077c8       0x30 ./Core/Src/system_stm32l4xx.o
                0x00000000080077c8                MSIRangeTable
 .rodata.UARTPrescTable
                0x00000000080077f8       0x18 ./Drivers/STM32L4xx_HAL_Driver/Src/stm32l4xx_hal_uart.o
                0x00000000080077f8                UARTPrescTable
 .rodata.numerator.9402
                0x0000000008007810        0x8 ./Drivers/STM32L4xx_HAL_Driver/Src/stm32l4xx_hal_uart_ex.o
 .rodata.denominator.9403
                0x0000000008007818        0x8 ./Drivers/STM32L4xx_HAL_Driver/Src/stm32l4xx_hal_uart_ex.o
 .rodata.__ieee754_pow.str1.1
                0x0000000008007820        0x1 c:/st/stm32cubeide_1.0.2/stm32cubeide/plugins/com.st.stm32cube.ide.mcu.externaltools.gnu-tools-for-stm32.9-2020-q2-update.win32_2.0.0.202105311346/tools/bin/../lib/gcc/arm-none-eabi/9.3.1/../../../../arm-none-eabi/lib/thumb/v7e-m+fp/hard\libm.a(lib_a-e_pow.o)
 *fill*         0x0000000008007821        0x7 
 .rodata.bp     0x0000000008007828       0x10 c:/st/stm32cubeide_1.0.2/stm32cubeide/plugins/com.st.stm32cube.ide.mcu.externaltools.gnu-tools-for-stm32.9-2020-q2-update.win32_2.0.0.202105311346/tools/bin/../lib/gcc/arm-none-eabi/9.3.1/../../../../arm-none-eabi/lib/thumb/v7e-m+fp/hard\libm.a(lib_a-e_pow.o)
 .rodata.dp_h   0x0000000008007838       0x10 c:/st/stm32cubeide_1.0.2/stm32cubeide/plugins/com.st.stm32cube.ide.mcu.externaltools.gnu-tools-for-stm32.9-2020-q2-update.win32_2.0.0.202105311346/tools/bin/../lib/gcc/arm-none-eabi/9.3.1/../../../../arm-none-eabi/lib/thumb/v7e-m+fp/hard\libm.a(lib_a-e_pow.o)
 .rodata.dp_l   0x0000000008007848       0x10 c:/st/stm32cubeide_1.0.2/stm32cubeide/plugins/com.st.stm32cube.ide.mcu.externaltools.gnu-tools-for-stm32.9-2020-q2-update.win32_2.0.0.202105311346/tools/bin/../lib/gcc/arm-none-eabi/9.3.1/../../../../arm-none-eabi/lib/thumb/v7e-m+fp/hard\libm.a(lib_a-e_pow.o)
 .rodata.TWO52  0x0000000008007858       0x10 c:/st/stm32cubeide_1.0.2/stm32cubeide/plugins/com.st.stm32cube.ide.mcu.externaltools.gnu-tools-for-stm32.9-2020-q2-update.win32_2.0.0.202105311346/tools/bin/../lib/gcc/arm-none-eabi/9.3.1/../../../../arm-none-eabi/lib/thumb/v7e-m+fp/hard\libm.a(lib_a-s_rint.o)
                0x0000000008007868                . = ALIGN (0x4)

.ARM.extab      0x0000000008007868        0x0
                0x0000000008007868                . = ALIGN (0x4)
 *(.ARM.extab* .gnu.linkonce.armextab.*)
                0x0000000008007868                . = ALIGN (0x4)

.ARM            0x0000000008007868        0x8
                0x0000000008007868                . = ALIGN (0x4)
                0x0000000008007868                __exidx_start = .
 *(.ARM.exidx*)
 .ARM.exidx     0x0000000008007868        0x8 c:/st/stm32cubeide_1.0.2/stm32cubeide/plugins/com.st.stm32cube.ide.mcu.externaltools.gnu-tools-for-stm32.9-2020-q2-update.win32_2.0.0.202105311346/tools/bin/../lib/gcc/arm-none-eabi/9.3.1/thumb/v7e-m+fp/hard\libgcc.a(_udivmoddi4.o)
                0x0000000008007870                __exidx_end = .
                0x0000000008007870                . = ALIGN (0x4)

.rel.dyn        0x0000000008007870        0x0
 .rel.iplt      0x0000000008007870        0x0 c:/st/stm32cubeide_1.0.2/stm32cubeide/plugins/com.st.stm32cube.ide.mcu.externaltools.gnu-tools-for-stm32.9-2020-q2-update.win32_2.0.0.202105311346/tools/bin/../lib/gcc/arm-none-eabi/9.3.1/thumb/v7e-m+fp/hard/crtbegin.o

.preinit_array  0x0000000008007870        0x0
                0x0000000008007870                . = ALIGN (0x4)
                0x0000000008007870                PROVIDE (__preinit_array_start = .)
 *(.preinit_array*)
                0x0000000008007870                PROVIDE (__preinit_array_end = .)
                0x0000000008007870                . = ALIGN (0x4)

.init_array     0x0000000008007870        0x4
                0x0000000008007870                . = ALIGN (0x4)
                0x0000000008007870                PROVIDE (__init_array_start = .)
 *(SORT_BY_NAME(.init_array.*))
 *(.init_array*)
 .init_array    0x0000000008007870        0x4 c:/st/stm32cubeide_1.0.2/stm32cubeide/plugins/com.st.stm32cube.ide.mcu.externaltools.gnu-tools-for-stm32.9-2020-q2-update.win32_2.0.0.202105311346/tools/bin/../lib/gcc/arm-none-eabi/9.3.1/thumb/v7e-m+fp/hard/crtbegin.o
                0x0000000008007874                PROVIDE (__init_array_end = .)
                0x0000000008007874                . = ALIGN (0x4)

.fini_array     0x0000000008007874        0x4
                0x0000000008007874                . = ALIGN (0x4)
                [!provide]                        PROVIDE (__fini_array_start = .)
 *(SORT_BY_NAME(.fini_array.*))
 *(.fini_array*)
 .fini_array    0x0000000008007874        0x4 c:/st/stm32cubeide_1.0.2/stm32cubeide/plugins/com.st.stm32cube.ide.mcu.externaltools.gnu-tools-for-stm32.9-2020-q2-update.win32_2.0.0.202105311346/tools/bin/../lib/gcc/arm-none-eabi/9.3.1/thumb/v7e-m+fp/hard/crtbegin.o
                [!provide]                        PROVIDE (__fini_array_end = .)
                0x0000000008007878                . = ALIGN (0x4)
                0x0000000008007878                _sidata = LOADADDR (.data)

.data           0x0000000020000000       0x74 load address 0x0000000008007878
                0x0000000020000000                . = ALIGN (0x4)
                0x0000000020000000                _sdata = .
 *(.data)
 *(.data*)
 .data.SystemCoreClock
                0x0000000020000000        0x4 ./Core/Src/system_stm32l4xx.o
                0x0000000020000000                SystemCoreClock
 .data.uwTickPrio
                0x0000000020000004        0x4 ./Drivers/STM32L4xx_HAL_Driver/Src/stm32l4xx_hal.o
                0x0000000020000004                uwTickPrio
 .data.uwTickFreq
                0x0000000020000008        0x1 ./Drivers/STM32L4xx_HAL_Driver/Src/stm32l4xx_hal.o
                0x0000000020000008                uwTickFreq
 *fill*         0x0000000020000009        0x3 
 .data._impure_ptr
                0x000000002000000c        0x4 c:/st/stm32cubeide_1.0.2/stm32cubeide/plugins/com.st.stm32cube.ide.mcu.externaltools.gnu-tools-for-stm32.9-2020-q2-update.win32_2.0.0.202105311346/tools/bin/../lib/gcc/arm-none-eabi/9.3.1/../../../../arm-none-eabi/lib/thumb/v7e-m+fp/hard\libc_nano.a(lib_a-impure.o)
                0x000000002000000c                _impure_ptr
 .data.impure_data
                0x0000000020000010       0x60 c:/st/stm32cubeide_1.0.2/stm32cubeide/plugins/com.st.stm32cube.ide.mcu.externaltools.gnu-tools-for-stm32.9-2020-q2-update.win32_2.0.0.202105311346/tools/bin/../lib/gcc/arm-none-eabi/9.3.1/../../../../arm-none-eabi/lib/thumb/v7e-m+fp/hard\libc_nano.a(lib_a-impure.o)
 .data.__fdlib_version
                0x0000000020000070        0x1 c:/st/stm32cubeide_1.0.2/stm32cubeide/plugins/com.st.stm32cube.ide.mcu.externaltools.gnu-tools-for-stm32.9-2020-q2-update.win32_2.0.0.202105311346/tools/bin/../lib/gcc/arm-none-eabi/9.3.1/../../../../arm-none-eabi/lib/thumb/v7e-m+fp/hard\libm.a(lib_a-s_lib_ver.o)
                0x0000000020000070                __fdlib_version
 *(.RamFunc)
 *(.RamFunc*)
                0x0000000020000074                . = ALIGN (0x4)
 *fill*         0x0000000020000071        0x3 
                0x0000000020000074                _edata = .

.igot.plt       0x0000000020000074        0x0 load address 0x00000000080078ec
 .igot.plt      0x0000000020000074        0x0 c:/st/stm32cubeide_1.0.2/stm32cubeide/plugins/com.st.stm32cube.ide.mcu.externaltools.gnu-tools-for-stm32.9-2020-q2-update.win32_2.0.0.202105311346/tools/bin/../lib/gcc/arm-none-eabi/9.3.1/thumb/v7e-m+fp/hard/crtbegin.o
                0x0000000020000074                . = ALIGN (0x4)

.bss            0x0000000020000074      0x244 load address 0x00000000080078ec
                0x0000000020000074                _sbss = .
                0x0000000020000074                __bss_start__ = _sbss
 *(.bss)
 .bss           0x0000000020000074       0x1c c:/st/stm32cubeide_1.0.2/stm32cubeide/plugins/com.st.stm32cube.ide.mcu.externaltools.gnu-tools-for-stm32.9-2020-q2-update.win32_2.0.0.202105311346/tools/bin/../lib/gcc/arm-none-eabi/9.3.1/thumb/v7e-m+fp/hard/crtbegin.o
 *(.bss*)
 *(COMMON)
 COMMON         0x0000000020000090       0x84 ./Core/Src/iis3dwb.o
                0x0000000020000090                iis3dwb_deviceID
                0x0000000020000092                cs_gpio_iis3dwb
                0x0000000020000094                iis3dwb_dataReady
                0x0000000020000098                spi_iis3dwb
                0x00000000200000fc                data_raw_acceleration
                0x0000000020000104                cs_gpiox_iis3dwb
                0x0000000020000108                acceleration_mg
 COMMON         0x0000000020000114      0x1a0 ./Core/Src/main.o
                0x0000000020000114                hspi2
                0x0000000020000178                hdma_spi2_rx
                0x00000000200001d8                htim17
                0x0000000020000224                huart2
 COMMON         0x00000000200002b4        0x4 ./Drivers/STM32L4xx_HAL_Driver/Src/stm32l4xx_hal.o
                0x00000000200002b4                uwTick
                0x00000000200002b8                . = ALIGN (0x4)
                0x00000000200002b8                _ebss = .
                0x00000000200002b8                __bss_end__ = _ebss

._user_heap_stack
                0x00000000200002b8      0x600 load address 0x00000000080078ec
                0x00000000200002b8                . = ALIGN (0x8)
                [!provide]                        PROVIDE (end = .)
                0x00000000200002b8                PROVIDE (_end = .)
                0x00000000200004b8                . = (. + _Min_Heap_Size)
 *fill*         0x00000000200002b8      0x200 
                0x00000000200008b8                . = (. + _Min_Stack_Size)
 *fill*         0x00000000200004b8      0x400 
                0x00000000200008b8                . = ALIGN (0x8)

/DISCARD/
 libc.a(*)
 libm.a(*)
 libgcc.a(*)

.ARM.attributes
                0x0000000000000000       0x30
 *(.ARM.attributes)
 .ARM.attributes
                0x0000000000000000       0x1e c:/st/stm32cubeide_1.0.2/stm32cubeide/plugins/com.st.stm32cube.ide.mcu.externaltools.gnu-tools-for-stm32.9-2020-q2-update.win32_2.0.0.202105311346/tools/bin/../lib/gcc/arm-none-eabi/9.3.1/thumb/v7e-m+fp/hard/crti.o
 .ARM.attributes
                0x000000000000001e       0x34 c:/st/stm32cubeide_1.0.2/stm32cubeide/plugins/com.st.stm32cube.ide.mcu.externaltools.gnu-tools-for-stm32.9-2020-q2-update.win32_2.0.0.202105311346/tools/bin/../lib/gcc/arm-none-eabi/9.3.1/thumb/v7e-m+fp/hard/crtbegin.o
 .ARM.attributes
                0x0000000000000052       0x34 ./Core/Src/format.o
 .ARM.attributes
                0x0000000000000086       0x34 ./Core/Src/iis3dwb.o
 .ARM.attributes
                0x00000000000000ba       0x34 ./Core/Src/iis3dwb_app.o
 .ARM.attributes
                0x00000000000000ee       0x34 ./Core/Src/iis3dwb_reg.o
 .ARM.attributes
                0x0000000000000122       0x34 ./Core/Src/main.o
 .ARM.attributes
                0x0000000000000156       0x34 ./Core/Src/stm32l4xx_hal_msp.o
 .ARM.attributes
                0x000000000000018a       0x34 ./Core/Src/stm32l4xx_it.o
 .ARM.attributes
                0x00000000000001be       0x34 ./Core/Src/system_stm32l4xx.o
 .ARM.attributes
                0x00000000000001f2       0x21 ./Core/Startup/startup_stm32l4r9zijx.o
 .ARM.attributes
                0x0000000000000213       0x34 ./Drivers/STM32L4xx_HAL_Driver/Src/stm32l4xx_hal.o
 .ARM.attributes
                0x0000000000000247       0x34 ./Drivers/STM32L4xx_HAL_Driver/Src/stm32l4xx_hal_cortex.o
 .ARM.attributes
                0x000000000000027b       0x34 ./Drivers/STM32L4xx_HAL_Driver/Src/stm32l4xx_hal_dma.o
 .ARM.attributes
                0x00000000000002af       0x34 ./Drivers/STM32L4xx_HAL_Driver/Src/stm32l4xx_hal_gpio.o
 .ARM.attributes
                0x00000000000002e3       0x34 ./Drivers/STM32L4xx_HAL_Driver/Src/stm32l4xx_hal_pwr_ex.o
 .ARM.attributes
                0x0000000000000317       0x34 ./Drivers/STM32L4xx_HAL_Driver/Src/stm32l4xx_hal_rcc.o
 .ARM.attributes
                0x000000000000034b       0x34 ./Drivers/STM32L4xx_HAL_Driver/Src/stm32l4xx_hal_rcc_ex.o
 .ARM.attributes
                0x000000000000037f       0x34 ./Drivers/STM32L4xx_HAL_Driver/Src/stm32l4xx_hal_spi.o
 .ARM.attributes
                0x00000000000003b3       0x34 ./Drivers/STM32L4xx_HAL_Driver/Src/stm32l4xx_hal_tim.o
 .ARM.attributes
                0x00000000000003e7       0x34 ./Drivers/STM32L4xx_HAL_Driver/Src/stm32l4xx_hal_tim_ex.o
 .ARM.attributes
                0x000000000000041b       0x34 ./Drivers/STM32L4xx_HAL_Driver/Src/stm32l4xx_hal_uart.o
 .ARM.attributes
                0x000000000000044f       0x34 ./Drivers/STM32L4xx_HAL_Driver/Src/stm32l4xx_hal_uart_ex.o
 .ARM.attributes
                0x0000000000000483       0x34 c:/st/stm32cubeide_1.0.2/stm32cubeide/plugins/com.st.stm32cube.ide.mcu.externaltools.gnu-tools-for-stm32.9-2020-q2-update.win32_2.0.0.202105311346/tools/bin/../lib/gcc/arm-none-eabi/9.3.1/../../../../arm-none-eabi/lib/thumb/v7e-m+fp/hard\libc_nano.a(lib_a-errno.o)
 .ARM.attributes
                0x00000000000004b7       0x32 c:/st/stm32cubeide_1.0.2/stm32cubeide/plugins/com.st.stm32cube.ide.mcu.externaltools.gnu-tools-for-stm32.9-2020-q2-update.win32_2.0.0.202105311346/tools/bin/../lib/gcc/arm-none-eabi/9.3.1/../../../../arm-none-eabi/lib/thumb/v7e-m+fp/hard\libc_nano.a(lib_a-impure.o)
 .ARM.attributes
                0x00000000000004e9       0x34 c:/st/stm32cubeide_1.0.2/stm32cubeide/plugins/com.st.stm32cube.ide.mcu.externaltools.gnu-tools-for-stm32.9-2020-q2-update.win32_2.0.0.202105311346/tools/bin/../lib/gcc/arm-none-eabi/9.3.1/../../../../arm-none-eabi/lib/thumb/v7e-m+fp/hard\libc_nano.a(lib_a-init.o)
 .ARM.attributes
                0x000000000000051d       0x34 c:/st/stm32cubeide_1.0.2/stm32cubeide/plugins/com.st.stm32cube.ide.mcu.externaltools.gnu-tools-for-stm32.9-2020-q2-update.win32_2.0.0.202105311346/tools/bin/../lib/gcc/arm-none-eabi/9.3.1/../../../../arm-none-eabi/lib/thumb/v7e-m+fp/hard\libc_nano.a(lib_a-memcpy-stub.o)
 .ARM.attributes
                0x0000000000000551       0x34 c:/st/stm32cubeide_1.0.2/stm32cubeide/plugins/com.st.stm32cube.ide.mcu.externaltools.gnu-tools-for-stm32.9-2020-q2-update.win32_2.0.0.202105311346/tools/bin/../lib/gcc/arm-none-eabi/9.3.1/../../../../arm-none-eabi/lib/thumb/v7e-m+fp/hard\libc_nano.a(lib_a-memset.o)
 .ARM.attributes
                0x0000000000000585       0x34 c:/st/stm32cubeide_1.0.2/stm32cubeide/plugins/com.st.stm32cube.ide.mcu.externaltools.gnu-tools-for-stm32.9-2020-q2-update.win32_2.0.0.202105311346/tools/bin/../lib/gcc/arm-none-eabi/9.3.1/../../../../arm-none-eabi/lib/thumb/v7e-m+fp/hard\libm.a(lib_a-w_pow.o)
 .ARM.attributes
                0x00000000000005b9       0x34 c:/st/stm32cubeide_1.0.2/stm32cubeide/plugins/com.st.stm32cube.ide.mcu.externaltools.gnu-tools-for-stm32.9-2020-q2-update.win32_2.0.0.202105311346/tools/bin/../lib/gcc/arm-none-eabi/9.3.1/../../../../arm-none-eabi/lib/thumb/v7e-m+fp/hard\libm.a(lib_a-e_pow.o)
 .ARM.attributes
                0x00000000000005ed       0x34 c:/st/stm32cubeide_1.0.2/stm32cubeide/plugins/com.st.stm32cube.ide.mcu.externaltools.gnu-tools-for-stm32.9-2020-q2-update.win32_2.0.0.202105311346/tools/bin/../lib/gcc/arm-none-eabi/9.3.1/../../../../arm-none-eabi/lib/thumb/v7e-m+fp/hard\libm.a(lib_a-e_sqrt.o)
 .ARM.attributes
                0x0000000000000621       0x34 c:/st/stm32cubeide_1.0.2/stm32cubeide/plugins/com.st.stm32cube.ide.mcu.externaltools.gnu-tools-for-stm32.9-2020-q2-update.win32_2.0.0.202105311346/tools/bin/../lib/gcc/arm-none-eabi/9.3.1/../../../../arm-none-eabi/lib/thumb/v7e-m+fp/hard\libm.a(lib_a-s_fabs.o)
 .ARM.attributes
                0x0000000000000655       0x34 c:/st/stm32cubeide_1.0.2/stm32cubeide/plugins/com.st.stm32cube.ide.mcu.externaltools.gnu-tools-for-stm32.9-2020-q2-update.win32_2.0.0.202105311346/tools/bin/../lib/gcc/arm-none-eabi/9.3.1/../../../../arm-none-eabi/lib/thumb/v7e-m+fp/hard\libm.a(lib_a-s_finite.o)
 .ARM.attributes
                0x0000000000000689       0x32 c:/st/stm32cubeide_1.0.2/stm32cubeide/plugins/com.st.stm32cube.ide.mcu.externaltools.gnu-tools-for-stm32.9-2020-q2-update.win32_2.0.0.202105311346/tools/bin/../lib/gcc/arm-none-eabi/9.3.1/../../../../arm-none-eabi/lib/thumb/v7e-m+fp/hard\libm.a(lib_a-s_lib_ver.o)
 .ARM.attributes
                0x00000000000006bb       0x34 c:/st/stm32cubeide_1.0.2/stm32cubeide/plugins/com.st.stm32cube.ide.mcu.externaltools.gnu-tools-for-stm32.9-2020-q2-update.win32_2.0.0.202105311346/tools/bin/../lib/gcc/arm-none-eabi/9.3.1/../../../../arm-none-eabi/lib/thumb/v7e-m+fp/hard\libm.a(lib_a-s_nan.o)
 .ARM.attributes
                0x00000000000006ef       0x34 c:/st/stm32cubeide_1.0.2/stm32cubeide/plugins/com.st.stm32cube.ide.mcu.externaltools.gnu-tools-for-stm32.9-2020-q2-update.win32_2.0.0.202105311346/tools/bin/../lib/gcc/arm-none-eabi/9.3.1/../../../../arm-none-eabi/lib/thumb/v7e-m+fp/hard\libm.a(lib_a-s_rint.o)
 .ARM.attributes
                0x0000000000000723       0x34 c:/st/stm32cubeide_1.0.2/stm32cubeide/plugins/com.st.stm32cube.ide.mcu.externaltools.gnu-tools-for-stm32.9-2020-q2-update.win32_2.0.0.202105311346/tools/bin/../lib/gcc/arm-none-eabi/9.3.1/../../../../arm-none-eabi/lib/thumb/v7e-m+fp/hard\libm.a(lib_a-s_scalbn.o)
 .ARM.attributes
                0x0000000000000757       0x1e c:/st/stm32cubeide_1.0.2/stm32cubeide/plugins/com.st.stm32cube.ide.mcu.externaltools.gnu-tools-for-stm32.9-2020-q2-update.win32_2.0.0.202105311346/tools/bin/../lib/gcc/arm-none-eabi/9.3.1/thumb/v7e-m+fp/hard\libgcc.a(_arm_addsubdf3.o)
 .ARM.attributes
                0x0000000000000775       0x1e c:/st/stm32cubeide_1.0.2/stm32cubeide/plugins/com.st.stm32cube.ide.mcu.externaltools.gnu-tools-for-stm32.9-2020-q2-update.win32_2.0.0.202105311346/tools/bin/../lib/gcc/arm-none-eabi/9.3.1/thumb/v7e-m+fp/hard\libgcc.a(_arm_muldivdf3.o)
 .ARM.attributes
                0x0000000000000793       0x1e c:/st/stm32cubeide_1.0.2/stm32cubeide/plugins/com.st.stm32cube.ide.mcu.externaltools.gnu-tools-for-stm32.9-2020-q2-update.win32_2.0.0.202105311346/tools/bin/../lib/gcc/arm-none-eabi/9.3.1/thumb/v7e-m+fp/hard\libgcc.a(_arm_cmpdf2.o)
 .ARM.attributes
                0x00000000000007b1       0x1e c:/st/stm32cubeide_1.0.2/stm32cubeide/plugins/com.st.stm32cube.ide.mcu.externaltools.gnu-tools-for-stm32.9-2020-q2-update.win32_2.0.0.202105311346/tools/bin/../lib/gcc/arm-none-eabi/9.3.1/thumb/v7e-m+fp/hard\libgcc.a(_arm_unorddf2.o)
 .ARM.attributes
                0x00000000000007cf       0x1e c:/st/stm32cubeide_1.0.2/stm32cubeide/plugins/com.st.stm32cube.ide.mcu.externaltools.gnu-tools-for-stm32.9-2020-q2-update.win32_2.0.0.202105311346/tools/bin/../lib/gcc/arm-none-eabi/9.3.1/thumb/v7e-m+fp/hard\libgcc.a(_arm_truncdfsf2.o)
 .ARM.attributes
                0x00000000000007ed       0x1e c:/st/stm32cubeide_1.0.2/stm32cubeide/plugins/com.st.stm32cube.ide.mcu.externaltools.gnu-tools-for-stm32.9-2020-q2-update.win32_2.0.0.202105311346/tools/bin/../lib/gcc/arm-none-eabi/9.3.1/thumb/v7e-m+fp/hard\libgcc.a(_aeabi_uldivmod.o)
 .ARM.attributes
                0x000000000000080b       0x34 c:/st/stm32cubeide_1.0.2/stm32cubeide/plugins/com.st.stm32cube.ide.mcu.externaltools.gnu-tools-for-stm32.9-2020-q2-update.win32_2.0.0.202105311346/tools/bin/../lib/gcc/arm-none-eabi/9.3.1/thumb/v7e-m+fp/hard\libgcc.a(_udivmoddi4.o)
 .ARM.attributes
                0x000000000000083f       0x1e c:/st/stm32cubeide_1.0.2/stm32cubeide/plugins/com.st.stm32cube.ide.mcu.externaltools.gnu-tools-for-stm32.9-2020-q2-update.win32_2.0.0.202105311346/tools/bin/../lib/gcc/arm-none-eabi/9.3.1/thumb/v7e-m+fp/hard\libgcc.a(_dvmd_tls.o)
 .ARM.attributes
                0x000000000000085d       0x1e c:/st/stm32cubeide_1.0.2/stm32cubeide/plugins/com.st.stm32cube.ide.mcu.externaltools.gnu-tools-for-stm32.9-2020-q2-update.win32_2.0.0.202105311346/tools/bin/../lib/gcc/arm-none-eabi/9.3.1/thumb/v7e-m+fp/hard/crtn.o
OUTPUT(Steval_SPI2_UART2_DMA.elf elf32-littlearm)
LOAD linker stubs
LOAD c:/st/stm32cubeide_1.0.2/stm32cubeide/plugins/com.st.stm32cube.ide.mcu.externaltools.gnu-tools-for-stm32.9-2020-q2-update.win32_2.0.0.202105311346/tools/bin/../lib/gcc/arm-none-eabi/9.3.1/../../../../arm-none-eabi/lib/thumb/v7e-m+fp/hard\libc.a
LOAD c:/st/stm32cubeide_1.0.2/stm32cubeide/plugins/com.st.stm32cube.ide.mcu.externaltools.gnu-tools-for-stm32.9-2020-q2-update.win32_2.0.0.202105311346/tools/bin/../lib/gcc/arm-none-eabi/9.3.1/../../../../arm-none-eabi/lib/thumb/v7e-m+fp/hard\libm.a
LOAD c:/st/stm32cubeide_1.0.2/stm32cubeide/plugins/com.st.stm32cube.ide.mcu.externaltools.gnu-tools-for-stm32.9-2020-q2-update.win32_2.0.0.202105311346/tools/bin/../lib/gcc/arm-none-eabi/9.3.1/thumb/v7e-m+fp/hard\libgcc.a

.debug_info     0x0000000000000000    0x21c72
 .debug_info    0x0000000000000000      0xaec ./Core/Src/format.o
 .debug_info    0x0000000000000aec     0x18e7 ./Core/Src/iis3dwb.o
 .debug_info    0x00000000000023d3     0x1f55 ./Core/Src/iis3dwb_app.o
 .debug_info    0x0000000000004328     0x3f91 ./Core/Src/iis3dwb_reg.o
 .debug_info    0x00000000000082b9     0x285d ./Core/Src/main.o
 .debug_info    0x000000000000ab16     0x28d4 ./Core/Src/stm32l4xx_hal_msp.o
 .debug_info    0x000000000000d3ea     0x1c73 ./Core/Src/stm32l4xx_it.o
 .debug_info    0x000000000000f05d      0x7f0 ./Core/Src/system_stm32l4xx.o
 .debug_info    0x000000000000f84d       0x22 ./Core/Startup/startup_stm32l4r9zijx.o
 .debug_info    0x000000000000f86f      0xd6e ./Drivers/STM32L4xx_HAL_Driver/Src/stm32l4xx_hal.o
 .debug_info    0x00000000000105dd     0x109d ./Drivers/STM32L4xx_HAL_Driver/Src/stm32l4xx_hal_cortex.o
 .debug_info    0x000000000001167a      0xb16 ./Drivers/STM32L4xx_HAL_Driver/Src/stm32l4xx_hal_dma.o
 .debug_info    0x0000000000012190      0xabd ./Drivers/STM32L4xx_HAL_Driver/Src/stm32l4xx_hal_gpio.o
 .debug_info    0x0000000000012c4d      0xcad ./Drivers/STM32L4xx_HAL_Driver/Src/stm32l4xx_hal_pwr_ex.o
 .debug_info    0x00000000000138fa      0xf8a ./Drivers/STM32L4xx_HAL_Driver/Src/stm32l4xx_hal_rcc.o
 .debug_info    0x0000000000014884     0x13e1 ./Drivers/STM32L4xx_HAL_Driver/Src/stm32l4xx_hal_rcc_ex.o
 .debug_info    0x0000000000015c65     0x1a54 ./Drivers/STM32L4xx_HAL_Driver/Src/stm32l4xx_hal_spi.o
 .debug_info    0x00000000000176b9     0x2f8b ./Drivers/STM32L4xx_HAL_Driver/Src/stm32l4xx_hal_tim.o
 .debug_info    0x000000000001a644     0x19e4 ./Drivers/STM32L4xx_HAL_Driver/Src/stm32l4xx_hal_tim_ex.o
 .debug_info    0x000000000001c028     0x4aaf ./Drivers/STM32L4xx_HAL_Driver/Src/stm32l4xx_hal_uart.o
 .debug_info    0x0000000000020ad7     0x119b ./Drivers/STM32L4xx_HAL_Driver/Src/stm32l4xx_hal_uart_ex.o

.debug_abbrev   0x0000000000000000     0x305c
 .debug_abbrev  0x0000000000000000      0x244 ./Core/Src/format.o
 .debug_abbrev  0x0000000000000244      0x249 ./Core/Src/iis3dwb.o
 .debug_abbrev  0x000000000000048d      0x2b7 ./Core/Src/iis3dwb_app.o
 .debug_abbrev  0x0000000000000744      0x30a ./Core/Src/iis3dwb_reg.o
 .debug_abbrev  0x0000000000000a4e      0x304 ./Core/Src/main.o
 .debug_abbrev  0x0000000000000d52      0x292 ./Core/Src/stm32l4xx_hal_msp.o
 .debug_abbrev  0x0000000000000fe4      0x22d ./Core/Src/stm32l4xx_it.o
 .debug_abbrev  0x0000000000001211      0x165 ./Core/Src/system_stm32l4xx.o
 .debug_abbrev  0x0000000000001376       0x12 ./Core/Startup/startup_stm32l4r9zijx.o
 .debug_abbrev  0x0000000000001388      0x227 ./Drivers/STM32L4xx_HAL_Driver/Src/stm32l4xx_hal.o
 .debug_abbrev  0x00000000000015af      0x33c ./Drivers/STM32L4xx_HAL_Driver/Src/stm32l4xx_hal_cortex.o
 .debug_abbrev  0x00000000000018eb      0x201 ./Drivers/STM32L4xx_HAL_Driver/Src/stm32l4xx_hal_dma.o
 .debug_abbrev  0x0000000000001aec      0x1e8 ./Drivers/STM32L4xx_HAL_Driver/Src/stm32l4xx_hal_gpio.o
 .debug_abbrev  0x0000000000001cd4      0x1f3 ./Drivers/STM32L4xx_HAL_Driver/Src/stm32l4xx_hal_pwr_ex.o
 .debug_abbrev  0x0000000000001ec7      0x2b1 ./Drivers/STM32L4xx_HAL_Driver/Src/stm32l4xx_hal_rcc.o
 .debug_abbrev  0x0000000000002178      0x268 ./Drivers/STM32L4xx_HAL_Driver/Src/stm32l4xx_hal_rcc_ex.o
 .debug_abbrev  0x00000000000023e0      0x254 ./Drivers/STM32L4xx_HAL_Driver/Src/stm32l4xx_hal_spi.o
 .debug_abbrev  0x0000000000002634      0x25e ./Drivers/STM32L4xx_HAL_Driver/Src/stm32l4xx_hal_tim.o
 .debug_abbrev  0x0000000000002892      0x266 ./Drivers/STM32L4xx_HAL_Driver/Src/stm32l4xx_hal_tim_ex.o
 .debug_abbrev  0x0000000000002af8      0x2c2 ./Drivers/STM32L4xx_HAL_Driver/Src/stm32l4xx_hal_uart.o
 .debug_abbrev  0x0000000000002dba      0x2a2 ./Drivers/STM32L4xx_HAL_Driver/Src/stm32l4xx_hal_uart_ex.o

.debug_aranges  0x0000000000000000     0x1608
 .debug_aranges
                0x0000000000000000       0x38 ./Core/Src/format.o
 .debug_aranges
                0x0000000000000038       0x38 ./Core/Src/iis3dwb.o
 .debug_aranges
                0x0000000000000070       0x30 ./Core/Src/iis3dwb_app.o
 .debug_aranges
                0x00000000000000a0      0x380 ./Core/Src/iis3dwb_reg.o
 .debug_aranges
                0x0000000000000420       0x68 ./Core/Src/main.o
 .debug_aranges
                0x0000000000000488       0x50 ./Core/Src/stm32l4xx_hal_msp.o
 .debug_aranges
                0x00000000000004d8       0x78 ./Core/Src/stm32l4xx_it.o
 .debug_aranges
                0x0000000000000550       0x28 ./Core/Src/system_stm32l4xx.o
 .debug_aranges
                0x0000000000000578       0x28 ./Core/Startup/startup_stm32l4r9zijx.o
 .debug_aranges
                0x00000000000005a0      0x130 ./Drivers/STM32L4xx_HAL_Driver/Src/stm32l4xx_hal.o
 .debug_aranges
                0x00000000000006d0      0x118 ./Drivers/STM32L4xx_HAL_Driver/Src/stm32l4xx_hal_cortex.o
 .debug_aranges
                0x00000000000007e8       0x90 ./Drivers/STM32L4xx_HAL_Driver/Src/stm32l4xx_hal_dma.o
 .debug_aranges
                0x0000000000000878       0x58 ./Drivers/STM32L4xx_HAL_Driver/Src/stm32l4xx_hal_gpio.o
 .debug_aranges
                0x00000000000008d0      0x170 ./Drivers/STM32L4xx_HAL_Driver/Src/stm32l4xx_hal_pwr_ex.o
 .debug_aranges
                0x0000000000000a40       0x98 ./Drivers/STM32L4xx_HAL_Driver/Src/stm32l4xx_hal_rcc.o
 .debug_aranges
                0x0000000000000ad8      0x110 ./Drivers/STM32L4xx_HAL_Driver/Src/stm32l4xx_hal_rcc_ex.o
 .debug_aranges
                0x0000000000000be8      0x1d8 ./Drivers/STM32L4xx_HAL_Driver/Src/stm32l4xx_hal_spi.o
 .debug_aranges
                0x0000000000000dc0      0x3e0 ./Drivers/STM32L4xx_HAL_Driver/Src/stm32l4xx_hal_tim.o
 .debug_aranges
                0x00000000000011a0      0x180 ./Drivers/STM32L4xx_HAL_Driver/Src/stm32l4xx_hal_tim_ex.o
 .debug_aranges
                0x0000000000001320      0x248 ./Drivers/STM32L4xx_HAL_Driver/Src/stm32l4xx_hal_uart.o
 .debug_aranges
                0x0000000000001568       0xa0 ./Drivers/STM32L4xx_HAL_Driver/Src/stm32l4xx_hal_uart_ex.o

.debug_ranges   0x0000000000000000     0x14f0
 .debug_ranges  0x0000000000000000       0x28 ./Core/Src/format.o
 .debug_ranges  0x0000000000000028       0x28 ./Core/Src/iis3dwb.o
 .debug_ranges  0x0000000000000050       0x20 ./Core/Src/iis3dwb_app.o
 .debug_ranges  0x0000000000000070      0x370 ./Core/Src/iis3dwb_reg.o
 .debug_ranges  0x00000000000003e0       0x58 ./Core/Src/main.o
 .debug_ranges  0x0000000000000438       0x40 ./Core/Src/stm32l4xx_hal_msp.o
 .debug_ranges  0x0000000000000478       0x68 ./Core/Src/stm32l4xx_it.o
 .debug_ranges  0x00000000000004e0       0x18 ./Core/Src/system_stm32l4xx.o
 .debug_ranges  0x00000000000004f8       0x20 ./Core/Startup/startup_stm32l4r9zijx.o
 .debug_ranges  0x0000000000000518      0x120 ./Drivers/STM32L4xx_HAL_Driver/Src/stm32l4xx_hal.o
 .debug_ranges  0x0000000000000638      0x108 ./Drivers/STM32L4xx_HAL_Driver/Src/stm32l4xx_hal_cortex.o
 .debug_ranges  0x0000000000000740       0x80 ./Drivers/STM32L4xx_HAL_Driver/Src/stm32l4xx_hal_dma.o
 .debug_ranges  0x00000000000007c0       0x48 ./Drivers/STM32L4xx_HAL_Driver/Src/stm32l4xx_hal_gpio.o
 .debug_ranges  0x0000000000000808      0x160 ./Drivers/STM32L4xx_HAL_Driver/Src/stm32l4xx_hal_pwr_ex.o
 .debug_ranges  0x0000000000000968       0x88 ./Drivers/STM32L4xx_HAL_Driver/Src/stm32l4xx_hal_rcc.o
 .debug_ranges  0x00000000000009f0      0x100 ./Drivers/STM32L4xx_HAL_Driver/Src/stm32l4xx_hal_rcc_ex.o
 .debug_ranges  0x0000000000000af0      0x1c8 ./Drivers/STM32L4xx_HAL_Driver/Src/stm32l4xx_hal_spi.o
 .debug_ranges  0x0000000000000cb8      0x3d0 ./Drivers/STM32L4xx_HAL_Driver/Src/stm32l4xx_hal_tim.o
 .debug_ranges  0x0000000000001088      0x170 ./Drivers/STM32L4xx_HAL_Driver/Src/stm32l4xx_hal_tim_ex.o
 .debug_ranges  0x00000000000011f8      0x268 ./Drivers/STM32L4xx_HAL_Driver/Src/stm32l4xx_hal_uart.o
 .debug_ranges  0x0000000000001460       0x90 ./Drivers/STM32L4xx_HAL_Driver/Src/stm32l4xx_hal_uart_ex.o

.debug_macro    0x0000000000000000    0x32a1a
 .debug_macro   0x0000000000000000      0x1b6 ./Core/Src/format.o
 .debug_macro   0x00000000000001b6      0xaa8 ./Core/Src/format.o
 .debug_macro   0x0000000000000c5e       0x22 ./Core/Src/format.o
 .debug_macro   0x0000000000000c80       0x4c ./Core/Src/format.o
 .debug_macro   0x0000000000000ccc       0x18 ./Core/Src/format.o
 .debug_macro   0x0000000000000ce4       0x94 ./Core/Src/format.o
 .debug_macro   0x0000000000000d78       0x3c ./Core/Src/format.o
 .debug_macro   0x0000000000000db4       0x34 ./Core/Src/format.o
 .debug_macro   0x0000000000000de8      0x174 ./Core/Src/format.o
 .debug_macro   0x0000000000000f5c       0x16 ./Core/Src/format.o
 .debug_macro   0x0000000000000f72       0x43 ./Core/Src/format.o
 .debug_macro   0x0000000000000fb5       0x57 ./Core/Src/format.o
 .debug_macro   0x000000000000100c       0x34 ./Core/Src/format.o
 .debug_macro   0x0000000000001040       0x10 ./Core/Src/format.o
 .debug_macro   0x0000000000001050       0x58 ./Core/Src/format.o
 .debug_macro   0x00000000000010a8       0x71 ./Core/Src/format.o
 .debug_macro   0x0000000000001119       0x1c ./Core/Src/format.o
 .debug_macro   0x0000000000001135      0x12a ./Core/Src/format.o
 .debug_macro   0x000000000000125f      0x339 ./Core/Src/format.o
 .debug_macro   0x0000000000001598      0x1a9 ./Core/Src/format.o
 .debug_macro   0x0000000000001741       0x1c ./Core/Src/format.o
 .debug_macro   0x000000000000175d       0x35 ./Core/Src/format.o
 .debug_macro   0x0000000000001792       0x10 ./Core/Src/format.o
 .debug_macro   0x00000000000017a2       0x10 ./Core/Src/format.o
 .debug_macro   0x00000000000017b2       0x6a ./Core/Src/format.o
 .debug_macro   0x000000000000181c       0x1c ./Core/Src/format.o
 .debug_macro   0x0000000000001838       0x52 ./Core/Src/format.o
 .debug_macro   0x000000000000188a       0x22 ./Core/Src/format.o
 .debug_macro   0x00000000000018ac       0x10 ./Core/Src/format.o
 .debug_macro   0x00000000000018bc       0x40 ./Core/Src/format.o
 .debug_macro   0x00000000000018fc       0xd5 ./Core/Src/format.o
 .debug_macro   0x00000000000019d1       0x1c ./Core/Src/format.o
 .debug_macro   0x00000000000019ed       0x3d ./Core/Src/format.o
 .debug_macro   0x0000000000001a2a       0x16 ./Core/Src/format.o
 .debug_macro   0x0000000000001a40      0x145 ./Core/Src/format.o
 .debug_macro   0x0000000000001b85      0x3ed ./Core/Src/iis3dwb.o
 .debug_macro   0x0000000000001f72      0x1b3 ./Core/Src/iis3dwb.o
 .debug_macro   0x0000000000002125       0x2e ./Core/Src/iis3dwb.o
 .debug_macro   0x0000000000002153       0x28 ./Core/Src/iis3dwb.o
 .debug_macro   0x000000000000217b       0x8e ./Core/Src/iis3dwb.o
 .debug_macro   0x0000000000002209       0x51 ./Core/Src/iis3dwb.o
 .debug_macro   0x000000000000225a      0x103 ./Core/Src/iis3dwb.o
 .debug_macro   0x000000000000235d      0x1df ./Core/Src/iis3dwb.o
 .debug_macro   0x000000000000253c       0x1c ./Core/Src/iis3dwb.o
 .debug_macro   0x0000000000002558       0x22 ./Core/Src/iis3dwb.o
 .debug_macro   0x000000000000257a      0x101 ./Core/Src/iis3dwb.o
 .debug_macro   0x000000000000267b     0x1011 ./Core/Src/iis3dwb.o
 .debug_macro   0x000000000000368c      0x11f ./Core/Src/iis3dwb.o
 .debug_macro   0x00000000000037ab    0x22e83 ./Core/Src/iis3dwb.o
 .debug_macro   0x000000000002662e       0x6d ./Core/Src/iis3dwb.o
 .debug_macro   0x000000000002669b     0x38e9 ./Core/Src/iis3dwb.o
 .debug_macro   0x0000000000029f84       0x5c ./Core/Src/iis3dwb.o
 .debug_macro   0x0000000000029fe0     0x1956 ./Core/Src/iis3dwb.o
 .debug_macro   0x000000000002b936      0x83e ./Core/Src/iis3dwb.o
 .debug_macro   0x000000000002c174      0x1b9 ./Core/Src/iis3dwb.o
 .debug_macro   0x000000000002c32d      0x225 ./Core/Src/iis3dwb.o
 .debug_macro   0x000000000002c552      0x486 ./Core/Src/iis3dwb.o
 .debug_macro   0x000000000002c9d8      0x1ce ./Core/Src/iis3dwb.o
 .debug_macro   0x000000000002cba6       0x43 ./Core/Src/iis3dwb.o
 .debug_macro   0x000000000002cbe9      0x23d ./Core/Src/iis3dwb.o
 .debug_macro   0x000000000002ce26      0x241 ./Core/Src/iis3dwb.o
 .debug_macro   0x000000000002d067      0x416 ./Core/Src/iis3dwb.o
 .debug_macro   0x000000000002d47d       0x1c ./Core/Src/iis3dwb.o
 .debug_macro   0x000000000002d499       0xf2 ./Core/Src/iis3dwb.o
 .debug_macro   0x000000000002d58b      0x22c ./Core/Src/iis3dwb.o
 .debug_macro   0x000000000002d7b7       0x61 ./Core/Src/iis3dwb.o
 .debug_macro   0x000000000002d818       0xa5 ./Core/Src/iis3dwb.o
 .debug_macro   0x000000000002d8bd      0x122 ./Core/Src/iis3dwb.o
 .debug_macro   0x000000000002d9df      0x3f6 ./Core/Src/iis3dwb.o
 .debug_macro   0x000000000002ddd5      0x2fe ./Core/Src/iis3dwb.o
 .debug_macro   0x000000000002e0d3      0xa75 ./Core/Src/iis3dwb.o
 .debug_macro   0x000000000002eb48      0x196 ./Core/Src/iis3dwb.o
 .debug_macro   0x000000000002ecde      0x67e ./Core/Src/iis3dwb.o
 .debug_macro   0x000000000002f35c       0xa6 ./Core/Src/iis3dwb.o
 .debug_macro   0x000000000002f402      0x432 ./Core/Src/iis3dwb.o
 .debug_macro   0x000000000002f834       0x46 ./Core/Src/iis3dwb.o
 .debug_macro   0x000000000002f87a       0x52 ./Core/Src/iis3dwb.o
 .debug_macro   0x000000000002f8cc      0x333 ./Core/Src/iis3dwb.o
 .debug_macro   0x000000000002fbff      0x193 ./Core/Src/iis3dwb.o
 .debug_macro   0x000000000002fd92       0x16 ./Core/Src/iis3dwb.o
 .debug_macro   0x000000000002fda8       0x20 ./Core/Src/iis3dwb.o
 .debug_macro   0x000000000002fdc8       0x5f ./Core/Src/iis3dwb.o
 .debug_macro   0x000000000002fe27      0x3f1 ./Core/Src/iis3dwb_app.o
 .debug_macro   0x0000000000030218      0x122 ./Core/Src/iis3dwb_reg.o
 .debug_macro   0x000000000003033a      0x3f1 ./Core/Src/main.o
 .debug_macro   0x000000000003072b      0x3f1 ./Core/Src/stm32l4xx_hal_msp.o
 .debug_macro   0x0000000000030b1c      0x3fb ./Core/Src/stm32l4xx_it.o
 .debug_macro   0x0000000000030f17      0x1fc ./Core/Src/system_stm32l4xx.o
 .debug_macro   0x0000000000031113      0x24a ./Drivers/STM32L4xx_HAL_Driver/Src/stm32l4xx_hal.o
 .debug_macro   0x000000000003135d      0x1fc ./Drivers/STM32L4xx_HAL_Driver/Src/stm32l4xx_hal_cortex.o
 .debug_macro   0x0000000000031559      0x1fc ./Drivers/STM32L4xx_HAL_Driver/Src/stm32l4xx_hal_dma.o
 .debug_macro   0x0000000000031755      0x203 ./Drivers/STM32L4xx_HAL_Driver/Src/stm32l4xx_hal_gpio.o
 .debug_macro   0x0000000000031958      0x226 ./Drivers/STM32L4xx_HAL_Driver/Src/stm32l4xx_hal_pwr_ex.o
 .debug_macro   0x0000000000031b7e      0x23e ./Drivers/STM32L4xx_HAL_Driver/Src/stm32l4xx_hal_rcc.o
 .debug_macro   0x0000000000031dbc      0x232 ./Drivers/STM32L4xx_HAL_Driver/Src/stm32l4xx_hal_rcc_ex.o
 .debug_macro   0x0000000000031fee      0x204 ./Drivers/STM32L4xx_HAL_Driver/Src/stm32l4xx_hal_spi.o
 .debug_macro   0x00000000000321f2      0x1fd ./Drivers/STM32L4xx_HAL_Driver/Src/stm32l4xx_hal_tim.o
 .debug_macro   0x00000000000323ef      0x1fc ./Drivers/STM32L4xx_HAL_Driver/Src/stm32l4xx_hal_tim_ex.o
 .debug_macro   0x00000000000325eb      0x227 ./Drivers/STM32L4xx_HAL_Driver/Src/stm32l4xx_hal_uart.o
 .debug_macro   0x0000000000032812      0x208 ./Drivers/STM32L4xx_HAL_Driver/Src/stm32l4xx_hal_uart_ex.o

.debug_line     0x0000000000000000    0x187a9
 .debug_line    0x0000000000000000      0x649 ./Core/Src/format.o
 .debug_line    0x0000000000000649      0xa19 ./Core/Src/iis3dwb.o
 .debug_line    0x0000000000001062      0xaac ./Core/Src/iis3dwb_app.o
 .debug_line    0x0000000000001b0e     0x165c ./Core/Src/iis3dwb_reg.o
 .debug_line    0x000000000000316a      0xbb4 ./Core/Src/main.o
 .debug_line    0x0000000000003d1e      0xacb ./Core/Src/stm32l4xx_hal_msp.o
 .debug_line    0x00000000000047e9      0xab6 ./Core/Src/stm32l4xx_it.o
 .debug_line    0x000000000000529f      0x7f4 ./Core/Src/system_stm32l4xx.o
 .debug_line    0x0000000000005a93       0x87 ./Core/Startup/startup_stm32l4r9zijx.o
 .debug_line    0x0000000000005b1a      0xb33 ./Drivers/STM32L4xx_HAL_Driver/Src/stm32l4xx_hal.o
 .debug_line    0x000000000000664d      0xcda ./Drivers/STM32L4xx_HAL_Driver/Src/stm32l4xx_hal_cortex.o
 .debug_line    0x0000000000007327      0xe8f ./Drivers/STM32L4xx_HAL_Driver/Src/stm32l4xx_hal_dma.o
 .debug_line    0x00000000000081b6      0xb8f ./Drivers/STM32L4xx_HAL_Driver/Src/stm32l4xx_hal_gpio.o
 .debug_line    0x0000000000008d45      0xd94 ./Drivers/STM32L4xx_HAL_Driver/Src/stm32l4xx_hal_pwr_ex.o
 .debug_line    0x0000000000009ad9     0x1090 ./Drivers/STM32L4xx_HAL_Driver/Src/stm32l4xx_hal_rcc.o
 .debug_line    0x000000000000ab69     0x19c5 ./Drivers/STM32L4xx_HAL_Driver/Src/stm32l4xx_hal_rcc_ex.o
 .debug_line    0x000000000000c52e     0x1f6d ./Drivers/STM32L4xx_HAL_Driver/Src/stm32l4xx_hal_spi.o
 .debug_line    0x000000000000e49b     0x3d6d ./Drivers/STM32L4xx_HAL_Driver/Src/stm32l4xx_hal_tim.o
 .debug_line    0x0000000000012208     0x1c2c ./Drivers/STM32L4xx_HAL_Driver/Src/stm32l4xx_hal_tim_ex.o
 .debug_line    0x0000000000013e34     0x3ba6 ./Drivers/STM32L4xx_HAL_Driver/Src/stm32l4xx_hal_uart.o
 .debug_line    0x00000000000179da      0xdcf ./Drivers/STM32L4xx_HAL_Driver/Src/stm32l4xx_hal_uart_ex.o

.debug_str      0x0000000000000000   0x12f37f
 .debug_str     0x0000000000000000     0x7d86 ./Core/Src/format.o
                                       0x7fb6 (size before relaxing)
 .debug_str     0x0000000000007d86   0x12067a ./Core/Src/iis3dwb.o
                                     0x1287e6 (size before relaxing)
 .debug_str     0x0000000000128400      0x714 ./Core/Src/iis3dwb_app.o
                                     0x128e62 (size before relaxing)
 .debug_str     0x0000000000128b14     0x15f5 ./Core/Src/iis3dwb_reg.o
                                       0x9ac5 (size before relaxing)
 .debug_str     0x000000000012a109      0xaa9 ./Core/Src/main.o
                                     0x129598 (size before relaxing)
 .debug_str     0x000000000012abb2      0x366 ./Core/Src/stm32l4xx_hal_msp.o
                                     0x1296ed (size before relaxing)
 .debug_str     0x000000000012af18       0xe9 ./Core/Src/stm32l4xx_it.o
                                     0x128b67 (size before relaxing)
 .debug_str     0x000000000012b001       0xb8 ./Core/Src/system_stm32l4xx.o
                                     0x122ece (size before relaxing)
 .debug_str     0x000000000012b0b9       0x36 ./Core/Startup/startup_stm32l4r9zijx.o
                                         0x75 (size before relaxing)
 .debug_str     0x000000000012b0ef      0x5bc ./Drivers/STM32L4xx_HAL_Driver/Src/stm32l4xx_hal.o
                                     0x123a36 (size before relaxing)
 .debug_str     0x000000000012b6ab      0x389 ./Drivers/STM32L4xx_HAL_Driver/Src/stm32l4xx_hal_cortex.o
                                     0x123781 (size before relaxing)
 .debug_str     0x000000000012ba34      0x2a9 ./Drivers/STM32L4xx_HAL_Driver/Src/stm32l4xx_hal_dma.o
                                     0x12325f (size before relaxing)
 .debug_str     0x000000000012bcdd      0x13b ./Drivers/STM32L4xx_HAL_Driver/Src/stm32l4xx_hal_gpio.o
                                     0x123080 (size before relaxing)
 .debug_str     0x000000000012be18      0x586 ./Drivers/STM32L4xx_HAL_Driver/Src/stm32l4xx_hal_pwr_ex.o
                                     0x1234b7 (size before relaxing)
 .debug_str     0x000000000012c39e      0x3f2 ./Drivers/STM32L4xx_HAL_Driver/Src/stm32l4xx_hal_rcc.o
                                     0x1234e1 (size before relaxing)
 .debug_str     0x000000000012c790      0x5ac ./Drivers/STM32L4xx_HAL_Driver/Src/stm32l4xx_hal_rcc_ex.o
                                     0x1238c2 (size before relaxing)
 .debug_str     0x000000000012cd3c      0x58f ./Drivers/STM32L4xx_HAL_Driver/Src/stm32l4xx_hal_spi.o
                                     0x12376e (size before relaxing)
 .debug_str     0x000000000012d2cb      0xe1d ./Drivers/STM32L4xx_HAL_Driver/Src/stm32l4xx_hal_tim.o
                                     0x124239 (size before relaxing)
 .debug_str     0x000000000012e0e8      0x65b ./Drivers/STM32L4xx_HAL_Driver/Src/stm32l4xx_hal_tim_ex.o
                                     0x123b0b (size before relaxing)
 .debug_str     0x000000000012e743      0x95e ./Drivers/STM32L4xx_HAL_Driver/Src/stm32l4xx_hal_uart.o
                                     0x123d3c (size before relaxing)
 .debug_str     0x000000000012f0a1      0x2de ./Drivers/STM32L4xx_HAL_Driver/Src/stm32l4xx_hal_uart_ex.o
                                     0x12357d (size before relaxing)

.comment        0x0000000000000000       0x53
 .comment       0x0000000000000000       0x53 ./Core/Src/format.o
                                         0x54 (size before relaxing)
 .comment       0x0000000000000053       0x54 ./Core/Src/iis3dwb.o
 .comment       0x0000000000000053       0x54 ./Core/Src/iis3dwb_app.o
 .comment       0x0000000000000053       0x54 ./Core/Src/iis3dwb_reg.o
 .comment       0x0000000000000053       0x54 ./Core/Src/main.o
 .comment       0x0000000000000053       0x54 ./Core/Src/stm32l4xx_hal_msp.o
 .comment       0x0000000000000053       0x54 ./Core/Src/stm32l4xx_it.o
 .comment       0x0000000000000053       0x54 ./Core/Src/system_stm32l4xx.o
 .comment       0x0000000000000053       0x54 ./Drivers/STM32L4xx_HAL_Driver/Src/stm32l4xx_hal.o
 .comment       0x0000000000000053       0x54 ./Drivers/STM32L4xx_HAL_Driver/Src/stm32l4xx_hal_cortex.o
 .comment       0x0000000000000053       0x54 ./Drivers/STM32L4xx_HAL_Driver/Src/stm32l4xx_hal_dma.o
 .comment       0x0000000000000053       0x54 ./Drivers/STM32L4xx_HAL_Driver/Src/stm32l4xx_hal_gpio.o
 .comment       0x0000000000000053       0x54 ./Drivers/STM32L4xx_HAL_Driver/Src/stm32l4xx_hal_pwr_ex.o
 .comment       0x0000000000000053       0x54 ./Drivers/STM32L4xx_HAL_Driver/Src/stm32l4xx_hal_rcc.o
 .comment       0x0000000000000053       0x54 ./Drivers/STM32L4xx_HAL_Driver/Src/stm32l4xx_hal_rcc_ex.o
 .comment       0x0000000000000053       0x54 ./Drivers/STM32L4xx_HAL_Driver/Src/stm32l4xx_hal_spi.o
 .comment       0x0000000000000053       0x54 ./Drivers/STM32L4xx_HAL_Driver/Src/stm32l4xx_hal_tim.o
 .comment       0x0000000000000053       0x54 ./Drivers/STM32L4xx_HAL_Driver/Src/stm32l4xx_hal_tim_ex.o
 .comment       0x0000000000000053       0x54 ./Drivers/STM32L4xx_HAL_Driver/Src/stm32l4xx_hal_uart.o
 .comment       0x0000000000000053       0x54 ./Drivers/STM32L4xx_HAL_Driver/Src/stm32l4xx_hal_uart_ex.o

.debug_frame    0x0000000000000000     0x61b4
 .debug_frame   0x0000000000000000       0xac ./Core/Src/format.o
 .debug_frame   0x00000000000000ac       0x90 ./Core/Src/iis3dwb.o
 .debug_frame   0x000000000000013c       0x80 ./Core/Src/iis3dwb_app.o
 .debug_frame   0x00000000000001bc      0xf88 ./Core/Src/iis3dwb_reg.o
 .debug_frame   0x0000000000001144      0x154 ./Core/Src/main.o
 .debug_frame   0x0000000000001298      0x114 ./Core/Src/stm32l4xx_hal_msp.o
 .debug_frame   0x00000000000013ac      0x158 ./Core/Src/stm32l4xx_it.o
 .debug_frame   0x0000000000001504       0x58 ./Core/Src/system_stm32l4xx.o
 .debug_frame   0x000000000000155c      0x498 ./Drivers/STM32L4xx_HAL_Driver/Src/stm32l4xx_hal.o
 .debug_frame   0x00000000000019f4      0x498 ./Drivers/STM32L4xx_HAL_Driver/Src/stm32l4xx_hal_cortex.o
 .debug_frame   0x0000000000001e8c      0x24c ./Drivers/STM32L4xx_HAL_Driver/Src/stm32l4xx_hal_dma.o
 .debug_frame   0x00000000000020d8      0x14c ./Drivers/STM32L4xx_HAL_Driver/Src/stm32l4xx_hal_gpio.o
 .debug_frame   0x0000000000002224      0x5c4 ./Drivers/STM32L4xx_HAL_Driver/Src/stm32l4xx_hal_pwr_ex.o
 .debug_frame   0x00000000000027e8      0x248 ./Drivers/STM32L4xx_HAL_Driver/Src/stm32l4xx_hal_rcc.o
 .debug_frame   0x0000000000002a30      0x464 ./Drivers/STM32L4xx_HAL_Driver/Src/stm32l4xx_hal_rcc_ex.o
 .debug_frame   0x0000000000002e94      0x860 ./Drivers/STM32L4xx_HAL_Driver/Src/stm32l4xx_hal_spi.o
 .debug_frame   0x00000000000036f4     0x121c ./Drivers/STM32L4xx_HAL_Driver/Src/stm32l4xx_hal_tim.o
 .debug_frame   0x0000000000004910      0x6b0 ./Drivers/STM32L4xx_HAL_Driver/Src/stm32l4xx_hal_tim_ex.o
 .debug_frame   0x0000000000004fc0      0xa8c ./Drivers/STM32L4xx_HAL_Driver/Src/stm32l4xx_hal_uart.o
 .debug_frame   0x0000000000005a4c      0x29c ./Drivers/STM32L4xx_HAL_Driver/Src/stm32l4xx_hal_uart_ex.o
 .debug_frame   0x0000000000005ce8       0x20 c:/st/stm32cubeide_1.0.2/stm32cubeide/plugins/com.st.stm32cube.ide.mcu.externaltools.gnu-tools-for-stm32.9-2020-q2-update.win32_2.0.0.202105311346/tools/bin/../lib/gcc/arm-none-eabi/9.3.1/../../../../arm-none-eabi/lib/thumb/v7e-m+fp/hard\libc_nano.a(lib_a-errno.o)
 .debug_frame   0x0000000000005d08       0x2c c:/st/stm32cubeide_1.0.2/stm32cubeide/plugins/com.st.stm32cube.ide.mcu.externaltools.gnu-tools-for-stm32.9-2020-q2-update.win32_2.0.0.202105311346/tools/bin/../lib/gcc/arm-none-eabi/9.3.1/../../../../arm-none-eabi/lib/thumb/v7e-m+fp/hard\libc_nano.a(lib_a-init.o)
 .debug_frame   0x0000000000005d34       0x28 c:/st/stm32cubeide_1.0.2/stm32cubeide/plugins/com.st.stm32cube.ide.mcu.externaltools.gnu-tools-for-stm32.9-2020-q2-update.win32_2.0.0.202105311346/tools/bin/../lib/gcc/arm-none-eabi/9.3.1/../../../../arm-none-eabi/lib/thumb/v7e-m+fp/hard\libc_nano.a(lib_a-memcpy-stub.o)
 .debug_frame   0x0000000000005d5c       0x20 c:/st/stm32cubeide_1.0.2/stm32cubeide/plugins/com.st.stm32cube.ide.mcu.externaltools.gnu-tools-for-stm32.9-2020-q2-update.win32_2.0.0.202105311346/tools/bin/../lib/gcc/arm-none-eabi/9.3.1/../../../../arm-none-eabi/lib/thumb/v7e-m+fp/hard\libc_nano.a(lib_a-memset.o)
 .debug_frame   0x0000000000005d7c       0x34 c:/st/stm32cubeide_1.0.2/stm32cubeide/plugins/com.st.stm32cube.ide.mcu.externaltools.gnu-tools-for-stm32.9-2020-q2-update.win32_2.0.0.202105311346/tools/bin/../lib/gcc/arm-none-eabi/9.3.1/../../../../arm-none-eabi/lib/thumb/v7e-m+fp/hard\libm.a(lib_a-w_pow.o)
 .debug_frame   0x0000000000005db0       0xa8 c:/st/stm32cubeide_1.0.2/stm32cubeide/plugins/com.st.stm32cube.ide.mcu.externaltools.gnu-tools-for-stm32.9-2020-q2-update.win32_2.0.0.202105311346/tools/bin/../lib/gcc/arm-none-eabi/9.3.1/../../../../arm-none-eabi/lib/thumb/v7e-m+fp/hard\libm.a(lib_a-e_pow.o)
 .debug_frame   0x0000000000005e58       0x30 c:/st/stm32cubeide_1.0.2/stm32cubeide/plugins/com.st.stm32cube.ide.mcu.externaltools.gnu-tools-for-stm32.9-2020-q2-update.win32_2.0.0.202105311346/tools/bin/../lib/gcc/arm-none-eabi/9.3.1/../../../../arm-none-eabi/lib/thumb/v7e-m+fp/hard\libm.a(lib_a-e_sqrt.o)
 .debug_frame   0x0000000000005e88       0x20 c:/st/stm32cubeide_1.0.2/stm32cubeide/plugins/com.st.stm32cube.ide.mcu.externaltools.gnu-tools-for-stm32.9-2020-q2-update.win32_2.0.0.202105311346/tools/bin/../lib/gcc/arm-none-eabi/9.3.1/../../../../arm-none-eabi/lib/thumb/v7e-m+fp/hard\libm.a(lib_a-s_fabs.o)
 .debug_frame   0x0000000000005ea8       0x28 c:/st/stm32cubeide_1.0.2/stm32cubeide/plugins/com.st.stm32cube.ide.mcu.externaltools.gnu-tools-for-stm32.9-2020-q2-update.win32_2.0.0.202105311346/tools/bin/../lib/gcc/arm-none-eabi/9.3.1/../../../../arm-none-eabi/lib/thumb/v7e-m+fp/hard\libm.a(lib_a-s_finite.o)
 .debug_frame   0x0000000000005ed0       0x20 c:/st/stm32cubeide_1.0.2/stm32cubeide/plugins/com.st.stm32cube.ide.mcu.externaltools.gnu-tools-for-stm32.9-2020-q2-update.win32_2.0.0.202105311346/tools/bin/../lib/gcc/arm-none-eabi/9.3.1/../../../../arm-none-eabi/lib/thumb/v7e-m+fp/hard\libm.a(lib_a-s_nan.o)