iis3dwb_st.c:86:9:IIS3DWB_RegisterBusIO	24	static
iis3dwb_st.c:126:9:IIS3DWB_Init	16	static
iis3dwb_st.c:169:9:IIS3DWB_DeInit	16	static
iis3dwb_st.c:188:9:IIS3DWB_ReadID	16	static
iis3dwb_st.c:204:9:IIS3DWB_GetCapabilities	16	static
iis3dwb_st.c:227:9:IIS3DWB_ACC_Enable	16	static
iis3dwb_st.c:245:9:IIS3DWB_ACC_Disable	16	static
iis3dwb_st.c:270:9:IIS3DWB_ACC_GetSensitivity	24	static
iis3dwb_st.c:314:9:IIS3DWB_ACC_GetOutputDataRate	24	static
iis3dwb_st.c:347:9:IIS3DWB_ACC_SetOutputDataRate	24	static
iis3dwb_st.c:369:9:IIS3DWB_ACC_GetFullScale	24	static
iis3dwb_st.c:413:9:IIS3DWB_ACC_SetFullScale	24	static
iis3dwb_st.c:438:9:IIS3DWB_ACC_GetAxesRaw	32	static
iis3dwb_st.c:463:9:IIS3DWB_ACC_GetAxes	32	static
iis3dwb_st.c:495:9:IIS3DWB_Read_Reg	24	static
iis3dwb_st.c:512:9:IIS3DWB_Write_Reg	16	static
iis3dwb_st.c:527:9:IIS3DWB_ACC_Enable_Wake_Up_Detection	24	static
iis3dwb_st.c:564:9:IIS3DWB_ACC_Disable_Wake_Up_Detection	24	static
iis3dwb_st.c:615:9:IIS3DWB_ACC_Set_Wake_Up_Threshold	16	static
iis3dwb_st.c:632:9:IIS3DWB_ACC_Set_Wake_Up_Duration	16	static
iis3dwb_st.c:650:9:IIS3DWB_ACC_Set_Sleep_Duration	16	static
iis3dwb_st.c:667:9:IIS3DWB_ACC_Get_Event_Status	32	static
iis3dwb_st.c:714:9:IIS3DWB_ACC_Get_DRDY_Status	16	static
iis3dwb_st.c:730:9:IIS3DWB_ACC_Get_Init_Status	16	static
iis3dwb_st.c:748:9:IIS3DWB_Filter_Set	16	static
iis3dwb_st.c:764:9:IIS3DWB_Set_Drdy_Mode	16	static
iis3dwb_st.c:780:9:IIS3DWB_INT1_Set_Drdy	24	static
iis3dwb_st.c:805:9:IIS3DWB_INT1_Set_FIFO_Full	24	static
iis3dwb_st.c:830:9:IIS3DWB_INT2_Set_Drdy	24	static
iis3dwb_st.c:855:9:IIS3DWB_INT2_Set_FIFO_Full	24	static
iis3dwb_st.c:880:9:IIS3DWB_INT2_Set_FIFO_Threshold	24	static
iis3dwb_st.c:905:9:IIS3DWB_INT1_Set_FIFO_Threshold	24	static
iis3dwb_st.c:930:9:IIS3DWB_Reset	16	static
iis3dwb_st.c:941:9:IIS3DWB_FIFO_Set_Watermark_Level	16	static
iis3dwb_st.c:957:9:IIS3DWB_FIFO_Set_Stop_On_Fth	16	static
iis3dwb_st.c:973:9:IIS3DWB_FIFO_Set_BDR	24	static
iis3dwb_st.c:994:9:IIS3DWB_FIFO_Set_TS_Decimation	16	static
iis3dwb_st.c:1011:9:IIS3DWB_FIFO_Set_T_BDR	16	static
iis3dwb_st.c:1028:9:IIS3DWB_FIFO_Read	24	static
iis3dwb_st.c:1044:9:IIS3DWB_FIFO_Set_Mode	24	static
iis3dwb_st.c:1083:9:IIS3DWB_FIFO_Get_Full_Status	24	static
iis3dwb_st.c:1103:9:IIS3DWB_FIFO_Get_Num_Samples	16	static
iis3dwb_st.c:1130:16:ReadRegWrap	40	static
iis3dwb_st.c:1145:16:WriteRegWrap	40	static
