iis3dwb_reg.c:49:9:iis3dwb_read_reg	40	static
iis3dwb_reg.c:67:9:iis3dwb_write_reg	40	static
iis3dwb_reg.c:87:9:iis3dwb_from_fs2g_to_mg	16	static
iis3dwb_reg.c:92:9:iis3dwb_from_fs4g_to_mg	16	static
iis3dwb_reg.c:97:9:iis3dwb_from_fs8g_to_mg	16	static
iis3dwb_reg.c:102:9:iis3dwb_from_fs16g_to_mg	16	static
iis3dwb_reg.c:107:9:iis3dwb_from_lsb_to_celsius	16	static
iis3dwb_reg.c:112:9:iis3dwb_from_lsb_to_nsec	16	static
iis3dwb_reg.c:138:9:iis3dwb_xl_full_scale_set	24	static
iis3dwb_reg.c:161:9:iis3dwb_xl_full_scale_get	24	static
iis3dwb_reg.c:196:9:iis3dwb_xl_data_rate_set	24	static
iis3dwb_reg.c:219:9:iis3dwb_xl_data_rate_get	24	static
iis3dwb_reg.c:248:9:iis3dwb_block_data_update_set	24	static
iis3dwb_reg.c:269:9:iis3dwb_block_data_update_get	24	static
iis3dwb_reg.c:289:9:iis3dwb_xl_offset_weight_set	24	static
iis3dwb_reg.c:312:9:iis3dwb_xl_offset_weight_get	24	static
iis3dwb_reg.c:343:9:iis3dwb_xl_axis_selection_set	32	static
iis3dwb_reg.c:374:9:iis3dwb_xl_axis_selection_get	32	static
iis3dwb_reg.c:424:9:iis3dwb_all_sources_get	24	static
iis3dwb_reg.c:451:9:iis3dwb_status_reg_get	24	static
iis3dwb_reg.c:467:9:iis3dwb_xl_flag_data_ready_get	24	static
iis3dwb_reg.c:487:9:iis3dwb_temp_flag_data_ready_get	24	static
iis3dwb_reg.c:509:9:iis3dwb_xl_usr_offset_x_set	24	static
iis3dwb_reg.c:526:9:iis3dwb_xl_usr_offset_x_get	24	static
iis3dwb_reg.c:543:9:iis3dwb_xl_usr_offset_y_set	24	static
iis3dwb_reg.c:560:9:iis3dwb_xl_usr_offset_y_get	24	static
iis3dwb_reg.c:577:9:iis3dwb_xl_usr_offset_z_set	24	static
iis3dwb_reg.c:594:9:iis3dwb_xl_usr_offset_z_get	24	static
iis3dwb_reg.c:622:9:iis3dwb_timestamp_set	24	static
iis3dwb_reg.c:644:9:iis3dwb_timestamp_get	24	static
iis3dwb_reg.c:665:9:iis3dwb_timestamp_raw_get	24	static
iis3dwb_reg.c:692:9:iis3dwb_rounding_mode_set	24	static
iis3dwb_reg.c:714:9:iis3dwb_rounding_mode_get	24	static
iis3dwb_reg.c:745:9:iis3dwb_temperature_raw_get	24	static
iis3dwb_reg.c:761:9:iis3dwb_acceleration_raw_get	24	static
iis3dwb_reg.c:776:9:iis3dwb_fifo_out_raw_get	24	static
iis3dwb_reg.c:805:9:iis3dwb_odr_cal_reg_set	24	static
iis3dwb_reg.c:830:9:iis3dwb_odr_cal_reg_get	24	static
iis3dwb_reg.c:851:9:iis3dwb_data_ready_mode_set	24	static
iis3dwb_reg.c:876:9:iis3dwb_data_ready_mode_get	24	static
iis3dwb_reg.c:906:9:iis3dwb_device_id_get	24	static
iis3dwb_reg.c:921:9:iis3dwb_reset_set	24	static
iis3dwb_reg.c:942:9:iis3dwb_reset_get	24	static
iis3dwb_reg.c:962:9:iis3dwb_auto_increment_set	24	static
iis3dwb_reg.c:984:9:iis3dwb_auto_increment_get	24	static
iis3dwb_reg.c:1003:9:iis3dwb_boot_set	24	static
iis3dwb_reg.c:1024:9:iis3dwb_boot_get	24	static
iis3dwb_reg.c:1045:9:iis3dwb_xl_self_test_set	24	static
iis3dwb_reg.c:1067:9:iis3dwb_xl_self_test_get	24	static
iis3dwb_reg.c:1115:9:iis3dwb_xl_filter_lp2_set	24	static
iis3dwb_reg.c:1137:9:iis3dwb_xl_filter_lp2_get	24	static
iis3dwb_reg.c:1157:9:iis3dwb_filter_settling_mask_set	24	static
iis3dwb_reg.c:1179:9:iis3dwb_filter_settling_mask_get	24	static
iis3dwb_reg.c:1200:9:iis3dwb_xl_hp_path_on_out_set	32	static
iis3dwb_reg.c:1233:9:iis3dwb_xl_hp_path_on_out_get	32	static
iis3dwb_reg.c:1315:9:iis3dwb_xl_fast_settling_set	24	static
iis3dwb_reg.c:1339:9:iis3dwb_xl_fast_settling_get	24	static
iis3dwb_reg.c:1359:9:iis3dwb_xl_hp_path_internal_set	24	static
iis3dwb_reg.c:1383:9:iis3dwb_xl_hp_path_internal_get	24	static
iis3dwb_reg.c:1425:9:iis3dwb_sdo_sa0_mode_set	24	static
iis3dwb_reg.c:1447:9:iis3dwb_sdo_sa0_mode_get	24	static
iis3dwb_reg.c:1477:9:iis3dwb_spi_mode_set	24	static
iis3dwb_reg.c:1498:9:iis3dwb_spi_mode_get	24	static
iis3dwb_reg.c:1527:9:iis3dwb_i2c_interface_set	24	static
iis3dwb_reg.c:1549:9:iis3dwb_i2c_interface_get	24	static
iis3dwb_reg.c:1579:9:iis3dwb_i3c_disable_set	24	static
iis3dwb_reg.c:1601:9:iis3dwb_i3c_disable_get	24	static
iis3dwb_reg.c:1644:9:iis3dwb_pin_int1_route_set	24	static
iis3dwb_reg.c:1667:9:iis3dwb_pin_int1_route_get	24	static
iis3dwb_reg.c:1690:9:iis3dwb_pin_int2_route_set	24	static
iis3dwb_reg.c:1715:9:iis3dwb_pin_int2_route_get	24	static
iis3dwb_reg.c:1737:9:iis3dwb_pin_mode_set	24	static
iis3dwb_reg.c:1758:9:iis3dwb_pin_mode_get	24	static
iis3dwb_reg.c:1787:9:iis3dwb_pin_polarity_set	24	static
iis3dwb_reg.c:1809:9:iis3dwb_pin_polarity_get	24	static
iis3dwb_reg.c:1839:9:iis3dwb_all_on_int1_set	24	static
iis3dwb_reg.c:1860:9:iis3dwb_all_on_int1_get	24	static
iis3dwb_reg.c:1894:9:iis3dwb_wkup_ths_weight_set	24	static
iis3dwb_reg.c:1920:9:iis3dwb_wkup_ths_weight_get	24	static
iis3dwb_reg.c:1952:9:iis3dwb_wkup_threshold_set	24	static
iis3dwb_reg.c:1976:9:iis3dwb_wkup_threshold_get	24	static
iis3dwb_reg.c:1996:9:iis3dwb_xl_usr_offset_on_wkup_set	24	static
iis3dwb_reg.c:2019:9:iis3dwb_xl_usr_offset_on_wkup_get	24	static
iis3dwb_reg.c:2040:9:iis3dwb_wkup_dur_set	24	static
iis3dwb_reg.c:2063:9:iis3dwb_wkup_dur_get	24	static
iis3dwb_reg.c:2096:9:iis3dwb_act_sleep_dur_set	24	static
iis3dwb_reg.c:2119:9:iis3dwb_act_sleep_dur_get	24	static
iis3dwb_reg.c:2152:9:iis3dwb_fifo_watermark_set	32	static
iis3dwb_reg.c:2181:9:iis3dwb_fifo_watermark_get	32	static
iis3dwb_reg.c:2208:9:iis3dwb_fifo_stop_on_wtm_set	24	static
iis3dwb_reg.c:2232:9:iis3dwb_fifo_stop_on_wtm_get	24	static
iis3dwb_reg.c:2253:9:iis3dwb_fifo_xl_batch_set	24	static
iis3dwb_reg.c:2278:9:iis3dwb_fifo_xl_batch_get	24	static
iis3dwb_reg.c:2309:9:iis3dwb_fifo_mode_set	24	static
iis3dwb_reg.c:2333:9:iis3dwb_fifo_mode_get	24	static
iis3dwb_reg.c:2377:9:iis3dwb_fifo_temp_batch_set	24	static
iis3dwb_reg.c:2402:9:iis3dwb_fifo_temp_batch_get	24	static
iis3dwb_reg.c:2435:9:iis3dwb_fifo_timestamp_decimation_set	24	static
iis3dwb_reg.c:2462:9:iis3dwb_fifo_timestamp_decimation_get	24	static
iis3dwb_reg.c:2500:9:iis3dwb_rst_batch_counter_set	24	static
iis3dwb_reg.c:2524:9:iis3dwb_rst_batch_counter_get	24	static
iis3dwb_reg.c:2545:9:iis3dwb_batch_counter_threshold_set	32	static
iis3dwb_reg.c:2575:9:iis3dwb_batch_counter_threshold_get	32	static
iis3dwb_reg.c:2603:9:iis3dwb_fifo_data_level_get	32	static
iis3dwb_reg.c:2629:9:iis3dwb_fifo_status_get	24	static
iis3dwb_reg.c:2645:9:iis3dwb_fifo_full_flag_get	24	static
iis3dwb_reg.c:2666:9:iis3dwb_fifo_ovr_flag_get	24	static
iis3dwb_reg.c:2686:9:iis3dwb_fifo_wtm_flag_get	24	static
iis3dwb_reg.c:2706:9:iis3dwb_fifo_sensor_tag_get	24	static
